Archive member included to satisfy reference by file (symbol)

/home/bsaleh/gcc-arm/bin/../lib/gcc/arm-none-eabi/6.2.1/thumb/v7e-m/libgcc.a(_arm_addsubdf3.o)
                              ./Src/config.o (__aeabi_i2d)
/home/bsaleh/gcc-arm/bin/../lib/gcc/arm-none-eabi/6.2.1/thumb/v7e-m/libgcc.a(_arm_muldivdf3.o)
                              ./Src/config.o (__aeabi_dmul)
/home/bsaleh/gcc-arm/bin/../lib/gcc/arm-none-eabi/6.2.1/thumb/v7e-m/libgcc.a(_arm_truncdfsf2.o)
                              ./Src/config.o (__aeabi_d2f)
/home/bsaleh/gcc-arm/bin/../lib/gcc/arm-none-eabi/6.2.1/thumb/v7e-m/libgcc.a(_arm_fixsfsi.o)
                              ./Src/config.o (__aeabi_f2iz)
/home/bsaleh/gcc-arm/bin/../lib/gcc/arm-none-eabi/6.2.1/../../../../arm-none-eabi/lib/thumb/v7e-m/libg_nano.a(lib_a-errno.o)
                              ./system/Src/newlib/_sbrk.o (__errno)
/home/bsaleh/gcc-arm/bin/../lib/gcc/arm-none-eabi/6.2.1/../../../../arm-none-eabi/lib/thumb/v7e-m/libg_nano.a(lib_a-impure.o)
                              /home/bsaleh/gcc-arm/bin/../lib/gcc/arm-none-eabi/6.2.1/../../../../arm-none-eabi/lib/thumb/v7e-m/libg_nano.a(lib_a-errno.o) (_impure_ptr)
/home/bsaleh/gcc-arm/bin/../lib/gcc/arm-none-eabi/6.2.1/../../../../arm-none-eabi/lib/thumb/v7e-m/libg_nano.a(lib_a-vsnprintf.o)
                              ./Src/config.o (vsnprintf)
/home/bsaleh/gcc-arm/bin/../lib/gcc/arm-none-eabi/6.2.1/../../../../arm-none-eabi/lib/thumb/v7e-m/libg_nano.a(lib_a-nano-svfprintf.o)
                              /home/bsaleh/gcc-arm/bin/../lib/gcc/arm-none-eabi/6.2.1/../../../../arm-none-eabi/lib/thumb/v7e-m/libg_nano.a(lib_a-vsnprintf.o) (_svfprintf_r)
/home/bsaleh/gcc-arm/bin/../lib/gcc/arm-none-eabi/6.2.1/../../../../arm-none-eabi/lib/thumb/v7e-m/libg_nano.a(lib_a-nano-vfprintf_i.o)
                              /home/bsaleh/gcc-arm/bin/../lib/gcc/arm-none-eabi/6.2.1/../../../../arm-none-eabi/lib/thumb/v7e-m/libg_nano.a(lib_a-nano-svfprintf.o) (_printf_i)
/home/bsaleh/gcc-arm/bin/../lib/gcc/arm-none-eabi/6.2.1/../../../../arm-none-eabi/lib/thumb/v7e-m/libg_nano.a(lib_a-memchr.o)
                              /home/bsaleh/gcc-arm/bin/../lib/gcc/arm-none-eabi/6.2.1/../../../../arm-none-eabi/lib/thumb/v7e-m/libg_nano.a(lib_a-nano-svfprintf.o) (memchr)
/home/bsaleh/gcc-arm/bin/../lib/gcc/arm-none-eabi/6.2.1/../../../../arm-none-eabi/lib/thumb/v7e-m/libg_nano.a(lib_a-memcpy-stub.o)
                              /home/bsaleh/gcc-arm/bin/../lib/gcc/arm-none-eabi/6.2.1/../../../../arm-none-eabi/lib/thumb/v7e-m/libg_nano.a(lib_a-nano-svfprintf.o) (memcpy)
/home/bsaleh/gcc-arm/bin/../lib/gcc/arm-none-eabi/6.2.1/../../../../arm-none-eabi/lib/thumb/v7e-m/libg_nano.a(lib_a-memmove.o)
                              /home/bsaleh/gcc-arm/bin/../lib/gcc/arm-none-eabi/6.2.1/../../../../arm-none-eabi/lib/thumb/v7e-m/libg_nano.a(lib_a-nano-svfprintf.o) (memmove)
/home/bsaleh/gcc-arm/bin/../lib/gcc/arm-none-eabi/6.2.1/../../../../arm-none-eabi/lib/thumb/v7e-m/libg_nano.a(lib_a-nano-freer.o)
                              /home/bsaleh/gcc-arm/bin/../lib/gcc/arm-none-eabi/6.2.1/../../../../arm-none-eabi/lib/thumb/v7e-m/libg_nano.a(lib_a-nano-svfprintf.o) (_free_r)
/home/bsaleh/gcc-arm/bin/../lib/gcc/arm-none-eabi/6.2.1/../../../../arm-none-eabi/lib/thumb/v7e-m/libg_nano.a(lib_a-nano-mallocr.o)
                              /home/bsaleh/gcc-arm/bin/../lib/gcc/arm-none-eabi/6.2.1/../../../../arm-none-eabi/lib/thumb/v7e-m/libg_nano.a(lib_a-nano-svfprintf.o) (_malloc_r)
/home/bsaleh/gcc-arm/bin/../lib/gcc/arm-none-eabi/6.2.1/../../../../arm-none-eabi/lib/thumb/v7e-m/libg_nano.a(lib_a-nano-reallocr.o)
                              /home/bsaleh/gcc-arm/bin/../lib/gcc/arm-none-eabi/6.2.1/../../../../arm-none-eabi/lib/thumb/v7e-m/libg_nano.a(lib_a-nano-svfprintf.o) (_realloc_r)
/home/bsaleh/gcc-arm/bin/../lib/gcc/arm-none-eabi/6.2.1/../../../../arm-none-eabi/lib/thumb/v7e-m/libg_nano.a(lib_a-sbrkr.o)
                              /home/bsaleh/gcc-arm/bin/../lib/gcc/arm-none-eabi/6.2.1/../../../../arm-none-eabi/lib/thumb/v7e-m/libg_nano.a(lib_a-nano-mallocr.o) (_sbrk_r)
/home/bsaleh/gcc-arm/bin/../lib/gcc/arm-none-eabi/6.2.1/../../../../arm-none-eabi/lib/thumb/v7e-m/libg_nano.a(lib_a-mlock.o)
                              /home/bsaleh/gcc-arm/bin/../lib/gcc/arm-none-eabi/6.2.1/../../../../arm-none-eabi/lib/thumb/v7e-m/libg_nano.a(lib_a-nano-freer.o) (__malloc_lock)
/home/bsaleh/gcc-arm/bin/../lib/gcc/arm-none-eabi/6.2.1/../../../../arm-none-eabi/lib/thumb/v7e-m/libg_nano.a(lib_a-nano-msizer.o)
                              /home/bsaleh/gcc-arm/bin/../lib/gcc/arm-none-eabi/6.2.1/../../../../arm-none-eabi/lib/thumb/v7e-m/libg_nano.a(lib_a-nano-reallocr.o) (_malloc_usable_size_r)

Allocating common symbols
Common symbol       size              file

errno               0x4               ./system/Src/newlib/_syscalls.o
uwTick              0x4               ./system/Src/stm32f4-hal/stm32f4xx_hal.o
[...]
Memory Configuration

Name             Origin             Length             Attributes
RAM              0x0000000020000000 0x0000000000010000 xrw
CCMRAM           0x0000000010000000 0x0000000000000000 xrw
FLASH            0x0000000008000000 0x00000000001f4000 xr
FLASHB1          0x0000000000000000 0x0000000000000000 xr
EXTMEMB0         0x0000000000000000 0x0000000000000000 xr
EXTMEMB1         0x0000000000000000 0x0000000000000000 xr
EXTMEMB2         0x0000000000000000 0x0000000000000000 xr
EXTMEMB3         0x0000000000000000 0x0000000000000000 xr
*default*        0x0000000000000000 0xffffffffffffffff

Linker script and memory map

LOAD ./system/Src/stm32f4-hal/stm32f4xx_hal.o
LOAD ./system/Src/stm32f4-hal/stm32f4xx_hal_cortex.o
LOAD ./system/Src/stm32f4-hal/stm32f4xx_hal_dfsdm.o
LOAD ./system/Src/stm32f4-hal/stm32f4xx_hal_dma.o
LOAD ./system/Src/stm32f4-hal/stm32f4xx_hal_flash.o
LOAD ./system/Src/stm32f4-hal/stm32f4xx_hal_flash_ex.o
LOAD ./system/Src/stm32f4-hal/stm32f4xx_hal_gpio.o
LOAD ./system/Src/stm32f4-hal/stm32f4xx_hal_i2c.o
LOAD ./system/Src/stm32f4-hal/stm32f4xx_hal_iwdg.o
LOAD ./system/Src/stm32f4-hal/stm32f4xx_hal_pwr.o
LOAD ./system/Src/stm32f4-hal/stm32f4xx_hal_pwr_ex.o
LOAD ./system/Src/stm32f4-hal/stm32f4xx_hal_rcc.o
LOAD ./system/Src/stm32f4-hal/stm32f4xx_hal_rcc_ex.o
LOAD ./system/Src/stm32f4-hal/stm32f4xx_hal_spi.o
LOAD ./system/Src/stm32f4-hal/stm32f4xx_hal_uart.o
LOAD ./system/Src/newlib/_cxx.o
LOAD ./system/Src/newlib/_exit.o
LOAD ./system/Src/newlib/_sbrk.o
LOAD ./system/Src/newlib/_startup.o
LOAD ./system/Src/newlib/_syscalls.o
LOAD ./system/Src/newlib/assert.o
LOAD ./system/Src/diag/Trace.o
LOAD ./system/Src/diag/trace_impl.o
LOAD ./system/Src/cortexm/_initialize_hardware.o
LOAD ./system/Src/cortexm/_reset_hardware.o
LOAD ./system/Src/cortexm/exception_handlers.o
LOAD ./system/Src/cmsis/system_stm32f4xx.o
LOAD ./system/Src/cmsis/vectors_stm32f469xx.o
LOAD ./system/Src/stm32469i_discovery.o
LOAD ./Src/_initialize_hardware.o
LOAD ./Src/_write.o
LOAD ./Src/config.o
LOAD ./Src/main.o
LOAD ./Src/stm32f4xx_hal_msp.o
LOAD ./Src/stm32f4xx_it.o
LOAD /home/bsaleh/gcc-arm/bin/../lib/gcc/arm-none-eabi/6.2.1/../../../../arm-none-eabi/lib/thumb/v7e-m/libstdc++_nano.a
LOAD /home/bsaleh/gcc-arm/bin/../lib/gcc/arm-none-eabi/6.2.1/../../../../arm-none-eabi/lib/thumb/v7e-m/libm.a
START GROUP
LOAD /home/bsaleh/gcc-arm/bin/../lib/gcc/arm-none-eabi/6.2.1/thumb/v7e-m/libgcc.a
LOAD /home/bsaleh/gcc-arm/bin/../lib/gcc/arm-none-eabi/6.2.1/../../../../arm-none-eabi/lib/thumb/v7e-m/libg_nano.a
LOAD /home/bsaleh/gcc-arm/bin/../lib/gcc/arm-none-eabi/6.2.1/../../../../arm-none-eabi/lib/thumb/v7e-m/libc_nano.a
END GROUP
START GROUP
LOAD /home/bsaleh/gcc-arm/bin/../lib/gcc/arm-none-eabi/6.2.1/thumb/v7e-m/libgcc.a
LOAD /home/bsaleh/gcc-arm/bin/../lib/gcc/arm-none-eabi/6.2.1/../../../../arm-none-eabi/lib/thumb/v7e-m/libc_nano.a
END GROUP
                0x0000000020010000                __stack = (ORIGIN (RAM) + LENGTH (RAM))
                0x0000000020010000                _estack = __stack
                0x0000000000000400                __Main_Stack_Size = 0x400
                [!provide]                        PROVIDE (_Main_Stack_Size, __Main_Stack_Size)
                0x000000002000fc00                __Main_Stack_Limit = (__stack - __Main_Stack_Size)
                [!provide]                        PROVIDE (_Main_Stack_Limit, __Main_Stack_Limit)
                0x0000000000000100                _Minimum_Stack_Size = 0x100
                0x0000000020000160                PROVIDE (_Heap_Begin, _end_noinit)
                0x000000002000fc00                PROVIDE (_Heap_Limit, (__stack - __Main_Stack_Size))

.isr_vector     0x0000000008000000      0x358
 FILL mask 0xff
                0x0000000008000000                __vectors_start = ABSOLUTE (.)
                0x0000000008000000                __vectors_start__ = ABSOLUTE (.)
 *(.isr_vector)
 .isr_vector    0x0000000008000000      0x1b4 ./system/Src/cmsis/vectors_stm32f469xx.o
                0x0000000008000000                __isr_vectors
 *(.cfmconfig)
 *(.after_vectors .after_vectors.*)
 .after_vectors
                0x00000000080001b4      0x130 ./system/Src/newlib/_startup.o
                0x00000000080001b4                _start
 .after_vectors
                0x00000000080002e4       0x70 ./system/Src/cortexm/exception_handlers.o
                0x00000000080002e4                Reset_Handler
                0x0000000008000302                HardFault_Handler_C
                0x000000000800031e                BusFault_Handler_C
                0x0000000008000336                UsageFault_Handler_C
 .after_vectors
                0x0000000008000354        0x4 ./system/Src/cmsis/vectors_stm32f469xx.o
                0x0000000008000354                RTC_Alarm_IRQHandler
                0x0000000008000354                HASH_RNG_IRQHandler
                0x0000000008000354                EXTI2_IRQHandler
                0x0000000008000354                TIM8_CC_IRQHandler
                0x0000000008000354                UART8_IRQHandler
                0x0000000008000354                SPI4_IRQHandler
                0x0000000008000354                TIM1_CC_IRQHandler
                0x0000000008000354                DMA2_Stream5_IRQHandler
                0x0000000008000354                PVD_IRQHandler
                0x0000000008000354                SDIO_IRQHandler
                0x0000000008000354                TAMP_STAMP_IRQHandler
                0x0000000008000354                CAN2_RX1_IRQHandler
                0x0000000008000354                EXTI3_IRQHandler
                0x0000000008000354                TIM8_TRG_COM_TIM14_IRQHandler
                0x0000000008000354                TIM1_UP_TIM10_IRQHandler
                0x0000000008000354                TIM8_UP_TIM13_IRQHandler
                0x0000000008000354                I2C3_ER_IRQHandler
                0x0000000008000354                EXTI0_IRQHandler
                0x0000000008000354                I2C2_EV_IRQHandler
                0x0000000008000354                DMA1_Stream2_IRQHandler
                0x0000000008000354                CAN1_RX0_IRQHandler
                0x0000000008000354                FPU_IRQHandler
                0x0000000008000354                OTG_HS_WKUP_IRQHandler
                0x0000000008000354                LTDC_ER_IRQHandler
                0x0000000008000354                CAN2_SCE_IRQHandler
                0x0000000008000354                DMA2_Stream2_IRQHandler
                0x0000000008000354                SPI1_IRQHandler
                0x0000000008000354                TIM6_DAC_IRQHandler
                0x0000000008000354                TIM1_BRK_TIM9_IRQHandler
                0x0000000008000354                DCMI_IRQHandler
                0x0000000008000354                CAN2_RX0_IRQHandler
                0x0000000008000354                DMA2_Stream3_IRQHandler
                0x0000000008000354                USART6_IRQHandler
                0x0000000008000354                USART3_IRQHandler
                0x0000000008000354                CAN1_RX1_IRQHandler
                0x0000000008000354                UART5_IRQHandler
                0x0000000008000354                DMA2_Stream0_IRQHandler
                0x0000000008000354                TIM4_IRQHandler
                0x0000000008000354                QUADSPI_IRQHandler
                0x0000000008000354                I2C1_EV_IRQHandler
                0x0000000008000354                DMA1_Stream1_IRQHandler
                0x0000000008000354                UART4_IRQHandler
                0x0000000008000354                TIM3_IRQHandler
                0x0000000008000354                RCC_IRQHandler
                0x0000000008000354                TIM8_BRK_TIM12_IRQHandler
                0x0000000008000354                Default_Handler
                0x0000000008000354                EXTI15_10_IRQHandler
                0x0000000008000354                ADC_IRQHandler
                0x0000000008000354                DMA1_Stream7_IRQHandler
                0x0000000008000354                SPI5_IRQHandler
                0x0000000008000354                TIM7_IRQHandler
                0x0000000008000354                CAN2_TX_IRQHandler
                0x0000000008000354                TIM5_IRQHandler
                0x0000000008000354                DMA2_Stream7_IRQHandler
                0x0000000008000354                I2C3_EV_IRQHandler
                0x0000000008000354                EXTI9_5_IRQHandler
                0x0000000008000354                RTC_WKUP_IRQHandler
                0x0000000008000354                LTDC_IRQHandler
                0x0000000008000354                ETH_WKUP_IRQHandler
                0x0000000008000354                SPI2_IRQHandler
                0x0000000008000354                OTG_HS_EP1_IN_IRQHandler
                0x0000000008000354                DMA1_Stream0_IRQHandler
                0x0000000008000354                CAN1_TX_IRQHandler
                0x0000000008000354                EXTI4_IRQHandler
                0x0000000008000354                DSI_IRQHandler
                0x0000000008000354                ETH_IRQHandler
                0x0000000008000354                OTG_HS_EP1_OUT_IRQHandler
                0x0000000008000354                WWDG_IRQHandler
                0x0000000008000354                SPI6_IRQHandler
                0x0000000008000354                TIM2_IRQHandler
                0x0000000008000354                OTG_FS_WKUP_IRQHandler
                0x0000000008000354                TIM1_TRG_COM_TIM11_IRQHandler
                0x0000000008000354                OTG_HS_IRQHandler
                0x0000000008000354                DMA2D_IRQHandler
                0x0000000008000354                EXTI1_IRQHandler
                0x0000000008000354                UART7_IRQHandler
                0x0000000008000354                USART2_IRQHandler
                0x0000000008000354                I2C2_ER_IRQHandler
                0x0000000008000354                DMA2_Stream1_IRQHandler
                0x0000000008000354                CAN1_SCE_IRQHandler
                0x0000000008000354                FLASH_IRQHandler
                0x0000000008000354                DMA2_Stream4_IRQHandler
                0x0000000008000354                USART1_IRQHandler
                0x0000000008000354                OTG_FS_IRQHandler
                0x0000000008000354                SPI3_IRQHandler
                0x0000000008000354                DMA1_Stream4_IRQHandler
                0x0000000008000354                I2C1_ER_IRQHandler
                0x0000000008000354                FMC_IRQHandler
                0x0000000008000354                DMA2_Stream6_IRQHandler
                0x0000000008000354                SAI1_IRQHandler
                0x0000000008000354                DMA1_Stream3_IRQHandler

.inits          0x0000000008000358       0x28
                0x0000000008000358                __data_regions_array_start = .
                0x0000000008000358        0x4 LONG 0x800389c LOADADDR (.data)
                0x000000000800035c        0x4 LONG 0x20000000 ADDR (.data)
                0x0000000008000360        0x4 LONG 0x20000098 (ADDR (.data) + SIZEOF (.data))
                0x0000000008000364        0x4 LONG 0x800389c LOADADDR (.data_CCMRAM)
                0x0000000008000368        0x4 LONG 0x10000000 ADDR (.data_CCMRAM)
                0x000000000800036c        0x4 LONG 0x10000000 (ADDR (.data_CCMRAM) + SIZEOF (.data_CCMRAM))
                0x0000000008000370                __data_regions_array_end = .
                0x0000000008000370                __bss_regions_array_start = .
                0x0000000008000370        0x4 LONG 0x20000098 ADDR (.bss)
                0x0000000008000374        0x4 LONG 0x20000160 (ADDR (.bss) + SIZEOF (.bss))
                0x0000000008000378        0x4 LONG 0x10000000 ADDR (.bss_CCMRAM)
                0x000000000800037c        0x4 LONG 0x10000000 (ADDR (.bss_CCMRAM) + SIZEOF (.bss_CCMRAM))
                0x0000000008000380                __bss_regions_array_end = .
 *(.init)
 *(.fini)
                0x0000000008000380                . = ALIGN (0x4)
                0x0000000008000380                PROVIDE (__preinit_array_start, .)
 *(.preinit_array_sysinit .preinit_array_sysinit.*)
 *(.preinit_array_platform .preinit_array_platform.*)
 *(.preinit_array .preinit_array.*)
                0x0000000008000380                PROVIDE (__preinit_array_end, .)
                0x0000000008000380                . = ALIGN (0x4)
                0x0000000008000380                PROVIDE (__init_array_start, .)
 *(SORT(.init_array.*))
 *(.init_array)
                0x0000000008000380                PROVIDE (__init_array_end, .)
                0x0000000008000380                . = ALIGN (0x4)
                0x0000000008000380                PROVIDE (__fini_array_start, .)
 *(SORT(.fini_array.*))
 *(.fini_array)
                0x0000000008000380                PROVIDE (__fini_array_end, .)

.flashtext
 *(.flashtext .flashtext.*)

.text           0x0000000008000380     0x351b
 *(.text .text.*)
 .text.HAL_MspInit
                0x0000000008000380        0x2 ./system/Src/stm32f4-hal/stm32f4xx_hal.o
                0x0000000008000380                HAL_MspInit
 *fill*         0x0000000008000382        0x2 
 .text.HAL_InitTick
                0x0000000008000384       0x2c ./system/Src/stm32f4-hal/stm32f4xx_hal.o
                0x0000000008000384                HAL_InitTick
 .text.HAL_Init
                0x00000000080003b0       0x34 ./system/Src/stm32f4-hal/stm32f4xx_hal.o
                0x00000000080003b0                HAL_Init
 .text.HAL_IncTick
                0x00000000080003e4       0x10 ./system/Src/stm32f4-hal/stm32f4xx_hal.o
                0x00000000080003e4                HAL_IncTick
 .text.HAL_GetTick
                0x00000000080003f4        0xc ./system/Src/stm32f4-hal/stm32f4xx_hal.o
                0x00000000080003f4                HAL_GetTick
 .text.HAL_Delay
                0x0000000008000400       0x1c ./system/Src/stm32f4-hal/stm32f4xx_hal.o
                0x0000000008000400                HAL_Delay
 .text.HAL_NVIC_SetPriorityGrouping
                0x000000000800041c       0x3c ./system/Src/stm32f4-hal/stm32f4xx_hal_cortex.o
                0x000000000800041c                HAL_NVIC_SetPriorityGrouping
 .text.HAL_NVIC_SetPriority
                0x0000000008000458       0x88 ./system/Src/stm32f4-hal/stm32f4xx_hal_cortex.o
                0x0000000008000458                HAL_NVIC_SetPriority
 .text.HAL_SYSTICK_Config
                0x00000000080004e0       0x2c ./system/Src/stm32f4-hal/stm32f4xx_hal_cortex.o
                0x00000000080004e0                HAL_SYSTICK_Config
 .text.HAL_GPIO_Init
                0x000000000800050c      0x320 ./system/Src/stm32f4-hal/stm32f4xx_hal_gpio.o
                0x000000000800050c                HAL_GPIO_Init
 .text.HAL_GPIO_WritePin
                0x000000000800082c       0x34 ./system/Src/stm32f4-hal/stm32f4xx_hal_gpio.o
                0x000000000800082c                HAL_GPIO_WritePin
 .text.HAL_PWREx_EnableOverDrive
                0x0000000008000860       0xa0 ./system/Src/stm32f4-hal/stm32f4xx_hal_pwr_ex.o
                0x0000000008000860                HAL_PWREx_EnableOverDrive
 .text.HAL_RCC_GetSysClockFreq
                0x0000000008000900       0x94 ./system/Src/stm32f4-hal/stm32f4xx_hal_rcc.o
                0x0000000008000900                HAL_RCC_GetSysClockFreq
 .text.HAL_RCC_ClockConfig
                0x0000000008000994      0x250 ./system/Src/stm32f4-hal/stm32f4xx_hal_rcc.o
                0x0000000008000994                HAL_RCC_ClockConfig
 .text.HAL_RCC_GetHCLKFreq
                0x0000000008000be4        0xc ./system/Src/stm32f4-hal/stm32f4xx_hal_rcc.o
                0x0000000008000be4                HAL_RCC_GetHCLKFreq
 .text.HAL_RCC_GetPCLK1Freq
                0x0000000008000bf0       0x2c ./system/Src/stm32f4-hal/stm32f4xx_hal_rcc.o
                0x0000000008000bf0                HAL_RCC_GetPCLK1Freq
 .text.HAL_RCC_GetPCLK2Freq
                0x0000000008000c1c       0x2c ./system/Src/stm32f4-hal/stm32f4xx_hal_rcc.o
                0x0000000008000c1c                HAL_RCC_GetPCLK2Freq
 .text.HAL_RCC_OscConfig
                0x0000000008000c48      0x458 ./system/Src/stm32f4-hal/stm32f4xx_hal_rcc_ex.o
                0x0000000008000c48                HAL_RCC_OscConfig
 .text.SPI_WaitFlagStateUntilTimeout
                0x00000000080010a0       0x96 ./system/Src/stm32f4-hal/stm32f4xx_hal_spi.o
 .text.SPI_CheckFlag_BSY
                0x0000000008001136       0x26 ./system/Src/stm32f4-hal/stm32f4xx_hal_spi.o
 .text.HAL_SPI_Init
                0x000000000800115c      0x19c ./system/Src/stm32f4-hal/stm32f4xx_hal_spi.o
                0x000000000800115c                HAL_SPI_Init
 .text.HAL_SPI_Transmit
                0x00000000080012f8      0x1c4 ./system/Src/stm32f4-hal/stm32f4xx_hal_spi.o
                0x00000000080012f8                HAL_SPI_Transmit
 .text.HAL_SPI_TransmitReceive
                0x00000000080014bc      0x258 ./system/Src/stm32f4-hal/stm32f4xx_hal_spi.o
                0x00000000080014bc                HAL_SPI_TransmitReceive
 .text.HAL_SPI_Receive
                0x0000000008001714      0x16a ./system/Src/stm32f4-hal/stm32f4xx_hal_spi.o
                0x0000000008001714                HAL_SPI_Receive
 *fill*         0x000000000800187e        0x2 
 .text.UART_SetConfig
                0x0000000008001880      0x3a8 ./system/Src/stm32f4-hal/stm32f4xx_hal_uart.o
 .text.UART_WaitOnFlagUntilTimeout
                0x0000000008001c28       0x64 ./system/Src/stm32f4-hal/stm32f4xx_hal_uart.o
 .text.HAL_UART_Init
                0x0000000008001c8c      0x12c ./system/Src/stm32f4-hal/stm32f4xx_hal_uart.o
                0x0000000008001c8c                HAL_UART_Init
 .text.HAL_UART_Transmit
                0x0000000008001db8       0xd6 ./system/Src/stm32f4-hal/stm32f4xx_hal_uart.o
                0x0000000008001db8                HAL_UART_Transmit
 .text._exit    0x0000000008001e8e        0x2 ./system/Src/newlib/_exit.o
                0x0000000008001e8e                _exit
 .text._sbrk    0x0000000008001e90       0x44 ./system/Src/newlib/_sbrk.o
                0x0000000008001e90                _sbrk
 .text.__initialize_args
                0x0000000008001ed4       0x10 ./system/Src/newlib/_syscalls.o
                0x0000000008001ed4                __initialize_args
 .text.__initialize_hardware_early
                0x0000000008001ee4       0x18 ./system/Src/cortexm/_initialize_hardware.o
                0x0000000008001ee4                __initialize_hardware_early
 .text.SystemInit
                0x0000000008001efc       0x40 ./system/Src/cmsis/system_stm32f4xx.o
                0x0000000008001efc                SystemInit
 .text.SystemCoreClockUpdate
                0x0000000008001f3c       0xa0 ./system/Src/cmsis/system_stm32f4xx.o
                0x0000000008001f3c                SystemCoreClockUpdate
 .text.BSP_LED_On
                0x0000000008001fdc       0x24 ./system/Src/stm32469i_discovery.o
                0x0000000008001fdc                BSP_LED_On
 .text.__initialize_hardware
                0x0000000008002000       0x10 ./Src/_initialize_hardware.o
                0x0000000008002000                __initialize_hardware
 .text.SystemClock_Config
                0x0000000008002010       0x88 ./Src/config.o
                0x0000000008002010                SystemClock_Config
 .text.Error_Handler
                0x0000000008002098        0xa ./Src/config.o
                0x0000000008002098                Error_Handler
 *fill*         0x00000000080020a2        0x2 
 .text.UartConfig
                0x00000000080020a4       0x34 ./Src/config.o
                0x00000000080020a4                UartConfig
 .text.SpiConfig
                0x00000000080020d8       0x40 ./Src/config.o
                0x00000000080020d8                SpiConfig
 .text.SetNSS   0x0000000008002118       0x14 ./Src/config.o
                0x0000000008002118                SetNSS
 .text.ResetNSS
                0x000000000800212c       0x14 ./Src/config.o
                0x000000000800212c                ResetNSS
 .text.PrintConfig
                0x0000000008002140       0x30 ./Src/config.o
                0x0000000008002140                PrintConfig
 .text.Print    0x0000000008002170       0x1c ./Src/config.o
                0x0000000008002170                Print
 .text.SensorReadReg
                0x000000000800218c       0x58 ./Src/config.o
                0x000000000800218c                SensorReadReg
 .text.SensorWriteReg
                0x00000000080021e4       0x40 ./Src/config.o
                0x00000000080021e4                SensorWriteReg
 .text.SensorInit
                0x0000000008002224       0x68 ./Src/config.o
                0x0000000008002224                SensorInit
 *fill*         0x000000000800228c        0x4 
 .text.SensorGetData
                0x0000000008002290       0xcc ./Src/config.o
                0x0000000008002290                SensorGetData
 .text.SensorPrintData
                0x000000000800235c       0x3c ./Src/config.o
                0x000000000800235c                SensorPrintData
 .text.main     0x0000000008002398       0x3c ./Src/main.o
                0x0000000008002398                main
 .text.assert_failed
                0x00000000080023d4        0x2 ./Src/main.o
                0x00000000080023d4                assert_failed
 *fill*         0x00000000080023d6        0x2 
 .text.HAL_SPI_MspInit
                0x00000000080023d8       0xe8 ./Src/stm32f4xx_hal_msp.o
                0x00000000080023d8                HAL_SPI_MspInit
 .text.HAL_UART_MspInit
                0x00000000080024c0       0x80 ./Src/stm32f4xx_hal_msp.o
                0x00000000080024c0                HAL_UART_MspInit
 .text.NMI_Handler
                0x0000000008002540        0x2 ./Src/stm32f4xx_it.o
                0x0000000008002540                NMI_Handler
 .text.HardFault_Handler
                0x0000000008002542        0x2 ./Src/stm32f4xx_it.o
                0x0000000008002542                HardFault_Handler
 .text.MemManage_Handler
                0x0000000008002544        0x2 ./Src/stm32f4xx_it.o
                0x0000000008002544                MemManage_Handler
 .text.BusFault_Handler
                0x0000000008002546        0x2 ./Src/stm32f4xx_it.o
                0x0000000008002546                BusFault_Handler
 .text.UsageFault_Handler
                0x0000000008002548        0x2 ./Src/stm32f4xx_it.o
                0x0000000008002548                UsageFault_Handler
 .text.SVC_Handler
                0x000000000800254a        0x2 ./Src/stm32f4xx_it.o
                0x000000000800254a                SVC_Handler
 .text.DebugMon_Handler
                0x000000000800254c        0x2 ./Src/stm32f4xx_it.o
                0x000000000800254c                DebugMon_Handler
 .text.PendSV_Handler
                0x000000000800254e        0x2 ./Src/stm32f4xx_it.o
                0x000000000800254e                PendSV_Handler
 .text.SysTick_Handler
                0x0000000008002550        0x8 ./Src/stm32f4xx_it.o
                0x0000000008002550                SysTick_Handler
 .text.DMA1_Stream5_IRQHandler
                0x0000000008002558        0x2 ./Src/stm32f4xx_it.o
                0x0000000008002558                DMA1_Stream5_IRQHandler
 .text.DMA1_Stream6_IRQHandler
                0x000000000800255a        0x2 ./Src/stm32f4xx_it.o
                0x000000000800255a                DMA1_Stream6_IRQHandler
 .text          0x000000000800255c      0x370 /home/bsaleh/gcc-arm/bin/../lib/gcc/arm-none-eabi/6.2.1/thumb/v7e-m/libgcc.a(_arm_addsubdf3.o)
                0x000000000800255c                __aeabi_drsub
                0x0000000008002564                __aeabi_dsub
                0x0000000008002564                __subdf3
                0x0000000008002568                __adddf3
                0x0000000008002568                __aeabi_dadd
                0x00000000080027e0                __aeabi_ui2d
                0x00000000080027e0                __floatunsidf
                0x0000000008002800                __floatsidf
                0x0000000008002800                __aeabi_i2d
                0x0000000008002824                __extendsfdf2
                0x0000000008002824                __aeabi_f2d
                0x0000000008002860                __aeabi_ul2d
                0x0000000008002860                __floatundidf
                0x0000000008002870                __floatdidf
                0x0000000008002870                __aeabi_l2d
 .text          0x00000000080028cc      0x424 /home/bsaleh/gcc-arm/bin/../lib/gcc/arm-none-eabi/6.2.1/thumb/v7e-m/libgcc.a(_arm_muldivdf3.o)
                0x00000000080028cc                __aeabi_dmul
                0x00000000080028cc                __muldf3
                0x0000000008002b20                __aeabi_ddiv
                0x0000000008002b20                __divdf3
 .text          0x0000000008002cf0       0xa0 /home/bsaleh/gcc-arm/bin/../lib/gcc/arm-none-eabi/6.2.1/thumb/v7e-m/libgcc.a(_arm_truncdfsf2.o)
                0x0000000008002cf0                __aeabi_d2f
                0x0000000008002cf0                __truncdfsf2
 .text          0x0000000008002d90       0x4c /home/bsaleh/gcc-arm/bin/../lib/gcc/arm-none-eabi/6.2.1/thumb/v7e-m/libgcc.a(_arm_fixsfsi.o)
                0x0000000008002d90                __fixsfsi
                0x0000000008002d90                __aeabi_f2iz
 .text.__errno  0x0000000008002ddc        0xc /home/bsaleh/gcc-arm/bin/../lib/gcc/arm-none-eabi/6.2.1/../../../../arm-none-eabi/lib/thumb/v7e-m/libg_nano.a(lib_a-errno.o)
                0x0000000008002ddc                __errno
 .text._vsnprintf_r
                0x0000000008002de8       0x58 /home/bsaleh/gcc-arm/bin/../lib/gcc/arm-none-eabi/6.2.1/../../../../arm-none-eabi/lib/thumb/v7e-m/libg_nano.a(lib_a-vsnprintf.o)
                0x0000000008002de8                _vsnprintf_r
                0x0000000008002de8                _vsniprintf_r
 .text.vsnprintf
                0x0000000008002e40       0x1c /home/bsaleh/gcc-arm/bin/../lib/gcc/arm-none-eabi/6.2.1/../../../../arm-none-eabi/lib/thumb/v7e-m/libg_nano.a(lib_a-vsnprintf.o)
                0x0000000008002e40                vsnprintf
                0x0000000008002e40                vsniprintf
 .text.__ssputs_r
                0x0000000008002e5c       0xb6 /home/bsaleh/gcc-arm/bin/../lib/gcc/arm-none-eabi/6.2.1/../../../../arm-none-eabi/lib/thumb/v7e-m/libg_nano.a(lib_a-nano-svfprintf.o)
                0x0000000008002e5c                __ssputs_r
 *fill*         0x0000000008002f12        0x2 
 .text._svfprintf_r
                0x0000000008002f14      0x1e8 /home/bsaleh/gcc-arm/bin/../lib/gcc/arm-none-eabi/6.2.1/../../../../arm-none-eabi/lib/thumb/v7e-m/libg_nano.a(lib_a-nano-svfprintf.o)
                0x0000000008002f14                _svfprintf_r
                0x0000000008002f14                _svfiprintf_r
 .text._printf_common
                0x00000000080030fc       0xec /home/bsaleh/gcc-arm/bin/../lib/gcc/arm-none-eabi/6.2.1/../../../../arm-none-eabi/lib/thumb/v7e-m/libg_nano.a(lib_a-nano-vfprintf_i.o)
                0x00000000080030fc                _printf_common
 .text._printf_i
                0x00000000080031e8      0x240 /home/bsaleh/gcc-arm/bin/../lib/gcc/arm-none-eabi/6.2.1/../../../../arm-none-eabi/lib/thumb/v7e-m/libg_nano.a(lib_a-nano-vfprintf_i.o)
                0x00000000080031e8                _printf_i
 *fill*         0x0000000008003428        0x8 
 .text          0x0000000008003430       0xa0 /home/bsaleh/gcc-arm/bin/../lib/gcc/arm-none-eabi/6.2.1/../../../../arm-none-eabi/lib/thumb/v7e-m/libg_nano.a(lib_a-memchr.o)
                0x0000000008003430                memchr
 .text.memcpy   0x00000000080034d0       0x16 /home/bsaleh/gcc-arm/bin/../lib/gcc/arm-none-eabi/6.2.1/../../../../arm-none-eabi/lib/thumb/v7e-m/libg_nano.a(lib_a-memcpy-stub.o)
                0x00000000080034d0                memcpy
 .text.memmove  0x00000000080034e6       0x34 /home/bsaleh/gcc-arm/bin/../lib/gcc/arm-none-eabi/6.2.1/../../../../arm-none-eabi/lib/thumb/v7e-m/libg_nano.a(lib_a-memmove.o)
                0x00000000080034e6                memmove
 *fill*         0x000000000800351a        0x2 
 .text._free_r  0x000000000800351c       0x9c /home/bsaleh/gcc-arm/bin/../lib/gcc/arm-none-eabi/6.2.1/../../../../arm-none-eabi/lib/thumb/v7e-m/libg_nano.a(lib_a-nano-freer.o)
                0x000000000800351c                _free_r
 .text._malloc_r
                0x00000000080035b8       0xbc /home/bsaleh/gcc-arm/bin/../lib/gcc/arm-none-eabi/6.2.1/../../../../arm-none-eabi/lib/thumb/v7e-m/libg_nano.a(lib_a-nano-mallocr.o)
                0x00000000080035b8                _malloc_r
 .text._realloc_r
                0x0000000008003674       0x4c /home/bsaleh/gcc-arm/bin/../lib/gcc/arm-none-eabi/6.2.1/../../../../arm-none-eabi/lib/thumb/v7e-m/libg_nano.a(lib_a-nano-reallocr.o)
                0x0000000008003674                _realloc_r
 .text._sbrk_r  0x00000000080036c0       0x20 /home/bsaleh/gcc-arm/bin/../lib/gcc/arm-none-eabi/6.2.1/../../../../arm-none-eabi/lib/thumb/v7e-m/libg_nano.a(lib_a-sbrkr.o)
                0x00000000080036c0                _sbrk_r
 .text.__malloc_lock
                0x00000000080036e0        0x2 /home/bsaleh/gcc-arm/bin/../lib/gcc/arm-none-eabi/6.2.1/../../../../arm-none-eabi/lib/thumb/v7e-m/libg_nano.a(lib_a-mlock.o)
                0x00000000080036e0                __malloc_lock
 .text.__malloc_unlock
                0x00000000080036e2        0x2 /home/bsaleh/gcc-arm/bin/../lib/gcc/arm-none-eabi/6.2.1/../../../../arm-none-eabi/lib/thumb/v7e-m/libg_nano.a(lib_a-mlock.o)
                0x00000000080036e2                __malloc_unlock
 .text._malloc_usable_size_r
                0x00000000080036e4       0x12 /home/bsaleh/gcc-arm/bin/../lib/gcc/arm-none-eabi/6.2.1/../../../../arm-none-eabi/lib/thumb/v7e-m/libg_nano.a(lib_a-nano-msizer.o)
                0x00000000080036e4                _malloc_usable_size_r
 *(.rodata .rodata.* .constdata .constdata.*)
 *fill*         0x00000000080036f6        0x2 
 .rodata.HAL_NVIC_SetPriorityGrouping.str1.4
                0x00000000080036f8       0x31 ./system/Src/stm32f4-hal/stm32f4xx_hal_cortex.o
 *fill*         0x0000000008003729        0x3 
 .rodata.HAL_GPIO_Init.str1.4
                0x000000000800372c       0x2f ./system/Src/stm32f4-hal/stm32f4xx_hal_gpio.o
 *fill*         0x000000000800375b        0x1 
 .rodata.APBAHBPrescTable
                0x000000000800375c       0x10 ./system/Src/stm32f4-hal/stm32f4xx_hal_rcc.o
                0x000000000800375c                APBAHBPrescTable
 .rodata.HAL_RCC_OscConfig.str1.4
                0x000000000800376c       0x2e ./system/Src/stm32f4-hal/stm32f4xx_hal_rcc.o
 *fill*         0x000000000800379a        0x2 
 .rodata.HAL_RCCEx_PeriphCLKConfig.str1.4
                0x000000000800379c       0x31 ./system/Src/stm32f4-hal/stm32f4xx_hal_rcc_ex.o
 *fill*         0x00000000080037cd        0x3 
 .rodata.HAL_SPI_Init.str1.4
                0x00000000080037d0       0x2e ./system/Src/stm32f4-hal/stm32f4xx_hal_spi.o
 *fill*         0x00000000080037fe        0x2 
 .rodata.UART_SetConfig.str1.4
                0x0000000008003800       0x2f ./system/Src/stm32f4-hal/stm32f4xx_hal_uart.o
 *fill*         0x000000000800382f        0x1 
 .rodata.AHBPrescTable
                0x0000000008003830       0x10 ./system/Src/cmsis/system_stm32f4xx.o
                0x0000000008003830                AHBPrescTable
 .rodata.SensorPrintData.str1.4
                0x0000000008003840       0x28 ./Src/config.o
                                         0x26 (size before relaxing)
 .rodata._svfprintf_r.str1.1
                0x0000000008003868       0x11 /home/bsaleh/gcc-arm/bin/../lib/gcc/arm-none-eabi/6.2.1/../../../../arm-none-eabi/lib/thumb/v7e-m/libg_nano.a(lib_a-nano-svfprintf.o)
 .rodata._printf_i.str1.1
                0x0000000008003879       0x22 /home/bsaleh/gcc-arm/bin/../lib/gcc/arm-none-eabi/6.2.1/../../../../arm-none-eabi/lib/thumb/v7e-m/libg_nano.a(lib_a-nano-vfprintf_i.o)
 *(vtable)
 *(.eh_frame*)
 *(.glue_7)
 .glue_7        0x000000000800389b        0x0 linker stubs
 *(.glue_7t)
 .glue_7t       0x000000000800389b        0x0 linker stubs

.vfp11_veneer   0x000000000800389c        0x0
 .vfp11_veneer  0x000000000800389c        0x0 linker stubs

.v4_bx          0x000000000800389c        0x0
 .v4_bx         0x000000000800389c        0x0 linker stubs

.iplt           0x000000000800389c        0x0
 .iplt          0x000000000800389c        0x0 ./system/Src/stm32f4-hal/stm32f4xx_hal.o

.rel.dyn        0x000000000800389c        0x0
 .rel.iplt      0x000000000800389c        0x0 ./system/Src/stm32f4-hal/stm32f4xx_hal.o

.ARM.extab
 *(.ARM.extab* .gnu.linkonce.armextab.*)
                0x000000000800389c                . = ALIGN (0x4)
                0x000000000800389c                __exidx_start = .

.ARM.exidx
 *(.ARM.exidx* .gnu.linkonce.armexidx.*)
                0x000000000800389c                __exidx_end = .
                0x000000000800389c                . = ALIGN (0x4)
                0x000000000800389c                _etext = .
                0x000000000800389c                __etext = .

.data_CCMRAM    0x0000000010000000        0x0 load address 0x000000000800389c
 FILL mask 0xff
 *(.data.CCMRAM .data.CCMRAM.*)
                0x0000000010000000                . = ALIGN (0x4)
                0x000000000800389c                _sidata = LOADADDR (.data)

.data           0x0000000020000000       0x98 load address 0x000000000800389c
 FILL mask 0xff
                0x0000000020000000                _sdata = .
                0x0000000020000000                __data_start__ = .
 *(.data_begin .data_begin.*)
 .data_begin    0x0000000020000000        0x4 ./system/Src/newlib/_startup.o
 *(.data .data.*)
 .data.argv.4243
                0x0000000020000004        0x8 ./system/Src/newlib/_syscalls.o
 .data.SystemCoreClock
                0x000000002000000c        0x4 ./system/Src/cmsis/system_stm32f4xx.o
                0x000000002000000c                SystemCoreClock
 .data.GPIO_PIN
                0x0000000020000010       0x10 ./system/Src/stm32469i_discovery.o
                0x0000000020000010                GPIO_PIN
 .data.GPIO_PORT
                0x0000000020000020       0x10 ./system/Src/stm32469i_discovery.o
                0x0000000020000020                GPIO_PORT
 .data._impure_ptr
                0x0000000020000030        0x4 /home/bsaleh/gcc-arm/bin/../lib/gcc/arm-none-eabi/6.2.1/../../../../arm-none-eabi/lib/thumb/v7e-m/libg_nano.a(lib_a-impure.o)
                0x0000000020000030                _impure_ptr
 .data.impure_data
                0x0000000020000034       0x60 /home/bsaleh/gcc-arm/bin/../lib/gcc/arm-none-eabi/6.2.1/../../../../arm-none-eabi/lib/thumb/v7e-m/libg_nano.a(lib_a-impure.o)
 *(.data_end .data_end.*)
 .data_end      0x0000000020000094        0x4 ./system/Src/newlib/_startup.o
                0x0000000020000098                . = ALIGN (0x4)
                0x0000000020000098                _edata = .
                0x0000000020000098                __data_end__ = .

.igot.plt       0x0000000020000098        0x0 load address 0x0000000008003934
 .igot.plt      0x0000000020000098        0x0 ./system/Src/stm32f4-hal/stm32f4xx_hal.o

.bss_CCMRAM     0x0000000010000000        0x0
 *(.bss.CCMRAM .bss.CCMRAM.*)

.bss            0x0000000020000098       0xc8
                0x0000000020000098                __bss_start__ = .
                0x0000000020000098                _sbss = .
 *(.bss_begin .bss_begin.*)
 .bss_begin     0x0000000020000098        0x4 ./system/Src/newlib/_startup.o
 *(.bss .bss.*)
 .bss.current_heap_end.3927
                0x000000002000009c        0x4 ./system/Src/newlib/_sbrk.o
 .bss.name.4242
                0x00000000200000a0        0x1 ./system/Src/newlib/_syscalls.o
 *fill*         0x00000000200000a1        0x3 
 .bss.__malloc_free_list
                0x00000000200000a4        0x4 /home/bsaleh/gcc-arm/bin/../lib/gcc/arm-none-eabi/6.2.1/../../../../arm-none-eabi/lib/thumb/v7e-m/libg_nano.a(lib_a-nano-mallocr.o)
                0x00000000200000a4                __malloc_free_list
 .bss.__malloc_sbrk_start
                0x00000000200000a8        0x4 /home/bsaleh/gcc-arm/bin/../lib/gcc/arm-none-eabi/6.2.1/../../../../arm-none-eabi/lib/thumb/v7e-m/libg_nano.a(lib_a-nano-mallocr.o)
                0x00000000200000a8                __malloc_sbrk_start
 *(COMMON)
 COMMON         0x00000000200000ac        0x4 ./system/Src/stm32f4-hal/stm32f4xx_hal.o
                0x00000000200000ac                uwTick
 COMMON         0x00000000200000b0        0x4 ./system/Src/newlib/_syscalls.o
                0x00000000200000b0                errno
 COMMON         0x00000000200000b4       0xa0 ./Src/config.o
                0x00000000200000b4                SpiHandle1
                0x000000002000010c                RxBuffer
                0x0000000020000110                TxBuffer
                0x0000000020000114                UartHandle1
 COMMON         0x0000000020000154        0x6 ./Src/main.o
                0x0000000020000154                g_SensorData
 *(.bss_end .bss_end.*)
 *fill*         0x000000002000015a        0x2 
 .bss_end       0x000000002000015c        0x4 ./system/Src/newlib/_startup.o
                0x0000000020000160                . = ALIGN (0x4)
                0x0000000020000160                __bss_end__ = .
                0x0000000020000160                _ebss = .

.noinit_CCMRAM
 *(.noinit.CCMRAM .noinit.CCMRAM.*)

.noinit         0x0000000020000160        0x0
                0x0000000020000160                _noinit = .
 *(.noinit .noinit.*)
                0x0000000020000160                . = ALIGN (0x4)
                0x0000000020000160                _end_noinit = .
                [!provide]                        PROVIDE (end, _end_noinit)
                [!provide]                        PROVIDE (_end, _end_noinit)
                [!provide]                        PROVIDE (__end, _end_noinit)
                [!provide]                        PROVIDE (__end__, _end_noinit)

._check_stack   0x0000000020000160      0x100
                0x0000000020000260                . = (. + _Minimum_Stack_Size)
 *fill*         0x0000000020000160      0x100 

.b1text
 *(.b1text)
 *(.b1rodata)
 *(.b1rodata.*)

.eb0text
 *(.eb0text)
 *(.eb0rodata)
 *(.eb0rodata.*)

.eb1text
 *(.eb1text)
 *(.eb1rodata)
 *(.eb1rodata.*)

.eb2text
 *(.eb2text)
 *(.eb2rodata)
 *(.eb2rodata.*)

.eb3text
 *(.eb3text)
 *(.eb3rodata)
 *(.eb3rodata.*)

.stab
 *(.stab)

.stabstr
 *(.stabstr)

.stab.excl
 *(.stab.excl)

.stab.exclstr
 *(.stab.exclstr)

.stab.index
 *(.stab.index)

.stab.indexstr
 *(.stab.indexstr)

.comment        0x0000000000000000       0x6e
 *(.comment)
 .comment       0x0000000000000000       0x6e ./system/Src/stm32f4-hal/stm32f4xx_hal.o
                                         0x6f (size before relaxing)
 .comment       0x000000000000006e       0x6f ./system/Src/stm32f4-hal/stm32f4xx_hal_cortex.o
 .comment       0x000000000000006e       0x6f ./system/Src/stm32f4-hal/stm32f4xx_hal_gpio.o
 .comment       0x000000000000006e       0x6f ./system/Src/stm32f4-hal/stm32f4xx_hal_pwr_ex.o
 .comment       0x000000000000006e       0x6f ./system/Src/stm32f4-hal/stm32f4xx_hal_rcc.o
 .comment       0x000000000000006e       0x6f ./system/Src/stm32f4-hal/stm32f4xx_hal_rcc_ex.o
 .comment       0x000000000000006e       0x6f ./system/Src/stm32f4-hal/stm32f4xx_hal_spi.o
 .comment       0x000000000000006e       0x6f ./system/Src/stm32f4-hal/stm32f4xx_hal_uart.o
 .comment       0x000000000000006e       0x6f ./system/Src/newlib/_exit.o
 .comment       0x000000000000006e       0x6f ./system/Src/newlib/_sbrk.o
 .comment       0x000000000000006e       0x6f ./system/Src/newlib/_startup.o
 .comment       0x000000000000006e       0x6f ./system/Src/newlib/_syscalls.o
 .comment       0x000000000000006e       0x6f ./system/Src/cortexm/_initialize_hardware.o
 .comment       0x000000000000006e       0x6f ./system/Src/cortexm/exception_handlers.o
 .comment       0x000000000000006e       0x6f ./system/Src/cmsis/system_stm32f4xx.o
 .comment       0x000000000000006e       0x6f ./system/Src/cmsis/vectors_stm32f469xx.o
 .comment       0x000000000000006e       0x6f ./system/Src/stm32469i_discovery.o
 .comment       0x000000000000006e       0x6f ./Src/_initialize_hardware.o
 .comment       0x000000000000006e       0x6f ./Src/config.o
 .comment       0x000000000000006e       0x6f ./Src/main.o
 .comment       0x000000000000006e       0x6f ./Src/stm32f4xx_hal_msp.o
 .comment       0x000000000000006e       0x6f ./Src/stm32f4xx_it.o

.ARM.attributes
                0x0000000000000000       0x31
 .ARM.attributes
                0x0000000000000000       0x33 ./system/Src/stm32f4-hal/stm32f4xx_hal.o
 .ARM.attributes
                0x0000000000000033       0x33 ./system/Src/stm32f4-hal/stm32f4xx_hal_cortex.o
 .ARM.attributes
                0x0000000000000066       0x33 ./system/Src/stm32f4-hal/stm32f4xx_hal_gpio.o
 .ARM.attributes
                0x0000000000000099       0x33 ./system/Src/stm32f4-hal/stm32f4xx_hal_pwr_ex.o
 .ARM.attributes
                0x00000000000000cc       0x33 ./system/Src/stm32f4-hal/stm32f4xx_hal_rcc.o
 .ARM.attributes
                0x00000000000000ff       0x33 ./system/Src/stm32f4-hal/stm32f4xx_hal_rcc_ex.o
 .ARM.attributes
                0x0000000000000132       0x33 ./system/Src/stm32f4-hal/stm32f4xx_hal_spi.o
 .ARM.attributes
                0x0000000000000165       0x33 ./system/Src/stm32f4-hal/stm32f4xx_hal_uart.o
 .ARM.attributes
                0x0000000000000198       0x33 ./system/Src/newlib/_exit.o
 .ARM.attributes
                0x00000000000001cb       0x33 ./system/Src/newlib/_sbrk.o
 .ARM.attributes
                0x00000000000001fe       0x33 ./system/Src/newlib/_startup.o
 .ARM.attributes
                0x0000000000000231       0x33 ./system/Src/newlib/_syscalls.o
 .ARM.attributes
                0x0000000000000264       0x33 ./system/Src/cortexm/_initialize_hardware.o
 .ARM.attributes
                0x0000000000000297       0x33 ./system/Src/cortexm/exception_handlers.o
 .ARM.attributes
                0x00000000000002ca       0x33 ./system/Src/cmsis/system_stm32f4xx.o
 .ARM.attributes
                0x00000000000002fd       0x33 ./system/Src/cmsis/vectors_stm32f469xx.o
 .ARM.attributes
                0x0000000000000330       0x33 ./system/Src/stm32469i_discovery.o
 .ARM.attributes
                0x0000000000000363       0x33 ./Src/_initialize_hardware.o
 .ARM.attributes
                0x0000000000000396       0x33 ./Src/config.o
 .ARM.attributes
                0x00000000000003c9       0x33 ./Src/main.o
 .ARM.attributes
                0x00000000000003fc       0x33 ./Src/stm32f4xx_hal_msp.o
 .ARM.attributes
                0x000000000000042f       0x33 ./Src/stm32f4xx_it.o
 .ARM.attributes
                0x0000000000000462       0x1e /home/bsaleh/gcc-arm/bin/../lib/gcc/arm-none-eabi/6.2.1/thumb/v7e-m/libgcc.a(_arm_addsubdf3.o)
 .ARM.attributes
                0x0000000000000480       0x1e /home/bsaleh/gcc-arm/bin/../lib/gcc/arm-none-eabi/6.2.1/thumb/v7e-m/libgcc.a(_arm_muldivdf3.o)
 .ARM.attributes
                0x000000000000049e       0x1e /home/bsaleh/gcc-arm/bin/../lib/gcc/arm-none-eabi/6.2.1/thumb/v7e-m/libgcc.a(_arm_truncdfsf2.o)
 .ARM.attributes
                0x00000000000004bc       0x1e /home/bsaleh/gcc-arm/bin/../lib/gcc/arm-none-eabi/6.2.1/thumb/v7e-m/libgcc.a(_arm_fixsfsi.o)
 .ARM.attributes
                0x00000000000004da       0x2e /home/bsaleh/gcc-arm/bin/../lib/gcc/arm-none-eabi/6.2.1/../../../../arm-none-eabi/lib/thumb/v7e-m/libg_nano.a(lib_a-errno.o)
 .ARM.attributes
                0x0000000000000508       0x2e /home/bsaleh/gcc-arm/bin/../lib/gcc/arm-none-eabi/6.2.1/../../../../arm-none-eabi/lib/thumb/v7e-m/libg_nano.a(lib_a-impure.o)
 .ARM.attributes
                0x0000000000000536       0x2e /home/bsaleh/gcc-arm/bin/../lib/gcc/arm-none-eabi/6.2.1/../../../../arm-none-eabi/lib/thumb/v7e-m/libg_nano.a(lib_a-vsnprintf.o)
 .ARM.attributes
                0x0000000000000564       0x2e /home/bsaleh/gcc-arm/bin/../lib/gcc/arm-none-eabi/6.2.1/../../../../arm-none-eabi/lib/thumb/v7e-m/libg_nano.a(lib_a-nano-svfprintf.o)
 .ARM.attributes
                0x0000000000000592       0x2e /home/bsaleh/gcc-arm/bin/../lib/gcc/arm-none-eabi/6.2.1/../../../../arm-none-eabi/lib/thumb/v7e-m/libg_nano.a(lib_a-nano-vfprintf_i.o)
 .ARM.attributes
                0x00000000000005c0       0x1c /home/bsaleh/gcc-arm/bin/../lib/gcc/arm-none-eabi/6.2.1/../../../../arm-none-eabi/lib/thumb/v7e-m/libg_nano.a(lib_a-memchr.o)
 .ARM.attributes
                0x00000000000005dc       0x2e /home/bsaleh/gcc-arm/bin/../lib/gcc/arm-none-eabi/6.2.1/../../../../arm-none-eabi/lib/thumb/v7e-m/libg_nano.a(lib_a-memcpy-stub.o)
 .ARM.attributes
                0x000000000000060a       0x2e /home/bsaleh/gcc-arm/bin/../lib/gcc/arm-none-eabi/6.2.1/../../../../arm-none-eabi/lib/thumb/v7e-m/libg_nano.a(lib_a-memmove.o)
 .ARM.attributes
                0x0000000000000638       0x2e /home/bsaleh/gcc-arm/bin/../lib/gcc/arm-none-eabi/6.2.1/../../../../arm-none-eabi/lib/thumb/v7e-m/libg_nano.a(lib_a-nano-freer.o)
 .ARM.attributes
                0x0000000000000666       0x2e /home/bsaleh/gcc-arm/bin/../lib/gcc/arm-none-eabi/6.2.1/../../../../arm-none-eabi/lib/thumb/v7e-m/libg_nano.a(lib_a-nano-mallocr.o)
 .ARM.attributes
                0x0000000000000694       0x2e /home/bsaleh/gcc-arm/bin/../lib/gcc/arm-none-eabi/6.2.1/../../../../arm-none-eabi/lib/thumb/v7e-m/libg_nano.a(lib_a-nano-reallocr.o)
 .ARM.attributes
                0x00000000000006c2       0x2e /home/bsaleh/gcc-arm/bin/../lib/gcc/arm-none-eabi/6.2.1/../../../../arm-none-eabi/lib/thumb/v7e-m/libg_nano.a(lib_a-sbrkr.o)
 .ARM.attributes
                0x00000000000006f0       0x2e /home/bsaleh/gcc-arm/bin/../lib/gcc/arm-none-eabi/6.2.1/../../../../arm-none-eabi/lib/thumb/v7e-m/libg_nano.a(lib_a-mlock.o)
 .ARM.attributes
                0x000000000000071e       0x2e /home/bsaleh/gcc-arm/bin/../lib/gcc/arm-none-eabi/6.2.1/../../../../arm-none-eabi/lib/thumb/v7e-m/libg_nano.a(lib_a-nano-msizer.o)

.debug
 *(.debug)

.line
 *(.line)

.debug_srcinfo
 *(.debug_srcinfo)

.debug_sfnames
 *(.debug_sfnames)

.debug_aranges  0x0000000000000000      0xa58
 *(.debug_aranges)
 .debug_aranges
                0x0000000000000000       0xd0 ./system/Src/stm32f4-hal/stm32f4xx_hal.o
 .debug_aranges
                0x00000000000000d0       0x98 ./system/Src/stm32f4-hal/stm32f4xx_hal_cortex.o
 .debug_aranges
                0x0000000000000168       0x58 ./system/Src/stm32f4-hal/stm32f4xx_hal_gpio.o
 .debug_aranges
                0x00000000000001c0       0x70 ./system/Src/stm32f4-hal/stm32f4xx_hal_pwr_ex.o
 .debug_aranges
                0x0000000000000230       0x88 ./system/Src/stm32f4-hal/stm32f4xx_hal_rcc.o
 .debug_aranges
                0x00000000000002b8       0x48 ./system/Src/stm32f4-hal/stm32f4xx_hal_rcc_ex.o
 .debug_aranges
                0x0000000000000300      0x180 ./system/Src/stm32f4-hal/stm32f4xx_hal_spi.o
 .debug_aranges
                0x0000000000000480      0x168 ./system/Src/stm32f4-hal/stm32f4xx_hal_uart.o
 .debug_aranges
                0x00000000000005e8       0x28 ./system/Src/newlib/_exit.o
 .debug_aranges
                0x0000000000000610       0x20 ./system/Src/newlib/_sbrk.o
 .debug_aranges
                0x0000000000000630       0x40 ./system/Src/newlib/_startup.o
 .debug_aranges
                0x0000000000000670       0x30 ./system/Src/newlib/_syscalls.o
 .debug_aranges
                0x00000000000006a0       0x28 ./system/Src/cortexm/_initialize_hardware.o
 .debug_aranges
                0x00000000000006c8       0x80 ./system/Src/cortexm/exception_handlers.o
 .debug_aranges
                0x0000000000000748       0x28 ./system/Src/cmsis/system_stm32f4xx.o
 .debug_aranges
                0x0000000000000770       0x20 ./system/Src/cmsis/vectors_stm32f469xx.o
 .debug_aranges
                0x0000000000000790      0x148 ./system/Src/stm32469i_discovery.o
 .debug_aranges
                0x00000000000008d8       0x28 ./Src/_initialize_hardware.o
 .debug_aranges
                0x0000000000000900       0x88 ./Src/config.o
 .debug_aranges
                0x0000000000000988       0x28 ./Src/main.o
 .debug_aranges
                0x00000000000009b0       0x38 ./Src/stm32f4xx_hal_msp.o
 .debug_aranges
                0x00000000000009e8       0x70 ./Src/stm32f4xx_it.o

.debug_pubnames
 *(.debug_pubnames)

.debug_info     0x0000000000000000    0x18d29
 *(.debug_info .gnu.linkonce.wi.*)
 .debug_info    0x0000000000000000     0x11c5 ./system/Src/stm32f4-hal/stm32f4xx_hal.o
 .debug_info    0x00000000000011c5     0x1935 ./system/Src/stm32f4-hal/stm32f4xx_hal_cortex.o
 .debug_info    0x0000000000002afa     0x10a1 ./system/Src/stm32f4-hal/stm32f4xx_hal_gpio.o
 .debug_info    0x0000000000003b9b     0x123e ./system/Src/stm32f4-hal/stm32f4xx_hal_pwr_ex.o
 .debug_info    0x0000000000004dd9     0x1773 ./system/Src/stm32f4-hal/stm32f4xx_hal_rcc.o
 .debug_info    0x000000000000654c     0x1aaf ./system/Src/stm32f4-hal/stm32f4xx_hal_rcc_ex.o
 .debug_info    0x0000000000007ffb     0x209a ./system/Src/stm32f4-hal/stm32f4xx_hal_spi.o
 .debug_info    0x000000000000a095     0x1e4a ./system/Src/stm32f4-hal/stm32f4xx_hal_uart.o
 .debug_info    0x000000000000bedf      0x946 ./system/Src/newlib/_exit.o
 .debug_info    0x000000000000c825      0x93e ./system/Src/newlib/_sbrk.o
 .debug_info    0x000000000000d163      0x4ca ./system/Src/newlib/_startup.o
 .debug_info    0x000000000000d62d      0xa15 ./system/Src/newlib/_syscalls.o
 .debug_info    0x000000000000e042      0xada ./system/Src/cortexm/_initialize_hardware.o
 .debug_info    0x000000000000eb1c      0xafe ./system/Src/cortexm/exception_handlers.o
 .debug_info    0x000000000000f61a      0xcea ./system/Src/cmsis/system_stm32f4xx.o
 .debug_info    0x0000000000010304       0xd1 ./system/Src/cmsis/vectors_stm32f469xx.o
 .debug_info    0x00000000000103d5     0x2488 ./system/Src/stm32469i_discovery.o
 .debug_info    0x000000000001285d      0xd2d ./Src/_initialize_hardware.o
 .debug_info    0x000000000001358a     0x1c06 ./Src/config.o
 .debug_info    0x0000000000015190     0x1130 ./Src/main.o
 .debug_info    0x00000000000162c0     0x1557 ./Src/stm32f4xx_hal_msp.o
 .debug_info    0x0000000000017817     0x1512 ./Src/stm32f4xx_it.o

.debug_abbrev   0x0000000000000000     0x380c
 *(.debug_abbrev)
 .debug_abbrev  0x0000000000000000      0x329 ./system/Src/stm32f4-hal/stm32f4xx_hal.o
 .debug_abbrev  0x0000000000000329      0x3ef ./system/Src/stm32f4-hal/stm32f4xx_hal_cortex.o
 .debug_abbrev  0x0000000000000718      0x2dc ./system/Src/stm32f4-hal/stm32f4xx_hal_gpio.o
 .debug_abbrev  0x00000000000009f4      0x380 ./system/Src/stm32f4-hal/stm32f4xx_hal_pwr_ex.o
 .debug_abbrev  0x0000000000000d74      0x392 ./system/Src/stm32f4-hal/stm32f4xx_hal_rcc.o
 .debug_abbrev  0x0000000000001106      0x315 ./system/Src/stm32f4-hal/stm32f4xx_hal_rcc_ex.o
 .debug_abbrev  0x000000000000141b      0x2f0 ./system/Src/stm32f4-hal/stm32f4xx_hal_spi.o
 .debug_abbrev  0x000000000000170b      0x31b ./system/Src/stm32f4-hal/stm32f4xx_hal_uart.o
 .debug_abbrev  0x0000000000001a26      0x1f5 ./system/Src/newlib/_exit.o
 .debug_abbrev  0x0000000000001c1b      0x1fc ./system/Src/newlib/_sbrk.o
 .debug_abbrev  0x0000000000001e17      0x1c4 ./system/Src/newlib/_startup.o
 .debug_abbrev  0x0000000000001fdb      0x234 ./system/Src/newlib/_syscalls.o
 .debug_abbrev  0x000000000000220f      0x1de ./system/Src/cortexm/_initialize_hardware.o
 .debug_abbrev  0x00000000000023ed      0x23a ./system/Src/cortexm/exception_handlers.o
 .debug_abbrev  0x0000000000002627      0x216 ./system/Src/cmsis/system_stm32f4xx.o
 .debug_abbrev  0x000000000000283d       0x9d ./system/Src/cmsis/vectors_stm32f469xx.o
 .debug_abbrev  0x00000000000028da      0x35e ./system/Src/stm32469i_discovery.o
 .debug_abbrev  0x0000000000002c38      0x22d ./Src/_initialize_hardware.o
 .debug_abbrev  0x0000000000002e65      0x2cd ./Src/config.o
 .debug_abbrev  0x0000000000003132      0x256 ./Src/main.o
 .debug_abbrev  0x0000000000003388      0x249 ./Src/stm32f4xx_hal_msp.o
 .debug_abbrev  0x00000000000035d1      0x23b ./Src/stm32f4xx_it.o

.debug_line     0x0000000000000000     0x973f
 *(.debug_line)
 .debug_line    0x0000000000000000      0x734 ./system/Src/stm32f4-hal/stm32f4xx_hal.o
 .debug_line    0x0000000000000734      0x800 ./system/Src/stm32f4-hal/stm32f4xx_hal_cortex.o
 .debug_line    0x0000000000000f34      0x853 ./system/Src/stm32f4-hal/stm32f4xx_hal_gpio.o
 .debug_line    0x0000000000001787      0x71a ./system/Src/stm32f4-hal/stm32f4xx_hal_pwr_ex.o
 .debug_line    0x0000000000001ea1      0x981 ./system/Src/stm32f4-hal/stm32f4xx_hal_rcc.o
 .debug_line    0x0000000000002822      0xae6 ./system/Src/stm32f4-hal/stm32f4xx_hal_rcc_ex.o
 .debug_line    0x0000000000003308      0xef6 ./system/Src/stm32f4-hal/stm32f4xx_hal_spi.o
 .debug_line    0x00000000000041fe      0xf1d ./system/Src/stm32f4-hal/stm32f4xx_hal_uart.o
 .debug_line    0x000000000000511b      0x2bb ./system/Src/newlib/_exit.o
 .debug_line    0x00000000000053d6      0x274 ./system/Src/newlib/_sbrk.o
 .debug_line    0x000000000000564a      0x33c ./system/Src/newlib/_startup.o
 .debug_line    0x0000000000005986      0x368 ./system/Src/newlib/_syscalls.o
 .debug_line    0x0000000000005cee      0x5a4 ./system/Src/cortexm/_initialize_hardware.o
 .debug_line    0x0000000000006292      0x675 ./system/Src/cortexm/exception_handlers.o
 .debug_line    0x0000000000006907      0x5ac ./system/Src/cmsis/system_stm32f4xx.o
 .debug_line    0x0000000000006eb3       0xdd ./system/Src/cmsis/vectors_stm32f469xx.o
 .debug_line    0x0000000000006f90      0x8ae ./system/Src/stm32469i_discovery.o
 .debug_line    0x000000000000783e      0x5a0 ./Src/_initialize_hardware.o
 .debug_line    0x0000000000007dde      0x720 ./Src/config.o
 .debug_line    0x00000000000084fe      0x5ca ./Src/main.o
 .debug_line    0x0000000000008ac8      0x619 ./Src/stm32f4xx_hal_msp.o
 .debug_line    0x00000000000090e1      0x65e ./Src/stm32f4xx_it.o

.debug_frame    0x0000000000000000     0x1de8
 *(.debug_frame)
 .debug_frame   0x0000000000000000      0x1a8 ./system/Src/stm32f4-hal/stm32f4xx_hal.o
 .debug_frame   0x00000000000001a8      0x17c ./system/Src/stm32f4-hal/stm32f4xx_hal_cortex.o
 .debug_frame   0x0000000000000324       0xfc ./system/Src/stm32f4-hal/stm32f4xx_hal_gpio.o
 .debug_frame   0x0000000000000420      0x118 ./system/Src/stm32f4-hal/stm32f4xx_hal_pwr_ex.o
 .debug_frame   0x0000000000000538      0x140 ./system/Src/stm32f4-hal/stm32f4xx_hal_rcc.o
 .debug_frame   0x0000000000000678       0xb8 ./system/Src/stm32f4-hal/stm32f4xx_hal_rcc_ex.o
 .debug_frame   0x0000000000000730      0x498 ./system/Src/stm32f4-hal/stm32f4xx_hal_spi.o
 .debug_frame   0x0000000000000bc8      0x3e0 ./system/Src/stm32f4-hal/stm32f4xx_hal_uart.o
 .debug_frame   0x0000000000000fa8       0x38 ./system/Src/newlib/_exit.o
 .debug_frame   0x0000000000000fe0       0x28 ./system/Src/newlib/_sbrk.o
 .debug_frame   0x0000000000001008       0x7c ./system/Src/newlib/_startup.o
 .debug_frame   0x0000000000001084       0x50 ./system/Src/newlib/_syscalls.o
 .debug_frame   0x00000000000010d4       0x40 ./system/Src/cortexm/_initialize_hardware.o
 .debug_frame   0x0000000000001114       0xe8 ./system/Src/cortexm/exception_handlers.o
 .debug_frame   0x00000000000011fc       0x30 ./system/Src/cmsis/system_stm32f4xx.o
 .debug_frame   0x000000000000122c       0x20 ./system/Src/cmsis/vectors_stm32f469xx.o
 .debug_frame   0x000000000000124c      0x420 ./system/Src/stm32469i_discovery.o
 .debug_frame   0x000000000000166c       0x4c ./Src/_initialize_hardware.o
 .debug_frame   0x00000000000016b8      0x1a0 ./Src/config.o
 .debug_frame   0x0000000000001858       0x38 ./Src/main.o
 .debug_frame   0x0000000000001890       0x84 ./Src/stm32f4xx_hal_msp.o
 .debug_frame   0x0000000000001914       0xc8 ./Src/stm32f4xx_it.o
 .debug_frame   0x00000000000019dc       0xac /home/bsaleh/gcc-arm/bin/../lib/gcc/arm-none-eabi/6.2.1/thumb/v7e-m/libgcc.a(_arm_addsubdf3.o)
 .debug_frame   0x0000000000001a88       0x50 /home/bsaleh/gcc-arm/bin/../lib/gcc/arm-none-eabi/6.2.1/thumb/v7e-m/libgcc.a(_arm_muldivdf3.o)
 .debug_frame   0x0000000000001ad8       0x24 /home/bsaleh/gcc-arm/bin/../lib/gcc/arm-none-eabi/6.2.1/thumb/v7e-m/libgcc.a(_arm_truncdfsf2.o)
 .debug_frame   0x0000000000001afc       0x24 /home/bsaleh/gcc-arm/bin/../lib/gcc/arm-none-eabi/6.2.1/thumb/v7e-m/libgcc.a(_arm_fixsfsi.o)
 .debug_frame   0x0000000000001b20       0x20 /home/bsaleh/gcc-arm/bin/../lib/gcc/arm-none-eabi/6.2.1/../../../../arm-none-eabi/lib/thumb/v7e-m/libg_nano.a(lib_a-errno.o)
 .debug_frame   0x0000000000001b40       0x4c /home/bsaleh/gcc-arm/bin/../lib/gcc/arm-none-eabi/6.2.1/../../../../arm-none-eabi/lib/thumb/v7e-m/libg_nano.a(lib_a-vsnprintf.o)
 .debug_frame   0x0000000000001b8c       0x90 /home/bsaleh/gcc-arm/bin/../lib/gcc/arm-none-eabi/6.2.1/../../../../arm-none-eabi/lib/thumb/v7e-m/libg_nano.a(lib_a-nano-svfprintf.o)
 .debug_frame   0x0000000000001c1c       0x60 /home/bsaleh/gcc-arm/bin/../lib/gcc/arm-none-eabi/6.2.1/../../../../arm-none-eabi/lib/thumb/v7e-m/libg_nano.a(lib_a-nano-vfprintf_i.o)
 .debug_frame   0x0000000000001c7c       0x28 /home/bsaleh/gcc-arm/bin/../lib/gcc/arm-none-eabi/6.2.1/../../../../arm-none-eabi/lib/thumb/v7e-m/libg_nano.a(lib_a-memcpy-stub.o)
 .debug_frame   0x0000000000001ca4       0x28 /home/bsaleh/gcc-arm/bin/../lib/gcc/arm-none-eabi/6.2.1/../../../../arm-none-eabi/lib/thumb/v7e-m/libg_nano.a(lib_a-memmove.o)
 .debug_frame   0x0000000000001ccc       0x38 /home/bsaleh/gcc-arm/bin/../lib/gcc/arm-none-eabi/6.2.1/../../../../arm-none-eabi/lib/thumb/v7e-m/libg_nano.a(lib_a-nano-freer.o)
 .debug_frame   0x0000000000001d04       0x2c /home/bsaleh/gcc-arm/bin/../lib/gcc/arm-none-eabi/6.2.1/../../../../arm-none-eabi/lib/thumb/v7e-m/libg_nano.a(lib_a-nano-mallocr.o)
 .debug_frame   0x0000000000001d30       0x3c /home/bsaleh/gcc-arm/bin/../lib/gcc/arm-none-eabi/6.2.1/../../../../arm-none-eabi/lib/thumb/v7e-m/libg_nano.a(lib_a-nano-reallocr.o)
 .debug_frame   0x0000000000001d6c       0x2c /home/bsaleh/gcc-arm/bin/../lib/gcc/arm-none-eabi/6.2.1/../../../../arm-none-eabi/lib/thumb/v7e-m/libg_nano.a(lib_a-sbrkr.o)
 .debug_frame   0x0000000000001d98       0x30 /home/bsaleh/gcc-arm/bin/../lib/gcc/arm-none-eabi/6.2.1/../../../../arm-none-eabi/lib/thumb/v7e-m/libg_nano.a(lib_a-mlock.o)
 .debug_frame   0x0000000000001dc8       0x20 /home/bsaleh/gcc-arm/bin/../lib/gcc/arm-none-eabi/6.2.1/../../../../arm-none-eabi/lib/thumb/v7e-m/libg_nano.a(lib_a-nano-msizer.o)

.debug_str      0x0000000000000000    0x82d49
 *(.debug_str)
 .debug_str     0x0000000000000000    0x7bb46 ./system/Src/stm32f4-hal/stm32f4xx_hal.o
                                      0x7bfb4 (size before relaxing)
 .debug_str     0x000000000007bb46      0x38c ./system/Src/stm32f4-hal/stm32f4xx_hal_cortex.o
                                      0x7bde2 (size before relaxing)
 .debug_str     0x000000000007bed2      0x2d7 ./system/Src/stm32f4-hal/stm32f4xx_hal_gpio.o
                                      0x7b791 (size before relaxing)
 .debug_str     0x000000000007c1a9      0x19c ./system/Src/stm32f4-hal/stm32f4xx_hal_pwr_ex.o
                                      0x7b765 (size before relaxing)
 .debug_str     0x000000000007c345      0x38c ./system/Src/stm32f4-hal/stm32f4xx_hal_rcc.o
                                      0x7b924 (size before relaxing)
 .debug_str     0x000000000007c6d1      0x196 ./system/Src/stm32f4-hal/stm32f4xx_hal_rcc_ex.o
                                      0x7b774 (size before relaxing)
 .debug_str     0x000000000007c867      0x85b ./system/Src/stm32f4-hal/stm32f4xx_hal_spi.o
                                      0x7bc49 (size before relaxing)
 .debug_str     0x000000000007d0c2      0x529 ./system/Src/stm32f4-hal/stm32f4xx_hal_uart.o
                                      0x7bc10 (size before relaxing)
 .debug_str     0x000000000007d5eb     0x10e1 ./system/Src/newlib/_exit.o
                                       0x73a0 (size before relaxing)
 .debug_str     0x000000000007e6cc      0x4f5 ./system/Src/newlib/_sbrk.o
                                       0x676b (size before relaxing)
 .debug_str     0x000000000007ebc1      0x2c6 ./system/Src/newlib/_startup.o
                                       0x5f90 (size before relaxing)
 .debug_str     0x000000000007ee87      0xe2c ./system/Src/newlib/_syscalls.o
                                       0x75e7 (size before relaxing)
 .debug_str     0x000000000007fcb3       0x77 ./system/Src/cortexm/_initialize_hardware.o
                                      0x7b42d (size before relaxing)
 .debug_str     0x000000000007fd2a      0x1ce ./system/Src/cortexm/exception_handlers.o
                                      0x7c4e4 (size before relaxing)
 .debug_str     0x000000000007fef8       0x46 ./system/Src/cmsis/system_stm32f4xx.o
                                      0x7b50f (size before relaxing)
 .debug_str     0x000000000007ff3e       0x59 ./system/Src/cmsis/vectors_stm32f469xx.o
                                       0x30e3 (size before relaxing)
 .debug_str     0x000000000007ff97     0x1461 ./system/Src/stm32469i_discovery.o
                                      0x7d245 (size before relaxing)
 .debug_str     0x00000000000813f8       0x31 ./Src/_initialize_hardware.o
                                      0x7b62a (size before relaxing)
 .debug_str     0x0000000000081429     0x168f ./Src/config.o
                                      0x7e08b (size before relaxing)
 .debug_str     0x0000000000082ab8       0x1b ./Src/main.o
                                      0x7dbe4 (size before relaxing)
 .debug_str     0x0000000000082ad3       0x1b ./Src/stm32f4xx_hal_msp.o
                                      0x7dd19 (size before relaxing)
 .debug_str     0x0000000000082aee      0x25b ./Src/stm32f4xx_it.o
                                      0x7de2a (size before relaxing)

.debug_loc      0x0000000000000000     0x555f
 *(.debug_loc)
 .debug_loc     0x0000000000000000       0xbe ./system/Src/stm32f4-hal/stm32f4xx_hal.o
 .debug_loc     0x00000000000000be      0x73b ./system/Src/stm32f4-hal/stm32f4xx_hal_cortex.o
 .debug_loc     0x00000000000007f9      0x593 ./system/Src/stm32f4-hal/stm32f4xx_hal_gpio.o
 .debug_loc     0x0000000000000d8c      0x272 ./system/Src/stm32f4-hal/stm32f4xx_hal_pwr_ex.o
 .debug_loc     0x0000000000000ffe      0x4cd ./system/Src/stm32f4-hal/stm32f4xx_hal_rcc.o
 .debug_loc     0x00000000000014cb      0x6d6 ./system/Src/stm32f4-hal/stm32f4xx_hal_rcc_ex.o
 .debug_loc     0x0000000000001ba1     0x150d ./system/Src/stm32f4-hal/stm32f4xx_hal_spi.o
 .debug_loc     0x00000000000030ae     0x1264 ./system/Src/stm32f4-hal/stm32f4xx_hal_uart.o
 .debug_loc     0x0000000000004312       0x85 ./system/Src/newlib/_sbrk.o
 .debug_loc     0x0000000000004397      0x2d3 ./system/Src/newlib/_startup.o
 .debug_loc     0x000000000000466a       0x63 ./system/Src/newlib/_syscalls.o
 .debug_loc     0x00000000000046cd      0x13e ./system/Src/cmsis/system_stm32f4xx.o
 .debug_loc     0x000000000000480b      0xa8a ./system/Src/stm32469i_discovery.o
 .debug_loc     0x0000000000005295      0x246 ./Src/config.o
 .debug_loc     0x00000000000054db       0x84 ./Src/stm32f4xx_hal_msp.o

.debug_macinfo
 *(.debug_macinfo)

.debug_weaknames
 *(.debug_weaknames)

.debug_funcnames
 *(.debug_funcnames)

.debug_typenames
 *(.debug_typenames)

.debug_varnames
 *(.debug_varnames)
OUTPUT(SpiTest.elf elf32-littlearm)

.debug_ranges   0x0000000000000000      0x9b8
 .debug_ranges  0x0000000000000000       0xc0 ./system/Src/stm32f4-hal/stm32f4xx_hal.o
 .debug_ranges  0x00000000000000c0       0xe8 ./system/Src/stm32f4-hal/stm32f4xx_hal_cortex.o
 .debug_ranges  0x00000000000001a8       0x48 ./system/Src/stm32f4-hal/stm32f4xx_hal_gpio.o
 .debug_ranges  0x00000000000001f0       0x60 ./system/Src/stm32f4-hal/stm32f4xx_hal_pwr_ex.o
 .debug_ranges  0x0000000000000250       0x78 ./system/Src/stm32f4-hal/stm32f4xx_hal_rcc.o
 .debug_ranges  0x00000000000002c8       0x38 ./system/Src/stm32f4-hal/stm32f4xx_hal_rcc_ex.o
 .debug_ranges  0x0000000000000300      0x170 ./system/Src/stm32f4-hal/stm32f4xx_hal_spi.o
 .debug_ranges  0x0000000000000470      0x158 ./system/Src/stm32f4-hal/stm32f4xx_hal_uart.o
 .debug_ranges  0x00000000000005c8       0x18 ./system/Src/newlib/_exit.o
 .debug_ranges  0x00000000000005e0       0x10 ./system/Src/newlib/_sbrk.o
 .debug_ranges  0x00000000000005f0       0x90 ./system/Src/newlib/_startup.o
 .debug_ranges  0x0000000000000680       0x20 ./system/Src/newlib/_syscalls.o
 .debug_ranges  0x00000000000006a0       0x18 ./system/Src/cortexm/_initialize_hardware.o
 .debug_ranges  0x00000000000006b8       0x70 ./system/Src/cortexm/exception_handlers.o
 .debug_ranges  0x0000000000000728       0x18 ./system/Src/cmsis/system_stm32f4xx.o
 .debug_ranges  0x0000000000000740       0x10 ./system/Src/cmsis/vectors_stm32f469xx.o
 .debug_ranges  0x0000000000000750      0x138 ./system/Src/stm32469i_discovery.o
 .debug_ranges  0x0000000000000888       0x18 ./Src/_initialize_hardware.o
 .debug_ranges  0x00000000000008a0       0x78 ./Src/config.o
 .debug_ranges  0x0000000000000918       0x18 ./Src/main.o
 .debug_ranges  0x0000000000000930       0x28 ./Src/stm32f4xx_hal_msp.o
 .debug_ranges  0x0000000000000958       0x60 ./Src/stm32f4xx_it.o

.debug_macro    0x0000000000000000    0x1a9f1
 .debug_macro   0x0000000000000000      0x357 ./system/Src/stm32f4-hal/stm32f4xx_hal.o
 .debug_macro   0x0000000000000357      0x8b6 ./system/Src/stm32f4-hal/stm32f4xx_hal.o
 .debug_macro   0x0000000000000c0d      0x18c ./system/Src/stm32f4-hal/stm32f4xx_hal.o
 .debug_macro   0x0000000000000d99       0x31 ./system/Src/stm32f4-hal/stm32f4xx_hal.o
 .debug_macro   0x0000000000000dca       0x28 ./system/Src/stm32f4-hal/stm32f4xx_hal.o
 .debug_macro   0x0000000000000df2      0x34e ./system/Src/stm32f4-hal/stm32f4xx_hal.o
 .debug_macro   0x0000000000001140       0x35 ./system/Src/stm32f4-hal/stm32f4xx_hal.o
 .debug_macro   0x0000000000001175       0x50 ./system/Src/stm32f4-hal/stm32f4xx_hal.o
 .debug_macro   0x00000000000011c5      0xe66 ./system/Src/stm32f4-hal/stm32f4xx_hal.o
 .debug_macro   0x000000000000202b     0xbbad ./system/Src/stm32f4-hal/stm32f4xx_hal.o
 .debug_macro   0x000000000000dbd8       0x43 ./system/Src/stm32f4-hal/stm32f4xx_hal.o
 .debug_macro   0x000000000000dc1b     0x34ef ./system/Src/stm32f4-hal/stm32f4xx_hal.o
 .debug_macro   0x000000000001110a       0x22 ./system/Src/stm32f4-hal/stm32f4xx_hal.o
 .debug_macro   0x000000000001112c       0x4c ./system/Src/stm32f4-hal/stm32f4xx_hal.o
 .debug_macro   0x0000000000011178       0x8d ./system/Src/stm32f4-hal/stm32f4xx_hal.o
 .debug_macro   0x0000000000011205       0x35 ./system/Src/stm32f4-hal/stm32f4xx_hal.o
 .debug_macro   0x000000000001123a       0x9c ./system/Src/stm32f4-hal/stm32f4xx_hal.o
 .debug_macro   0x00000000000112d6       0x16 ./system/Src/stm32f4-hal/stm32f4xx_hal.o
 .debug_macro   0x00000000000112ec       0x57 ./system/Src/stm32f4-hal/stm32f4xx_hal.o
 .debug_macro   0x0000000000011343       0x97 ./system/Src/stm32f4-hal/stm32f4xx_hal.o
 .debug_macro   0x00000000000113da      0x30d ./system/Src/stm32f4-hal/stm32f4xx_hal.o
 .debug_macro   0x00000000000116e7       0xfd ./system/Src/stm32f4-hal/stm32f4xx_hal.o
 .debug_macro   0x00000000000117e4       0x10 ./system/Src/stm32f4-hal/stm32f4xx_hal.o
 .debug_macro   0x00000000000117f4       0x52 ./system/Src/stm32f4-hal/stm32f4xx_hal.o
 .debug_macro   0x0000000000011846       0x1f ./system/Src/stm32f4-hal/stm32f4xx_hal.o
 .debug_macro   0x0000000000011865       0x43 ./system/Src/stm32f4-hal/stm32f4xx_hal.o
 .debug_macro   0x00000000000118a8       0x20 ./system/Src/stm32f4-hal/stm32f4xx_hal.o
 .debug_macro   0x00000000000118c8      0x187 ./system/Src/stm32f4-hal/stm32f4xx_hal.o
 .debug_macro   0x0000000000011a4f       0x10 ./system/Src/stm32f4-hal/stm32f4xx_hal.o
 .debug_macro   0x0000000000011a5f       0x6a ./system/Src/stm32f4-hal/stm32f4xx_hal.o
 .debug_macro   0x0000000000011ac9       0x1c ./system/Src/stm32f4-hal/stm32f4xx_hal.o
 .debug_macro   0x0000000000011ae5       0x52 ./system/Src/stm32f4-hal/stm32f4xx_hal.o
 .debug_macro   0x0000000000011b37       0x40 ./system/Src/stm32f4-hal/stm32f4xx_hal.o
 .debug_macro   0x0000000000011b77       0x10 ./system/Src/stm32f4-hal/stm32f4xx_hal.o
 .debug_macro   0x0000000000011b87       0x40 ./system/Src/stm32f4-hal/stm32f4xx_hal.o
 .debug_macro   0x0000000000011bc7       0xd7 ./system/Src/stm32f4-hal/stm32f4xx_hal.o
 .debug_macro   0x0000000000011c9e       0x16 ./system/Src/stm32f4-hal/stm32f4xx_hal.o
 .debug_macro   0x0000000000011cb4      0x18b ./system/Src/stm32f4-hal/stm32f4xx_hal.o
 .debug_macro   0x0000000000011e3f       0x57 ./system/Src/stm32f4-hal/stm32f4xx_hal.o
 .debug_macro   0x0000000000011e96      0xdc4 ./system/Src/stm32f4-hal/stm32f4xx_hal.o
 .debug_macro   0x0000000000012c5a      0x9e1 ./system/Src/stm32f4-hal/stm32f4xx_hal.o
 .debug_macro   0x000000000001363b      0x11e ./system/Src/stm32f4-hal/stm32f4xx_hal.o
 .debug_macro   0x0000000000013759      0x192 ./system/Src/stm32f4-hal/stm32f4xx_hal.o
 .debug_macro   0x00000000000138eb       0x27 ./system/Src/stm32f4-hal/stm32f4xx_hal.o
 .debug_macro   0x0000000000013912      0x287 ./system/Src/stm32f4-hal/stm32f4xx_hal.o
 .debug_macro   0x0000000000013b99       0x5f ./system/Src/stm32f4-hal/stm32f4xx_hal.o
 .debug_macro   0x0000000000013bf8      0x23a ./system/Src/stm32f4-hal/stm32f4xx_hal.o
 .debug_macro   0x0000000000013e32      0x36e ./system/Src/stm32f4-hal/stm32f4xx_hal.o
 .debug_macro   0x00000000000141a0      0x13a ./system/Src/stm32f4-hal/stm32f4xx_hal.o
 .debug_macro   0x00000000000142da      0x41d ./system/Src/stm32f4-hal/stm32f4xx_hal.o
 .debug_macro   0x00000000000146f7       0x2e ./system/Src/stm32f4-hal/stm32f4xx_hal.o
 .debug_macro   0x0000000000014725      0x1a7 ./system/Src/stm32f4-hal/stm32f4xx_hal.o
 .debug_macro   0x00000000000148cc       0x22 ./system/Src/stm32f4-hal/stm32f4xx_hal.o
 .debug_macro   0x00000000000148ee       0xa5 ./system/Src/stm32f4-hal/stm32f4xx_hal.o
 .debug_macro   0x0000000000014993      0x11e ./system/Src/stm32f4-hal/stm32f4xx_hal.o
 .debug_macro   0x0000000000014ab1       0xf0 ./system/Src/stm32f4-hal/stm32f4xx_hal.o
 .debug_macro   0x0000000000014ba1       0x89 ./system/Src/stm32f4-hal/stm32f4xx_hal.o
 .debug_macro   0x0000000000014c2a      0x202 ./system/Src/stm32f4-hal/stm32f4xx_hal.o
 .debug_macro   0x0000000000014e2c      0x287 ./system/Src/stm32f4-hal/stm32f4xx_hal.o
 .debug_macro   0x00000000000150b3      0x12c ./system/Src/stm32f4-hal/stm32f4xx_hal.o
 .debug_macro   0x00000000000151df      0x309 ./system/Src/stm32f4-hal/stm32f4xx_hal_cortex.o
 .debug_macro   0x00000000000154e8      0x341 ./system/Src/stm32f4-hal/stm32f4xx_hal_gpio.o
 .debug_macro   0x0000000000015829      0x321 ./system/Src/stm32f4-hal/stm32f4xx_hal_pwr_ex.o
 .debug_macro   0x0000000000015b4a      0x333 ./system/Src/stm32f4-hal/stm32f4xx_hal_rcc.o
 .debug_macro   0x0000000000015e7d      0x309 ./system/Src/stm32f4-hal/stm32f4xx_hal_rcc_ex.o
 .debug_macro   0x0000000000016186      0x311 ./system/Src/stm32f4-hal/stm32f4xx_hal_spi.o
 .debug_macro   0x0000000000016497      0x30a ./system/Src/stm32f4-hal/stm32f4xx_hal_uart.o
 .debug_macro   0x00000000000167a1      0x1a7 ./system/Src/newlib/_exit.o
 .debug_macro   0x0000000000016948      0x10e ./system/Src/newlib/_exit.o
 .debug_macro   0x0000000000016a56       0x8d ./system/Src/newlib/_exit.o
 .debug_macro   0x0000000000016ae3       0x35 ./system/Src/newlib/_exit.o
 .debug_macro   0x0000000000016b18      0x15c ./system/Src/newlib/_sbrk.o
 .debug_macro   0x0000000000016c74      0x174 ./system/Src/newlib/_sbrk.o
 .debug_macro   0x0000000000016de8       0x10 ./system/Src/newlib/_sbrk.o
 .debug_macro   0x0000000000016df8      0x23b ./system/Src/newlib/_sbrk.o
 .debug_macro   0x0000000000017033      0x166 ./system/Src/newlib/_startup.o
 .debug_macro   0x0000000000017199      0x8bc ./system/Src/newlib/_startup.o
 .debug_macro   0x0000000000017a55      0x20a ./system/Src/newlib/_syscalls.o
 .debug_macro   0x0000000000017c5f       0x1c ./system/Src/newlib/_syscalls.o
 .debug_macro   0x0000000000017c7b       0x10 ./system/Src/newlib/_syscalls.o
 .debug_macro   0x0000000000017c8b       0x10 ./system/Src/newlib/_syscalls.o
 .debug_macro   0x0000000000017c9b       0x10 ./system/Src/newlib/_syscalls.o
 .debug_macro   0x0000000000017cab       0x35 ./system/Src/newlib/_syscalls.o
 .debug_macro   0x0000000000017ce0      0x122 ./system/Src/newlib/_syscalls.o
 .debug_macro   0x0000000000017e02       0x88 ./system/Src/newlib/_syscalls.o
 .debug_macro   0x0000000000017e8a       0x2b ./system/Src/newlib/_syscalls.o
 .debug_macro   0x0000000000017eb5      0x118 ./system/Src/newlib/_syscalls.o
 .debug_macro   0x0000000000017fcd      0x159 ./system/Src/newlib/_syscalls.o
 .debug_macro   0x0000000000018126       0x16 ./system/Src/newlib/_syscalls.o
 .debug_macro   0x000000000001813c      0x313 ./system/Src/cortexm/_initialize_hardware.o
 .debug_macro   0x000000000001844f      0x372 ./system/Src/cortexm/exception_handlers.o
 .debug_macro   0x00000000000187c1       0x3b ./system/Src/cortexm/exception_handlers.o
 .debug_macro   0x00000000000187fc       0x22 ./system/Src/cortexm/exception_handlers.o
 .debug_macro   0x000000000001881e       0x16 ./system/Src/cortexm/exception_handlers.o
 .debug_macro   0x0000000000018834      0x30f ./system/Src/cmsis/system_stm32f4xx.o
 .debug_macro   0x0000000000018b43       0x34 ./system/Src/cmsis/vectors_stm32f469xx.o
 .debug_macro   0x0000000000018b77      0x336 ./system/Src/stm32469i_discovery.o
 .debug_macro   0x0000000000018ead      0x225 ./system/Src/stm32469i_discovery.o
 .debug_macro   0x00000000000190d2      0x309 ./Src/_initialize_hardware.o
 .debug_macro   0x00000000000193db      0x336 ./Src/config.o
 .debug_macro   0x0000000000019711       0x58 ./Src/config.o
 .debug_macro   0x0000000000019769       0xef ./Src/config.o
 .debug_macro   0x0000000000019858       0x82 ./Src/config.o
 .debug_macro   0x00000000000198da      0x376 ./Src/config.o
 .debug_macro   0x0000000000019c50       0xa2 ./Src/config.o
 .debug_macro   0x0000000000019cf2      0x22b ./Src/config.o
 .debug_macro   0x0000000000019f1d      0x124 ./Src/config.o
 .debug_macro   0x000000000001a041      0x336 ./Src/main.o
 .debug_macro   0x000000000001a377      0x336 ./Src/stm32f4xx_hal_msp.o
 .debug_macro   0x000000000001a6ad      0x344 ./Src/stm32f4xx_it.o
