Archive member included to satisfy reference by file (symbol)

/home/bsaleh/gcc-arm/bin/../lib/gcc/arm-none-eabi/6.2.1/../../../../arm-none-eabi/lib/thumb/v7e-m/libg_nano.a(lib_a-errno.o)
                              ./system/Src/newlib/_sbrk.o (__errno)
/home/bsaleh/gcc-arm/bin/../lib/gcc/arm-none-eabi/6.2.1/../../../../arm-none-eabi/lib/thumb/v7e-m/libg_nano.a(lib_a-impure.o)
                              /home/bsaleh/gcc-arm/bin/../lib/gcc/arm-none-eabi/6.2.1/../../../../arm-none-eabi/lib/thumb/v7e-m/libg_nano.a(lib_a-errno.o) (_impure_ptr)
/home/bsaleh/gcc-arm/bin/../lib/gcc/arm-none-eabi/6.2.1/../../../../arm-none-eabi/lib/thumb/v7e-m/libg_nano.a(lib_a-vsnprintf.o)
                              ./Src/config.o (vsnprintf)
/home/bsaleh/gcc-arm/bin/../lib/gcc/arm-none-eabi/6.2.1/../../../../arm-none-eabi/lib/thumb/v7e-m/libg_nano.a(lib_a-nano-svfprintf.o)
                              /home/bsaleh/gcc-arm/bin/../lib/gcc/arm-none-eabi/6.2.1/../../../../arm-none-eabi/lib/thumb/v7e-m/libg_nano.a(lib_a-vsnprintf.o) (_svfprintf_r)
/home/bsaleh/gcc-arm/bin/../lib/gcc/arm-none-eabi/6.2.1/../../../../arm-none-eabi/lib/thumb/v7e-m/libg_nano.a(lib_a-nano-vfprintf_i.o)
                              /home/bsaleh/gcc-arm/bin/../lib/gcc/arm-none-eabi/6.2.1/../../../../arm-none-eabi/lib/thumb/v7e-m/libg_nano.a(lib_a-nano-svfprintf.o) (_printf_i)
/home/bsaleh/gcc-arm/bin/../lib/gcc/arm-none-eabi/6.2.1/../../../../arm-none-eabi/lib/thumb/v7e-m/libg_nano.a(lib_a-memchr.o)
                              /home/bsaleh/gcc-arm/bin/../lib/gcc/arm-none-eabi/6.2.1/../../../../arm-none-eabi/lib/thumb/v7e-m/libg_nano.a(lib_a-nano-svfprintf.o) (memchr)
/home/bsaleh/gcc-arm/bin/../lib/gcc/arm-none-eabi/6.2.1/../../../../arm-none-eabi/lib/thumb/v7e-m/libg_nano.a(lib_a-memcpy-stub.o)
                              /home/bsaleh/gcc-arm/bin/../lib/gcc/arm-none-eabi/6.2.1/../../../../arm-none-eabi/lib/thumb/v7e-m/libg_nano.a(lib_a-nano-svfprintf.o) (memcpy)
/home/bsaleh/gcc-arm/bin/../lib/gcc/arm-none-eabi/6.2.1/../../../../arm-none-eabi/lib/thumb/v7e-m/libg_nano.a(lib_a-memmove.o)
                              /home/bsaleh/gcc-arm/bin/../lib/gcc/arm-none-eabi/6.2.1/../../../../arm-none-eabi/lib/thumb/v7e-m/libg_nano.a(lib_a-nano-svfprintf.o) (memmove)
/home/bsaleh/gcc-arm/bin/../lib/gcc/arm-none-eabi/6.2.1/../../../../arm-none-eabi/lib/thumb/v7e-m/libg_nano.a(lib_a-nano-freer.o)
                              /home/bsaleh/gcc-arm/bin/../lib/gcc/arm-none-eabi/6.2.1/../../../../arm-none-eabi/lib/thumb/v7e-m/libg_nano.a(lib_a-nano-svfprintf.o) (_free_r)
/home/bsaleh/gcc-arm/bin/../lib/gcc/arm-none-eabi/6.2.1/../../../../arm-none-eabi/lib/thumb/v7e-m/libg_nano.a(lib_a-nano-mallocr.o)
                              /home/bsaleh/gcc-arm/bin/../lib/gcc/arm-none-eabi/6.2.1/../../../../arm-none-eabi/lib/thumb/v7e-m/libg_nano.a(lib_a-nano-svfprintf.o) (_malloc_r)
/home/bsaleh/gcc-arm/bin/../lib/gcc/arm-none-eabi/6.2.1/../../../../arm-none-eabi/lib/thumb/v7e-m/libg_nano.a(lib_a-nano-reallocr.o)
                              /home/bsaleh/gcc-arm/bin/../lib/gcc/arm-none-eabi/6.2.1/../../../../arm-none-eabi/lib/thumb/v7e-m/libg_nano.a(lib_a-nano-svfprintf.o) (_realloc_r)
/home/bsaleh/gcc-arm/bin/../lib/gcc/arm-none-eabi/6.2.1/../../../../arm-none-eabi/lib/thumb/v7e-m/libg_nano.a(lib_a-sbrkr.o)
                              /home/bsaleh/gcc-arm/bin/../lib/gcc/arm-none-eabi/6.2.1/../../../../arm-none-eabi/lib/thumb/v7e-m/libg_nano.a(lib_a-nano-mallocr.o) (_sbrk_r)
/home/bsaleh/gcc-arm/bin/../lib/gcc/arm-none-eabi/6.2.1/../../../../arm-none-eabi/lib/thumb/v7e-m/libg_nano.a(lib_a-mlock.o)
                              /home/bsaleh/gcc-arm/bin/../lib/gcc/arm-none-eabi/6.2.1/../../../../arm-none-eabi/lib/thumb/v7e-m/libg_nano.a(lib_a-nano-freer.o) (__malloc_lock)
/home/bsaleh/gcc-arm/bin/../lib/gcc/arm-none-eabi/6.2.1/../../../../arm-none-eabi/lib/thumb/v7e-m/libg_nano.a(lib_a-nano-msizer.o)
                              /home/bsaleh/gcc-arm/bin/../lib/gcc/arm-none-eabi/6.2.1/../../../../arm-none-eabi/lib/thumb/v7e-m/libg_nano.a(lib_a-nano-reallocr.o) (_malloc_usable_size_r)

Allocating common symbols
Common symbol       size              file

errno               0x4               ./system/Src/newlib/_syscalls.o
uwTick              0x4               ./system/Src/stm32f4-hal/stm32f4xx_hal.o
pFlash              0x20              ./system/Src/stm32f4-hal/stm32f4xx_hal_flash.o
SpiHandle1          0x58              ./Src/config.o
aRxBuffer           0x5               ./Src/main.o
UartHandle1         0x40              ./Src/config.o

Discarded input sections

 .group         0x0000000000000000        0x8 ./system/Src/stm32f4-hal/stm32f4xx_hal.o
 .group         0x0000000000000000        0x8 ./system/Src/stm32f4-hal/stm32f4xx_hal.o
 .group         0x0000000000000000        0x8 ./system/Src/stm32f4-hal/stm32f4xx_hal.o
 .group         0x0000000000000000        0x8 ./system/Src/stm32f4-hal/stm32f4xx_hal.o
[...]
Memory Configuration

Name             Origin             Length             Attributes
RAM              0x0000000020000000 0x0000000000010000 xrw
CCMRAM           0x0000000010000000 0x0000000000000000 xrw
FLASH            0x0000000008000000 0x00000000001f4000 xr
FLASHB1          0x0000000000000000 0x0000000000000000 xr
EXTMEMB0         0x0000000000000000 0x0000000000000000 xr
EXTMEMB1         0x0000000000000000 0x0000000000000000 xr
EXTMEMB2         0x0000000000000000 0x0000000000000000 xr
EXTMEMB3         0x0000000000000000 0x0000000000000000 xr
*default*        0x0000000000000000 0xffffffffffffffff

Linker script and memory map

LOAD ./system/Src/stm32f4-hal/stm32f4xx_hal.o
LOAD ./system/Src/stm32f4-hal/stm32f4xx_hal_cortex.o
LOAD ./system/Src/stm32f4-hal/stm32f4xx_hal_dfsdm.o
LOAD ./system/Src/stm32f4-hal/stm32f4xx_hal_dma.o
LOAD ./system/Src/stm32f4-hal/stm32f4xx_hal_flash.o
LOAD ./system/Src/stm32f4-hal/stm32f4xx_hal_flash_ex.o
LOAD ./system/Src/stm32f4-hal/stm32f4xx_hal_gpio.o
LOAD ./system/Src/stm32f4-hal/stm32f4xx_hal_i2c.o
LOAD ./system/Src/stm32f4-hal/stm32f4xx_hal_iwdg.o
LOAD ./system/Src/stm32f4-hal/stm32f4xx_hal_pwr.o
LOAD ./system/Src/stm32f4-hal/stm32f4xx_hal_pwr_ex.o
LOAD ./system/Src/stm32f4-hal/stm32f4xx_hal_rcc.o
LOAD ./system/Src/stm32f4-hal/stm32f4xx_hal_spi.o
LOAD ./system/Src/stm32f4-hal/stm32f4xx_hal_uart.o
LOAD ./system/Src/newlib/_cxx.o
LOAD ./system/Src/newlib/_exit.o
LOAD ./system/Src/newlib/_sbrk.o
LOAD ./system/Src/newlib/_startup.o
LOAD ./system/Src/newlib/_syscalls.o
LOAD ./system/Src/newlib/assert.o
LOAD ./system/Src/diag/Trace.o
LOAD ./system/Src/diag/trace_impl.o
LOAD ./system/Src/cortexm/_initialize_hardware.o
LOAD ./system/Src/cortexm/_reset_hardware.o
LOAD ./system/Src/cortexm/exception_handlers.o
LOAD ./system/Src/cmsis/system_stm32f4xx.o
LOAD ./system/Src/cmsis/vectors_stm32f469xx.o
LOAD ./system/Src/stm32469i_discovery.o
LOAD ./Src/_initialize_hardware.o
LOAD ./Src/_write.o
LOAD ./Src/config.o
LOAD ./Src/main.o
LOAD ./Src/stm32f4xx_hal_msp.o
LOAD ./Src/stm32f4xx_it.o
LOAD /home/bsaleh/gcc-arm/bin/../lib/gcc/arm-none-eabi/6.2.1/../../../../arm-none-eabi/lib/thumb/v7e-m/libstdc++_nano.a
LOAD /home/bsaleh/gcc-arm/bin/../lib/gcc/arm-none-eabi/6.2.1/../../../../arm-none-eabi/lib/thumb/v7e-m/libm.a
START GROUP
LOAD /home/bsaleh/gcc-arm/bin/../lib/gcc/arm-none-eabi/6.2.1/thumb/v7e-m/libgcc.a
LOAD /home/bsaleh/gcc-arm/bin/../lib/gcc/arm-none-eabi/6.2.1/../../../../arm-none-eabi/lib/thumb/v7e-m/libg_nano.a
LOAD /home/bsaleh/gcc-arm/bin/../lib/gcc/arm-none-eabi/6.2.1/../../../../arm-none-eabi/lib/thumb/v7e-m/libc_nano.a
END GROUP
START GROUP
LOAD /home/bsaleh/gcc-arm/bin/../lib/gcc/arm-none-eabi/6.2.1/thumb/v7e-m/libgcc.a
LOAD /home/bsaleh/gcc-arm/bin/../lib/gcc/arm-none-eabi/6.2.1/../../../../arm-none-eabi/lib/thumb/v7e-m/libc_nano.a
END GROUP
                0x0000000020010000                __stack = (ORIGIN (RAM) + LENGTH (RAM))
                0x0000000020010000                _estack = __stack
                0x0000000000000400                __Main_Stack_Size = 0x400
                [!provide]                        PROVIDE (_Main_Stack_Size, __Main_Stack_Size)
                0x000000002000fc00                __Main_Stack_Limit = (__stack - __Main_Stack_Size)
                [!provide]                        PROVIDE (_Main_Stack_Limit, __Main_Stack_Limit)
                0x0000000000000100                _Minimum_Stack_Size = 0x100
                0x0000000020000220                PROVIDE (_Heap_Begin, _end_noinit)
                0x000000002000fc00                PROVIDE (_Heap_Limit, (__stack - __Main_Stack_Size))

.isr_vector     0x0000000008000000      0x358
 FILL mask 0xff
                0x0000000008000000                __vectors_start = ABSOLUTE (.)
                0x0000000008000000                __vectors_start__ = ABSOLUTE (.)
 *(.isr_vector)
 .isr_vector    0x0000000008000000      0x1b4 ./system/Src/cmsis/vectors_stm32f469xx.o
                0x0000000008000000                __isr_vectors
 *(.cfmconfig)
 *(.after_vectors .after_vectors.*)
 .after_vectors
                0x00000000080001b4      0x130 ./system/Src/newlib/_startup.o
                0x00000000080001b4                _start
 .after_vectors
                0x00000000080002e4       0x70 ./system/Src/cortexm/exception_handlers.o
                0x00000000080002e4                Reset_Handler
                0x0000000008000302                HardFault_Handler_C
                0x000000000800031e                BusFault_Handler_C
                0x0000000008000336                UsageFault_Handler_C
 .after_vectors
                0x0000000008000354        0x4 ./system/Src/cmsis/vectors_stm32f469xx.o
                0x0000000008000354                RTC_Alarm_IRQHandler
                0x0000000008000354                HASH_RNG_IRQHandler
                0x0000000008000354                EXTI2_IRQHandler
                0x0000000008000354                TIM8_CC_IRQHandler
                0x0000000008000354                UART8_IRQHandler
                0x0000000008000354                SPI4_IRQHandler
                0x0000000008000354                TIM1_CC_IRQHandler
                0x0000000008000354                DMA2_Stream5_IRQHandler
                0x0000000008000354                DMA1_Stream5_IRQHandler
                0x0000000008000354                PVD_IRQHandler
                0x0000000008000354                SDIO_IRQHandler
                0x0000000008000354                TAMP_STAMP_IRQHandler
                0x0000000008000354                CAN2_RX1_IRQHandler
                0x0000000008000354                EXTI3_IRQHandler
                0x0000000008000354                TIM8_TRG_COM_TIM14_IRQHandler
                0x0000000008000354                TIM1_UP_TIM10_IRQHandler
                0x0000000008000354                TIM8_UP_TIM13_IRQHandler
                0x0000000008000354                I2C3_ER_IRQHandler
                0x0000000008000354                EXTI0_IRQHandler
                0x0000000008000354                I2C2_EV_IRQHandler
                0x0000000008000354                DMA1_Stream2_IRQHandler
                0x0000000008000354                CAN1_RX0_IRQHandler
                0x0000000008000354                FPU_IRQHandler
                0x0000000008000354                OTG_HS_WKUP_IRQHandler
                0x0000000008000354                LTDC_ER_IRQHandler
                0x0000000008000354                CAN2_SCE_IRQHandler
                0x0000000008000354                DMA2_Stream2_IRQHandler
                0x0000000008000354                SPI1_IRQHandler
                0x0000000008000354                TIM6_DAC_IRQHandler
                0x0000000008000354                TIM1_BRK_TIM9_IRQHandler
                0x0000000008000354                DCMI_IRQHandler
                0x0000000008000354                CAN2_RX0_IRQHandler
                0x0000000008000354                DMA2_Stream3_IRQHandler
                0x0000000008000354                USART6_IRQHandler
                0x0000000008000354                USART3_IRQHandler
                0x0000000008000354                CAN1_RX1_IRQHandler
                0x0000000008000354                UART5_IRQHandler
                0x0000000008000354                DMA2_Stream0_IRQHandler
                0x0000000008000354                TIM4_IRQHandler
                0x0000000008000354                QUADSPI_IRQHandler
                0x0000000008000354                I2C1_EV_IRQHandler
                0x0000000008000354                DMA1_Stream6_IRQHandler
                0x0000000008000354                DMA1_Stream1_IRQHandler
                0x0000000008000354                UART4_IRQHandler
                0x0000000008000354                TIM3_IRQHandler
                0x0000000008000354                RCC_IRQHandler
                0x0000000008000354                TIM8_BRK_TIM12_IRQHandler
                0x0000000008000354                Default_Handler
                0x0000000008000354                EXTI15_10_IRQHandler
                0x0000000008000354                ADC_IRQHandler
                0x0000000008000354                DMA1_Stream7_IRQHandler
                0x0000000008000354                SPI5_IRQHandler
                0x0000000008000354                TIM7_IRQHandler
                0x0000000008000354                CAN2_TX_IRQHandler
                0x0000000008000354                TIM5_IRQHandler
                0x0000000008000354                DMA2_Stream7_IRQHandler
                0x0000000008000354                I2C3_EV_IRQHandler
                0x0000000008000354                EXTI9_5_IRQHandler
                0x0000000008000354                RTC_WKUP_IRQHandler
                0x0000000008000354                LTDC_IRQHandler
                0x0000000008000354                ETH_WKUP_IRQHandler
                0x0000000008000354                OTG_HS_EP1_IN_IRQHandler
                0x0000000008000354                DMA1_Stream0_IRQHandler
                0x0000000008000354                CAN1_TX_IRQHandler
                0x0000000008000354                EXTI4_IRQHandler
                0x0000000008000354                DSI_IRQHandler
                0x0000000008000354                ETH_IRQHandler
                0x0000000008000354                OTG_HS_EP1_OUT_IRQHandler
                0x0000000008000354                WWDG_IRQHandler
                0x0000000008000354                SPI6_IRQHandler
                0x0000000008000354                TIM2_IRQHandler
                0x0000000008000354                OTG_FS_WKUP_IRQHandler
                0x0000000008000354                TIM1_TRG_COM_TIM11_IRQHandler
                0x0000000008000354                OTG_HS_IRQHandler
                0x0000000008000354                DMA2D_IRQHandler
                0x0000000008000354                EXTI1_IRQHandler
                0x0000000008000354                UART7_IRQHandler
                0x0000000008000354                USART2_IRQHandler
                0x0000000008000354                I2C2_ER_IRQHandler
                0x0000000008000354                DMA2_Stream1_IRQHandler
                0x0000000008000354                CAN1_SCE_IRQHandler
                0x0000000008000354                FLASH_IRQHandler
                0x0000000008000354                DMA2_Stream4_IRQHandler
                0x0000000008000354                USART1_IRQHandler
                0x0000000008000354                OTG_FS_IRQHandler
                0x0000000008000354                SPI3_IRQHandler
                0x0000000008000354                I2C1_ER_IRQHandler
                0x0000000008000354                FMC_IRQHandler
                0x0000000008000354                DMA2_Stream6_IRQHandler
                0x0000000008000354                SAI1_IRQHandler

.inits          0x0000000008000358       0x28
                0x0000000008000358                __data_regions_array_start = .
                0x0000000008000358        0x4 LONG 0x800349c LOADADDR (.data)
                0x000000000800035c        0x4 LONG 0x20000000 ADDR (.data)
                0x0000000008000360        0x4 LONG 0x200000a4 (ADDR (.data) + SIZEOF (.data))
                0x0000000008000364        0x4 LONG 0x800349c LOADADDR (.data_CCMRAM)
                0x0000000008000368        0x4 LONG 0x10000000 ADDR (.data_CCMRAM)
                0x000000000800036c        0x4 LONG 0x10000000 (ADDR (.data_CCMRAM) + SIZEOF (.data_CCMRAM))
                0x0000000008000370                __data_regions_array_end = .
                0x0000000008000370                __bss_regions_array_start = .
                0x0000000008000370        0x4 LONG 0x200000a4 ADDR (.bss)
                0x0000000008000374        0x4 LONG 0x20000220 (ADDR (.bss) + SIZEOF (.bss))
                0x0000000008000378        0x4 LONG 0x10000000 ADDR (.bss_CCMRAM)
                0x000000000800037c        0x4 LONG 0x10000000 (ADDR (.bss_CCMRAM) + SIZEOF (.bss_CCMRAM))
                0x0000000008000380                __bss_regions_array_end = .
 *(.init)
 *(.fini)
                0x0000000008000380                . = ALIGN (0x4)
                0x0000000008000380                PROVIDE (__preinit_array_start, .)
 *(.preinit_array_sysinit .preinit_array_sysinit.*)
 *(.preinit_array_platform .preinit_array_platform.*)
 *(.preinit_array .preinit_array.*)
                0x0000000008000380                PROVIDE (__preinit_array_end, .)
                0x0000000008000380                . = ALIGN (0x4)
                0x0000000008000380                PROVIDE (__init_array_start, .)
 *(SORT(.init_array.*))
 *(.init_array)
                0x0000000008000380                PROVIDE (__init_array_end, .)
                0x0000000008000380                . = ALIGN (0x4)
                0x0000000008000380                PROVIDE (__fini_array_start, .)
 *(SORT(.fini_array.*))
 *(.fini_array)
                0x0000000008000380                PROVIDE (__fini_array_end, .)

.flashtext
 *(.flashtext .flashtext.*)

.text           0x0000000008000380     0x311b
 *(.text .text.*)
 .text.HAL_MspInit
                0x0000000008000380        0x2 ./system/Src/stm32f4-hal/stm32f4xx_hal.o
                0x0000000008000380                HAL_MspInit
 *fill*         0x0000000008000382        0x2 
 .text.HAL_InitTick
                0x0000000008000384       0x2c ./system/Src/stm32f4-hal/stm32f4xx_hal.o
                0x0000000008000384                HAL_InitTick
 .text.HAL_Init
                0x00000000080003b0       0x34 ./system/Src/stm32f4-hal/stm32f4xx_hal.o
                0x00000000080003b0                HAL_Init
 .text.HAL_IncTick
                0x00000000080003e4       0x10 ./system/Src/stm32f4-hal/stm32f4xx_hal.o
                0x00000000080003e4                HAL_IncTick
 .text.HAL_GetTick
                0x00000000080003f4        0xc ./system/Src/stm32f4-hal/stm32f4xx_hal.o
                0x00000000080003f4                HAL_GetTick
 .text.HAL_Delay
                0x0000000008000400       0x1c ./system/Src/stm32f4-hal/stm32f4xx_hal.o
                0x0000000008000400                HAL_Delay
 .text.HAL_NVIC_SetPriorityGrouping
                0x000000000800041c       0x3c ./system/Src/stm32f4-hal/stm32f4xx_hal_cortex.o
                0x000000000800041c                HAL_NVIC_SetPriorityGrouping
 .text.HAL_NVIC_SetPriority
                0x0000000008000458       0x88 ./system/Src/stm32f4-hal/stm32f4xx_hal_cortex.o
                0x0000000008000458                HAL_NVIC_SetPriority
 .text.HAL_NVIC_EnableIRQ
                0x00000000080004e0       0x2c ./system/Src/stm32f4-hal/stm32f4xx_hal_cortex.o
                0x00000000080004e0                HAL_NVIC_EnableIRQ
 .text.HAL_SYSTICK_Config
                0x000000000800050c       0x2c ./system/Src/stm32f4-hal/stm32f4xx_hal_cortex.o
                0x000000000800050c                HAL_SYSTICK_Config
 .text.DMA_SetConfig
                0x0000000008000538       0x2c ./system/Src/stm32f4-hal/stm32f4xx_hal_dma.o
 .text.DMA_CalcBaseAndBitshift
                0x0000000008000564       0x3c ./system/Src/stm32f4-hal/stm32f4xx_hal_dma.o
 .text.DMA_CheckFifoParam
                0x00000000080005a0       0x9e ./system/Src/stm32f4-hal/stm32f4xx_hal_dma.o
 *fill*         0x000000000800063e        0x2 
 .text.HAL_DMA_Init
                0x0000000008000640      0x27c ./system/Src/stm32f4-hal/stm32f4xx_hal_dma.o
                0x0000000008000640                HAL_DMA_Init
 .text.HAL_DMA_Start_IT
                0x00000000080008bc       0xa4 ./system/Src/stm32f4-hal/stm32f4xx_hal_dma.o
                0x00000000080008bc                HAL_DMA_Start_IT
 .text.HAL_DMA_Abort_IT
                0x0000000008000960       0x26 ./system/Src/stm32f4-hal/stm32f4xx_hal_dma.o
                0x0000000008000960                HAL_DMA_Abort_IT
 *fill*         0x0000000008000986        0x2 
 .text.HAL_DMA_IRQHandler
                0x0000000008000988      0x1e4 ./system/Src/stm32f4-hal/stm32f4xx_hal_dma.o
                0x0000000008000988                HAL_DMA_IRQHandler
 .text.HAL_GPIO_Init
                0x0000000008000b6c      0x320 ./system/Src/stm32f4-hal/stm32f4xx_hal_gpio.o
                0x0000000008000b6c                HAL_GPIO_Init
 .text.HAL_GPIO_ReadPin
                0x0000000008000e8c       0x28 ./system/Src/stm32f4-hal/stm32f4xx_hal_gpio.o
                0x0000000008000e8c                HAL_GPIO_ReadPin
 .text.HAL_GPIO_WritePin
                0x0000000008000eb4       0x34 ./system/Src/stm32f4-hal/stm32f4xx_hal_gpio.o
                0x0000000008000eb4                HAL_GPIO_WritePin
 .text.HAL_GPIO_TogglePin
                0x0000000008000ee8       0x20 ./system/Src/stm32f4-hal/stm32f4xx_hal_gpio.o
                0x0000000008000ee8                HAL_GPIO_TogglePin
 .text.HAL_PWREx_EnableOverDrive
                0x0000000008000f08       0xa0 ./system/Src/stm32f4-hal/stm32f4xx_hal_pwr_ex.o
                0x0000000008000f08                HAL_PWREx_EnableOverDrive
 .text.HAL_RCC_OscConfig
                0x0000000008000fa8      0x42c ./system/Src/stm32f4-hal/stm32f4xx_hal_rcc.o
                0x0000000008000fa8                HAL_RCC_OscConfig
 .text.HAL_RCC_GetSysClockFreq
                0x00000000080013d4       0x94 ./system/Src/stm32f4-hal/stm32f4xx_hal_rcc.o
                0x00000000080013d4                HAL_RCC_GetSysClockFreq
 .text.HAL_RCC_ClockConfig
                0x0000000008001468      0x250 ./system/Src/stm32f4-hal/stm32f4xx_hal_rcc.o
                0x0000000008001468                HAL_RCC_ClockConfig
 .text.HAL_RCC_GetHCLKFreq
                0x00000000080016b8        0xc ./system/Src/stm32f4-hal/stm32f4xx_hal_rcc.o
                0x00000000080016b8                HAL_RCC_GetHCLKFreq
 .text.HAL_RCC_GetPCLK1Freq
                0x00000000080016c4       0x2c ./system/Src/stm32f4-hal/stm32f4xx_hal_rcc.o
                0x00000000080016c4                HAL_RCC_GetPCLK1Freq
 .text.HAL_RCC_GetPCLK2Freq
                0x00000000080016f0       0x2c ./system/Src/stm32f4-hal/stm32f4xx_hal_rcc.o
                0x00000000080016f0                HAL_RCC_GetPCLK2Freq
 .text.SPI_WaitFlagStateUntilTimeout
                0x000000000800171c       0x96 ./system/Src/stm32f4-hal/stm32f4xx_hal_spi.o
 .text.SPI_CheckFlag_BSY
                0x00000000080017b2       0x26 ./system/Src/stm32f4-hal/stm32f4xx_hal_spi.o
 .text.HAL_SPI_Init
                0x00000000080017d8      0x19c ./system/Src/stm32f4-hal/stm32f4xx_hal_spi.o
                0x00000000080017d8                HAL_SPI_Init
 .text.HAL_SPI_Transmit_DMA
                0x0000000008001974       0xe4 ./system/Src/stm32f4-hal/stm32f4xx_hal_spi.o
                0x0000000008001974                HAL_SPI_Transmit_DMA
 .text.HAL_SPI_TxHalfCpltCallback
                0x0000000008001a58        0x2 ./system/Src/stm32f4-hal/stm32f4xx_hal_spi.o
                0x0000000008001a58                HAL_SPI_TxHalfCpltCallback
 .text.SPI_DMAHalfTransmitCplt
                0x0000000008001a5a        0xa ./system/Src/stm32f4-hal/stm32f4xx_hal_spi.o
 .text.SPI_DMAError
                0x0000000008001a64       0x22 ./system/Src/stm32f4-hal/stm32f4xx_hal_spi.o
 .text.SPI_DMATransmitCplt
                0x0000000008001a86       0x66 ./system/Src/stm32f4-hal/stm32f4xx_hal_spi.o
 .text.HAL_SPI_IRQHandler
                0x0000000008001aec      0x104 ./system/Src/stm32f4-hal/stm32f4xx_hal_spi.o
                0x0000000008001aec                HAL_SPI_IRQHandler
 .text.SPI_DMAAbortOnError
                0x0000000008001bf0       0x10 ./system/Src/stm32f4-hal/stm32f4xx_hal_spi.o
 .text.UART_SetConfig
                0x0000000008001c00      0x3a8 ./system/Src/stm32f4-hal/stm32f4xx_hal_uart.o
 .text.UART_WaitOnFlagUntilTimeout
                0x0000000008001fa8       0x64 ./system/Src/stm32f4-hal/stm32f4xx_hal_uart.o
 .text.HAL_UART_Init
                0x000000000800200c      0x12c ./system/Src/stm32f4-hal/stm32f4xx_hal_uart.o
                0x000000000800200c                HAL_UART_Init
 .text.HAL_UART_Transmit
                0x0000000008002138       0xd6 ./system/Src/stm32f4-hal/stm32f4xx_hal_uart.o
                0x0000000008002138                HAL_UART_Transmit
 .text._exit    0x000000000800220e        0x2 ./system/Src/newlib/_exit.o
                0x000000000800220e                _exit
 .text._sbrk    0x0000000008002210       0x44 ./system/Src/newlib/_sbrk.o
                0x0000000008002210                _sbrk
 .text.__initialize_args
                0x0000000008002254       0x10 ./system/Src/newlib/_syscalls.o
                0x0000000008002254                __initialize_args
 .text.__initialize_hardware_early
                0x0000000008002264       0x18 ./system/Src/cortexm/_initialize_hardware.o
                0x0000000008002264                __initialize_hardware_early
 .text.SystemInit
                0x000000000800227c       0x40 ./system/Src/cmsis/system_stm32f4xx.o
                0x000000000800227c                SystemInit
 .text.SystemCoreClockUpdate
                0x00000000080022bc       0xa0 ./system/Src/cmsis/system_stm32f4xx.o
                0x00000000080022bc                SystemCoreClockUpdate
 .text.BSP_LED_Init
                0x000000000800235c       0xbc ./system/Src/stm32469i_discovery.o
                0x000000000800235c                BSP_LED_Init
 .text.BSP_LED_On
                0x0000000008002418       0x24 ./system/Src/stm32469i_discovery.o
                0x0000000008002418                BSP_LED_On
 .text.BSP_LED_Off
                0x000000000800243c       0x24 ./system/Src/stm32469i_discovery.o
                0x000000000800243c                BSP_LED_Off
 .text.BSP_LED_Toggle
                0x0000000008002460       0x24 ./system/Src/stm32469i_discovery.o
                0x0000000008002460                BSP_LED_Toggle
 .text.BSP_PB_Init
                0x0000000008002484       0x80 ./system/Src/stm32469i_discovery.o
                0x0000000008002484                BSP_PB_Init
 .text.BSP_PB_GetState
                0x0000000008002504       0x14 ./system/Src/stm32469i_discovery.o
                0x0000000008002504                BSP_PB_GetState
 .text.__initialize_hardware
                0x0000000008002518       0x10 ./Src/_initialize_hardware.o
                0x0000000008002518                __initialize_hardware
 .text.SystemClock_Config
                0x0000000008002528       0x88 ./Src/config.o
                0x0000000008002528                SystemClock_Config
 .text.Error_Handler
                0x00000000080025b0       0x10 ./Src/config.o
                0x00000000080025b0                Error_Handler
 .text.UartConfig
                0x00000000080025c0       0x34 ./Src/config.o
                0x00000000080025c0                UartConfig
 .text.SpiConfig
                0x00000000080025f4       0x40 ./Src/config.o
                0x00000000080025f4                SpiConfig
 .text.PrintConfig
                0x0000000008002634       0x30 ./Src/config.o
                0x0000000008002634                PrintConfig
 .text.Print    0x0000000008002664       0x1c ./Src/config.o
                0x0000000008002664                Print
 .text.GpioConfig
                0x0000000008002680       0x24 ./Src/config.o
                0x0000000008002680                GpioConfig
 .text.main     0x00000000080026a4       0xac ./Src/main.o
                0x00000000080026a4                main
 .text.HAL_SPI_TxCpltCallback
                0x0000000008002750       0x14 ./Src/main.o
                0x0000000008002750                HAL_SPI_TxCpltCallback
 .text.HAL_SPI_ErrorCallback
                0x0000000008002764        0xc ./Src/main.o
                0x0000000008002764                HAL_SPI_ErrorCallback
 .text.assert_failed
                0x0000000008002770        0x2 ./Src/main.o
                0x0000000008002770                assert_failed
 *fill*         0x0000000008002772        0x2 
 .text.HAL_SPI_MspInit
                0x0000000008002774      0x184 ./Src/stm32f4xx_hal_msp.o
                0x0000000008002774                HAL_SPI_MspInit
 .text.HAL_UART_MspInit
                0x00000000080028f8       0x80 ./Src/stm32f4xx_hal_msp.o
                0x00000000080028f8                HAL_UART_MspInit
 .text.NMI_Handler
                0x0000000008002978        0x2 ./Src/stm32f4xx_it.o
                0x0000000008002978                NMI_Handler
 .text.HardFault_Handler
                0x000000000800297a        0x2 ./Src/stm32f4xx_it.o
                0x000000000800297a                HardFault_Handler
 .text.MemManage_Handler
                0x000000000800297c        0x2 ./Src/stm32f4xx_it.o
                0x000000000800297c                MemManage_Handler
 .text.BusFault_Handler
                0x000000000800297e        0x2 ./Src/stm32f4xx_it.o
                0x000000000800297e                BusFault_Handler
 .text.UsageFault_Handler
                0x0000000008002980        0x2 ./Src/stm32f4xx_it.o
                0x0000000008002980                UsageFault_Handler
 .text.SVC_Handler
                0x0000000008002982        0x2 ./Src/stm32f4xx_it.o
                0x0000000008002982                SVC_Handler
 .text.DebugMon_Handler
                0x0000000008002984        0x2 ./Src/stm32f4xx_it.o
                0x0000000008002984                DebugMon_Handler
 .text.PendSV_Handler
                0x0000000008002986        0x2 ./Src/stm32f4xx_it.o
                0x0000000008002986                PendSV_Handler
 .text.SysTick_Handler
                0x0000000008002988        0x8 ./Src/stm32f4xx_it.o
                0x0000000008002988                SysTick_Handler
 .text.DMA1_Stream3_IRQHandler
                0x0000000008002990       0x10 ./Src/stm32f4xx_it.o
                0x0000000008002990                DMA1_Stream3_IRQHandler
 .text.DMA1_Stream4_IRQHandler
                0x00000000080029a0       0x10 ./Src/stm32f4xx_it.o
                0x00000000080029a0                DMA1_Stream4_IRQHandler
 .text.SPI2_IRQHandler
                0x00000000080029b0       0x10 ./Src/stm32f4xx_it.o
                0x00000000080029b0                SPI2_IRQHandler
 .text.__errno  0x00000000080029c0        0xc /home/bsaleh/gcc-arm/bin/../lib/gcc/arm-none-eabi/6.2.1/../../../../arm-none-eabi/lib/thumb/v7e-m/libg_nano.a(lib_a-errno.o)
                0x00000000080029c0                __errno
 .text._vsnprintf_r
                0x00000000080029cc       0x58 /home/bsaleh/gcc-arm/bin/../lib/gcc/arm-none-eabi/6.2.1/../../../../arm-none-eabi/lib/thumb/v7e-m/libg_nano.a(lib_a-vsnprintf.o)
                0x00000000080029cc                _vsnprintf_r
                0x00000000080029cc                _vsniprintf_r
 .text.vsnprintf
                0x0000000008002a24       0x1c /home/bsaleh/gcc-arm/bin/../lib/gcc/arm-none-eabi/6.2.1/../../../../arm-none-eabi/lib/thumb/v7e-m/libg_nano.a(lib_a-vsnprintf.o)
                0x0000000008002a24                vsnprintf
                0x0000000008002a24                vsniprintf
 .text.__ssputs_r
                0x0000000008002a40       0xb6 /home/bsaleh/gcc-arm/bin/../lib/gcc/arm-none-eabi/6.2.1/../../../../arm-none-eabi/lib/thumb/v7e-m/libg_nano.a(lib_a-nano-svfprintf.o)
                0x0000000008002a40                __ssputs_r
 *fill*         0x0000000008002af6        0x2 
 .text._svfprintf_r
                0x0000000008002af8      0x1e8 /home/bsaleh/gcc-arm/bin/../lib/gcc/arm-none-eabi/6.2.1/../../../../arm-none-eabi/lib/thumb/v7e-m/libg_nano.a(lib_a-nano-svfprintf.o)
                0x0000000008002af8                _svfprintf_r
                0x0000000008002af8                _svfiprintf_r
 .text._printf_common
                0x0000000008002ce0       0xec /home/bsaleh/gcc-arm/bin/../lib/gcc/arm-none-eabi/6.2.1/../../../../arm-none-eabi/lib/thumb/v7e-m/libg_nano.a(lib_a-nano-vfprintf_i.o)
                0x0000000008002ce0                _printf_common
 .text._printf_i
                0x0000000008002dcc      0x240 /home/bsaleh/gcc-arm/bin/../lib/gcc/arm-none-eabi/6.2.1/../../../../arm-none-eabi/lib/thumb/v7e-m/libg_nano.a(lib_a-nano-vfprintf_i.o)
                0x0000000008002dcc                _printf_i
 *fill*         0x000000000800300c        0x4 
 .text          0x0000000008003010       0xa0 /home/bsaleh/gcc-arm/bin/../lib/gcc/arm-none-eabi/6.2.1/../../../../arm-none-eabi/lib/thumb/v7e-m/libg_nano.a(lib_a-memchr.o)
                0x0000000008003010                memchr
 .text.memcpy   0x00000000080030b0       0x16 /home/bsaleh/gcc-arm/bin/../lib/gcc/arm-none-eabi/6.2.1/../../../../arm-none-eabi/lib/thumb/v7e-m/libg_nano.a(lib_a-memcpy-stub.o)
                0x00000000080030b0                memcpy
 .text.memmove  0x00000000080030c6       0x34 /home/bsaleh/gcc-arm/bin/../lib/gcc/arm-none-eabi/6.2.1/../../../../arm-none-eabi/lib/thumb/v7e-m/libg_nano.a(lib_a-memmove.o)
                0x00000000080030c6                memmove
 *fill*         0x00000000080030fa        0x2 
 .text._free_r  0x00000000080030fc       0x9c /home/bsaleh/gcc-arm/bin/../lib/gcc/arm-none-eabi/6.2.1/../../../../arm-none-eabi/lib/thumb/v7e-m/libg_nano.a(lib_a-nano-freer.o)
                0x00000000080030fc                _free_r
 .text._malloc_r
                0x0000000008003198       0xbc /home/bsaleh/gcc-arm/bin/../lib/gcc/arm-none-eabi/6.2.1/../../../../arm-none-eabi/lib/thumb/v7e-m/libg_nano.a(lib_a-nano-mallocr.o)
                0x0000000008003198                _malloc_r
 .text._realloc_r
                0x0000000008003254       0x4c /home/bsaleh/gcc-arm/bin/../lib/gcc/arm-none-eabi/6.2.1/../../../../arm-none-eabi/lib/thumb/v7e-m/libg_nano.a(lib_a-nano-reallocr.o)
                0x0000000008003254                _realloc_r
 .text._sbrk_r  0x00000000080032a0       0x20 /home/bsaleh/gcc-arm/bin/../lib/gcc/arm-none-eabi/6.2.1/../../../../arm-none-eabi/lib/thumb/v7e-m/libg_nano.a(lib_a-sbrkr.o)
                0x00000000080032a0                _sbrk_r
 .text.__malloc_lock
                0x00000000080032c0        0x2 /home/bsaleh/gcc-arm/bin/../lib/gcc/arm-none-eabi/6.2.1/../../../../arm-none-eabi/lib/thumb/v7e-m/libg_nano.a(lib_a-mlock.o)
                0x00000000080032c0                __malloc_lock
 .text.__malloc_unlock
                0x00000000080032c2        0x2 /home/bsaleh/gcc-arm/bin/../lib/gcc/arm-none-eabi/6.2.1/../../../../arm-none-eabi/lib/thumb/v7e-m/libg_nano.a(lib_a-mlock.o)
                0x00000000080032c2                __malloc_unlock
 .text._malloc_usable_size_r
                0x00000000080032c4       0x12 /home/bsaleh/gcc-arm/bin/../lib/gcc/arm-none-eabi/6.2.1/../../../../arm-none-eabi/lib/thumb/v7e-m/libg_nano.a(lib_a-nano-msizer.o)
                0x00000000080032c4                _malloc_usable_size_r
 *(.rodata .rodata.* .constdata .constdata.*)
 *fill*         0x00000000080032d6        0x2 
 .rodata.HAL_NVIC_SetPriorityGrouping.str1.4
                0x00000000080032d8       0x31 ./system/Src/stm32f4-hal/stm32f4xx_hal_cortex.o
 *fill*         0x0000000008003309        0x3 
 .rodata.HAL_DMA_Init.str1.4
                0x000000000800330c       0x2e ./system/Src/stm32f4-hal/stm32f4xx_hal_dma.o
 *fill*         0x000000000800333a        0x2 
 .rodata.flagBitshiftOffset.7390
                0x000000000800333c        0x8 ./system/Src/stm32f4-hal/stm32f4xx_hal_dma.o
 .rodata.HAL_GPIO_Init.str1.4
                0x0000000008003344       0x2f ./system/Src/stm32f4-hal/stm32f4xx_hal_gpio.o
 *fill*         0x0000000008003373        0x1 
 .rodata.APBAHBPrescTable
                0x0000000008003374       0x10 ./system/Src/stm32f4-hal/stm32f4xx_hal_rcc.o
                0x0000000008003374                APBAHBPrescTable
 .rodata.HAL_RCC_OscConfig.str1.4
                0x0000000008003384       0x2e ./system/Src/stm32f4-hal/stm32f4xx_hal_rcc.o
 *fill*         0x00000000080033b2        0x2 
 .rodata.HAL_SPI_Init.str1.4
                0x00000000080033b4       0x2e ./system/Src/stm32f4-hal/stm32f4xx_hal_spi.o
 *fill*         0x00000000080033e2        0x2 
 .rodata.UART_SetConfig.str1.4
                0x00000000080033e4       0x2f ./system/Src/stm32f4-hal/stm32f4xx_hal_uart.o
 *fill*         0x0000000008003413        0x1 
 .rodata.AHBPrescTable
                0x0000000008003414       0x10 ./system/Src/cmsis/system_stm32f4xx.o
                0x0000000008003414                AHBPrescTable
 .rodata.main.str1.4
                0x0000000008003424       0x44 ./Src/main.o
                                         0x43 (size before relaxing)
 .rodata._svfprintf_r.str1.1
                0x0000000008003468       0x11 /home/bsaleh/gcc-arm/bin/../lib/gcc/arm-none-eabi/6.2.1/../../../../arm-none-eabi/lib/thumb/v7e-m/libg_nano.a(lib_a-nano-svfprintf.o)
 .rodata._printf_i.str1.1
                0x0000000008003479       0x22 /home/bsaleh/gcc-arm/bin/../lib/gcc/arm-none-eabi/6.2.1/../../../../arm-none-eabi/lib/thumb/v7e-m/libg_nano.a(lib_a-nano-vfprintf_i.o)
 *(vtable)
 *(.eh_frame*)
 *(.glue_7)
 .glue_7        0x000000000800349b        0x0 linker stubs
 *(.glue_7t)
 .glue_7t       0x000000000800349b        0x0 linker stubs

.vfp11_veneer   0x000000000800349c        0x0
 .vfp11_veneer  0x000000000800349c        0x0 linker stubs

.v4_bx          0x000000000800349c        0x0
 .v4_bx         0x000000000800349c        0x0 linker stubs

.iplt           0x000000000800349c        0x0
 .iplt          0x000000000800349c        0x0 ./system/Src/stm32f4-hal/stm32f4xx_hal.o

.rel.dyn        0x000000000800349c        0x0
 .rel.iplt      0x000000000800349c        0x0 ./system/Src/stm32f4-hal/stm32f4xx_hal.o

.ARM.extab
 *(.ARM.extab* .gnu.linkonce.armextab.*)
                0x000000000800349c                . = ALIGN (0x4)
                0x000000000800349c                __exidx_start = .

.ARM.exidx
 *(.ARM.exidx* .gnu.linkonce.armexidx.*)
                0x000000000800349c                __exidx_end = .
                0x000000000800349c                . = ALIGN (0x4)
                0x000000000800349c                _etext = .
                0x000000000800349c                __etext = .

.data_CCMRAM    0x0000000010000000        0x0 load address 0x000000000800349c
 FILL mask 0xff
 *(.data.CCMRAM .data.CCMRAM.*)
                0x0000000010000000                . = ALIGN (0x4)
                0x000000000800349c                _sidata = LOADADDR (.data)

.data           0x0000000020000000       0xa4 load address 0x000000000800349c
 FILL mask 0xff
                0x0000000020000000                _sdata = .
                0x0000000020000000                __data_start__ = .
 *(.data_begin .data_begin.*)
 .data_begin    0x0000000020000000        0x4 ./system/Src/newlib/_startup.o
 *(.data .data.*)
 .data.argv.4243
                0x0000000020000004        0x8 ./system/Src/newlib/_syscalls.o
 .data.SystemCoreClock
                0x000000002000000c        0x4 ./system/Src/cmsis/system_stm32f4xx.o
                0x000000002000000c                SystemCoreClock
 .data.BUTTON_PORT
                0x0000000020000010        0x4 ./system/Src/stm32469i_discovery.o
                0x0000000020000010                BUTTON_PORT
 .data.GPIO_PIN
                0x0000000020000014       0x10 ./system/Src/stm32469i_discovery.o
                0x0000000020000014                GPIO_PIN
 .data.GPIO_PORT
                0x0000000020000024       0x10 ./system/Src/stm32469i_discovery.o
                0x0000000020000024                GPIO_PORT
 .data.aTxBuffer
                0x0000000020000034        0x5 ./Src/main.o
                0x0000000020000034                aTxBuffer
 *fill*         0x0000000020000039        0x3 ff
 .data._impure_ptr
                0x000000002000003c        0x4 /home/bsaleh/gcc-arm/bin/../lib/gcc/arm-none-eabi/6.2.1/../../../../arm-none-eabi/lib/thumb/v7e-m/libg_nano.a(lib_a-impure.o)
                0x000000002000003c                _impure_ptr
 .data.impure_data
                0x0000000020000040       0x60 /home/bsaleh/gcc-arm/bin/../lib/gcc/arm-none-eabi/6.2.1/../../../../arm-none-eabi/lib/thumb/v7e-m/libg_nano.a(lib_a-impure.o)
 *(.data_end .data_end.*)
 .data_end      0x00000000200000a0        0x4 ./system/Src/newlib/_startup.o
                0x00000000200000a4                . = ALIGN (0x4)
                0x00000000200000a4                _edata = .
                0x00000000200000a4                __data_end__ = .

.igot.plt       0x00000000200000a4        0x0 load address 0x0000000008003540
 .igot.plt      0x00000000200000a4        0x0 ./system/Src/stm32f4-hal/stm32f4xx_hal.o

.bss_CCMRAM     0x0000000010000000        0x0
 *(.bss.CCMRAM .bss.CCMRAM.*)

.bss            0x00000000200000a4      0x17c
                0x00000000200000a4                __bss_start__ = .
                0x00000000200000a4                _sbss = .
 *(.bss_begin .bss_begin.*)
 .bss_begin     0x00000000200000a4        0x4 ./system/Src/newlib/_startup.o
 *(.bss .bss.*)
 .bss.current_heap_end.3927
                0x00000000200000a8        0x4 ./system/Src/newlib/_sbrk.o
 .bss.name.4242
                0x00000000200000ac        0x1 ./system/Src/newlib/_syscalls.o
 *fill*         0x00000000200000ad        0x3 
 .bss.wTransferState
                0x00000000200000b0        0x4 ./Src/main.o
                0x00000000200000b0                wTransferState
 .bss.hdma_rx   0x00000000200000b4       0x60 ./Src/stm32f4xx_hal_msp.o
 .bss.hdma_tx   0x0000000020000114       0x60 ./Src/stm32f4xx_hal_msp.o
 .bss.__malloc_free_list
                0x0000000020000174        0x4 /home/bsaleh/gcc-arm/bin/../lib/gcc/arm-none-eabi/6.2.1/../../../../arm-none-eabi/lib/thumb/v7e-m/libg_nano.a(lib_a-nano-mallocr.o)
                0x0000000020000174                __malloc_free_list
 .bss.__malloc_sbrk_start
                0x0000000020000178        0x4 /home/bsaleh/gcc-arm/bin/../lib/gcc/arm-none-eabi/6.2.1/../../../../arm-none-eabi/lib/thumb/v7e-m/libg_nano.a(lib_a-nano-mallocr.o)
                0x0000000020000178                __malloc_sbrk_start
 *(COMMON)
 COMMON         0x000000002000017c        0x4 ./system/Src/stm32f4-hal/stm32f4xx_hal.o
                0x000000002000017c                uwTick
 COMMON         0x0000000020000180        0x4 ./system/Src/newlib/_syscalls.o
                0x0000000020000180                errno
 COMMON         0x0000000020000184       0x98 ./Src/config.o
                0x0000000020000184                SpiHandle1
                0x00000000200001dc                UartHandle1
 *(.bss_end .bss_end.*)
 .bss_end       0x000000002000021c        0x4 ./system/Src/newlib/_startup.o
                0x0000000020000220                . = ALIGN (0x4)
                0x0000000020000220                __bss_end__ = .
                0x0000000020000220                _ebss = .

.noinit_CCMRAM
 *(.noinit.CCMRAM .noinit.CCMRAM.*)

.noinit         0x0000000020000220        0x0
                0x0000000020000220                _noinit = .
 *(.noinit .noinit.*)
                0x0000000020000220                . = ALIGN (0x4)
                0x0000000020000220                _end_noinit = .
                [!provide]                        PROVIDE (end, _end_noinit)
                [!provide]                        PROVIDE (_end, _end_noinit)
                [!provide]                        PROVIDE (__end, _end_noinit)
                [!provide]                        PROVIDE (__end__, _end_noinit)

._check_stack   0x0000000020000220      0x100
                0x0000000020000320                . = (. + _Minimum_Stack_Size)
 *fill*         0x0000000020000220      0x100 

.b1text
 *(.b1text)
 *(.b1rodata)
 *(.b1rodata.*)

.eb0text
 *(.eb0text)
 *(.eb0rodata)
 *(.eb0rodata.*)

.eb1text
 *(.eb1text)
 *(.eb1rodata)
 *(.eb1rodata.*)

.eb2text
 *(.eb2text)
 *(.eb2rodata)
 *(.eb2rodata.*)

.eb3text
 *(.eb3text)
 *(.eb3rodata)
 *(.eb3rodata.*)

.stab
 *(.stab)

.stabstr
 *(.stabstr)

.stab.excl
 *(.stab.excl)

.stab.exclstr
 *(.stab.exclstr)

.stab.index
 *(.stab.index)

.stab.indexstr
 *(.stab.indexstr)

.comment        0x0000000000000000       0x6e
 *(.comment)
 .comment       0x0000000000000000       0x6e ./system/Src/stm32f4-hal/stm32f4xx_hal.o
                                         0x6f (size before relaxing)
 .comment       0x000000000000006e       0x6f ./system/Src/stm32f4-hal/stm32f4xx_hal_cortex.o
 .comment       0x000000000000006e       0x6f ./system/Src/stm32f4-hal/stm32f4xx_hal_dma.o
 .comment       0x000000000000006e       0x6f ./system/Src/stm32f4-hal/stm32f4xx_hal_gpio.o
 .comment       0x000000000000006e       0x6f ./system/Src/stm32f4-hal/stm32f4xx_hal_pwr_ex.o
 .comment       0x000000000000006e       0x6f ./system/Src/stm32f4-hal/stm32f4xx_hal_rcc.o
 .comment       0x000000000000006e       0x6f ./system/Src/stm32f4-hal/stm32f4xx_hal_spi.o
 .comment       0x000000000000006e       0x6f ./system/Src/stm32f4-hal/stm32f4xx_hal_uart.o
 .comment       0x000000000000006e       0x6f ./system/Src/newlib/_exit.o
 .comment       0x000000000000006e       0x6f ./system/Src/newlib/_sbrk.o
 .comment       0x000000000000006e       0x6f ./system/Src/newlib/_startup.o
 .comment       0x000000000000006e       0x6f ./system/Src/newlib/_syscalls.o
 .comment       0x000000000000006e       0x6f ./system/Src/cortexm/_initialize_hardware.o
 .comment       0x000000000000006e       0x6f ./system/Src/cortexm/exception_handlers.o
 .comment       0x000000000000006e       0x6f ./system/Src/cmsis/system_stm32f4xx.o
 .comment       0x000000000000006e       0x6f ./system/Src/cmsis/vectors_stm32f469xx.o
 .comment       0x000000000000006e       0x6f ./system/Src/stm32469i_discovery.o
 .comment       0x000000000000006e       0x6f ./Src/_initialize_hardware.o
 .comment       0x000000000000006e       0x6f ./Src/config.o
 .comment       0x000000000000006e       0x6f ./Src/main.o
 .comment       0x000000000000006e       0x6f ./Src/stm32f4xx_hal_msp.o
 .comment       0x000000000000006e       0x6f ./Src/stm32f4xx_it.o

.ARM.attributes
                0x0000000000000000       0x31
 .ARM.attributes
                0x0000000000000000       0x33 ./system/Src/stm32f4-hal/stm32f4xx_hal.o
 .ARM.attributes
                0x0000000000000033       0x33 ./system/Src/stm32f4-hal/stm32f4xx_hal_cortex.o
 .ARM.attributes
                0x0000000000000066       0x33 ./system/Src/stm32f4-hal/stm32f4xx_hal_dma.o
 .ARM.attributes
                0x0000000000000099       0x33 ./system/Src/stm32f4-hal/stm32f4xx_hal_gpio.o
 .ARM.attributes
                0x00000000000000cc       0x33 ./system/Src/stm32f4-hal/stm32f4xx_hal_pwr_ex.o
 .ARM.attributes
                0x00000000000000ff       0x33 ./system/Src/stm32f4-hal/stm32f4xx_hal_rcc.o
 .ARM.attributes
                0x0000000000000132       0x33 ./system/Src/stm32f4-hal/stm32f4xx_hal_spi.o
 .ARM.attributes
                0x0000000000000165       0x33 ./system/Src/stm32f4-hal/stm32f4xx_hal_uart.o
 .ARM.attributes
                0x0000000000000198       0x33 ./system/Src/newlib/_exit.o
 .ARM.attributes
                0x00000000000001cb       0x33 ./system/Src/newlib/_sbrk.o
 .ARM.attributes
                0x00000000000001fe       0x33 ./system/Src/newlib/_startup.o
 .ARM.attributes
                0x0000000000000231       0x33 ./system/Src/newlib/_syscalls.o
 .ARM.attributes
                0x0000000000000264       0x33 ./system/Src/cortexm/_initialize_hardware.o
 .ARM.attributes
                0x0000000000000297       0x33 ./system/Src/cortexm/exception_handlers.o
 .ARM.attributes
                0x00000000000002ca       0x33 ./system/Src/cmsis/system_stm32f4xx.o
 .ARM.attributes
                0x00000000000002fd       0x33 ./system/Src/cmsis/vectors_stm32f469xx.o
 .ARM.attributes
                0x0000000000000330       0x33 ./system/Src/stm32469i_discovery.o
 .ARM.attributes
                0x0000000000000363       0x33 ./Src/_initialize_hardware.o
 .ARM.attributes
                0x0000000000000396       0x33 ./Src/config.o
 .ARM.attributes
                0x00000000000003c9       0x33 ./Src/main.o
 .ARM.attributes
                0x00000000000003fc       0x33 ./Src/stm32f4xx_hal_msp.o
 .ARM.attributes
                0x000000000000042f       0x33 ./Src/stm32f4xx_it.o
 .ARM.attributes
                0x0000000000000462       0x2e /home/bsaleh/gcc-arm/bin/../lib/gcc/arm-none-eabi/6.2.1/../../../../arm-none-eabi/lib/thumb/v7e-m/libg_nano.a(lib_a-errno.o)
 .ARM.attributes
                0x0000000000000490       0x2e /home/bsaleh/gcc-arm/bin/../lib/gcc/arm-none-eabi/6.2.1/../../../../arm-none-eabi/lib/thumb/v7e-m/libg_nano.a(lib_a-impure.o)
 .ARM.attributes
                0x00000000000004be       0x2e /home/bsaleh/gcc-arm/bin/../lib/gcc/arm-none-eabi/6.2.1/../../../../arm-none-eabi/lib/thumb/v7e-m/libg_nano.a(lib_a-vsnprintf.o)
 .ARM.attributes
                0x00000000000004ec       0x2e /home/bsaleh/gcc-arm/bin/../lib/gcc/arm-none-eabi/6.2.1/../../../../arm-none-eabi/lib/thumb/v7e-m/libg_nano.a(lib_a-nano-svfprintf.o)
 .ARM.attributes
                0x000000000000051a       0x2e /home/bsaleh/gcc-arm/bin/../lib/gcc/arm-none-eabi/6.2.1/../../../../arm-none-eabi/lib/thumb/v7e-m/libg_nano.a(lib_a-nano-vfprintf_i.o)
 .ARM.attributes
                0x0000000000000548       0x1c /home/bsaleh/gcc-arm/bin/../lib/gcc/arm-none-eabi/6.2.1/../../../../arm-none-eabi/lib/thumb/v7e-m/libg_nano.a(lib_a-memchr.o)
 .ARM.attributes
                0x0000000000000564       0x2e /home/bsaleh/gcc-arm/bin/../lib/gcc/arm-none-eabi/6.2.1/../../../../arm-none-eabi/lib/thumb/v7e-m/libg_nano.a(lib_a-memcpy-stub.o)
 .ARM.attributes
                0x0000000000000592       0x2e /home/bsaleh/gcc-arm/bin/../lib/gcc/arm-none-eabi/6.2.1/../../../../arm-none-eabi/lib/thumb/v7e-m/libg_nano.a(lib_a-memmove.o)
 .ARM.attributes
                0x00000000000005c0       0x2e /home/bsaleh/gcc-arm/bin/../lib/gcc/arm-none-eabi/6.2.1/../../../../arm-none-eabi/lib/thumb/v7e-m/libg_nano.a(lib_a-nano-freer.o)
 .ARM.attributes
                0x00000000000005ee       0x2e /home/bsaleh/gcc-arm/bin/../lib/gcc/arm-none-eabi/6.2.1/../../../../arm-none-eabi/lib/thumb/v7e-m/libg_nano.a(lib_a-nano-mallocr.o)
 .ARM.attributes
                0x000000000000061c       0x2e /home/bsaleh/gcc-arm/bin/../lib/gcc/arm-none-eabi/6.2.1/../../../../arm-none-eabi/lib/thumb/v7e-m/libg_nano.a(lib_a-nano-reallocr.o)
 .ARM.attributes
                0x000000000000064a       0x2e /home/bsaleh/gcc-arm/bin/../lib/gcc/arm-none-eabi/6.2.1/../../../../arm-none-eabi/lib/thumb/v7e-m/libg_nano.a(lib_a-sbrkr.o)
 .ARM.attributes
                0x0000000000000678       0x2e /home/bsaleh/gcc-arm/bin/../lib/gcc/arm-none-eabi/6.2.1/../../../../arm-none-eabi/lib/thumb/v7e-m/libg_nano.a(lib_a-mlock.o)
 .ARM.attributes
                0x00000000000006a6       0x2e /home/bsaleh/gcc-arm/bin/../lib/gcc/arm-none-eabi/6.2.1/../../../../arm-none-eabi/lib/thumb/v7e-m/libg_nano.a(lib_a-nano-msizer.o)

.debug
 *(.debug)

.line
 *(.line)

.debug_srcinfo
 *(.debug_srcinfo)

.debug_sfnames
 *(.debug_sfnames)

.debug_aranges  0x0000000000000000      0xa80
 *(.debug_aranges)
 .debug_aranges
                0x0000000000000000       0xd0 ./system/Src/stm32f4-hal/stm32f4xx_hal.o
 .debug_aranges
                0x00000000000000d0       0x98 ./system/Src/stm32f4-hal/stm32f4xx_hal_cortex.o
 .debug_aranges
                0x0000000000000168       0x90 ./system/Src/stm32f4-hal/stm32f4xx_hal_dma.o
 .debug_aranges
                0x00000000000001f8       0x58 ./system/Src/stm32f4-hal/stm32f4xx_hal_gpio.o
 .debug_aranges
                0x0000000000000250       0x70 ./system/Src/stm32f4-hal/stm32f4xx_hal_pwr_ex.o
 .debug_aranges
                0x00000000000002c0       0x88 ./system/Src/stm32f4-hal/stm32f4xx_hal_rcc.o
 .debug_aranges
                0x0000000000000348      0x180 ./system/Src/stm32f4-hal/stm32f4xx_hal_spi.o
 .debug_aranges
                0x00000000000004c8      0x168 ./system/Src/stm32f4-hal/stm32f4xx_hal_uart.o
 .debug_aranges
                0x0000000000000630       0x28 ./system/Src/newlib/_exit.o
 .debug_aranges
                0x0000000000000658       0x20 ./system/Src/newlib/_sbrk.o
 .debug_aranges
                0x0000000000000678       0x40 ./system/Src/newlib/_startup.o
 .debug_aranges
                0x00000000000006b8       0x30 ./system/Src/newlib/_syscalls.o
 .debug_aranges
                0x00000000000006e8       0x28 ./system/Src/cortexm/_initialize_hardware.o
 .debug_aranges
                0x0000000000000710       0x80 ./system/Src/cortexm/exception_handlers.o
 .debug_aranges
                0x0000000000000790       0x28 ./system/Src/cmsis/system_stm32f4xx.o
 .debug_aranges
                0x00000000000007b8       0x20 ./system/Src/cmsis/vectors_stm32f469xx.o
 .debug_aranges
                0x00000000000007d8      0x148 ./system/Src/stm32469i_discovery.o
 .debug_aranges
                0x0000000000000920       0x28 ./Src/_initialize_hardware.o
 .debug_aranges
                0x0000000000000948       0x50 ./Src/config.o
 .debug_aranges
                0x0000000000000998       0x38 ./Src/main.o
 .debug_aranges
                0x00000000000009d0       0x38 ./Src/stm32f4xx_hal_msp.o
 .debug_aranges
                0x0000000000000a08       0x78 ./Src/stm32f4xx_it.o

.debug_pubnames
 *(.debug_pubnames)

.debug_info     0x0000000000000000    0x18243
 *(.debug_info .gnu.linkonce.wi.*)
 .debug_info    0x0000000000000000     0x11c5 ./system/Src/stm32f4-hal/stm32f4xx_hal.o
 .debug_info    0x00000000000011c5     0x1935 ./system/Src/stm32f4-hal/stm32f4xx_hal_cortex.o
 .debug_info    0x0000000000002afa     0x140f ./system/Src/stm32f4-hal/stm32f4xx_hal_dma.o
 .debug_info    0x0000000000003f09     0x10a1 ./system/Src/stm32f4-hal/stm32f4xx_hal_gpio.o
 .debug_info    0x0000000000004faa     0x123e ./system/Src/stm32f4-hal/stm32f4xx_hal_pwr_ex.o
 .debug_info    0x00000000000061e8     0x1773 ./system/Src/stm32f4-hal/stm32f4xx_hal_rcc.o
 .debug_info    0x000000000000795b     0x209a ./system/Src/stm32f4-hal/stm32f4xx_hal_spi.o
 .debug_info    0x00000000000099f5     0x1e4a ./system/Src/stm32f4-hal/stm32f4xx_hal_uart.o
 .debug_info    0x000000000000b83f      0x946 ./system/Src/newlib/_exit.o
 .debug_info    0x000000000000c185      0x93e ./system/Src/newlib/_sbrk.o
 .debug_info    0x000000000000cac3      0x4ca ./system/Src/newlib/_startup.o
 .debug_info    0x000000000000cf8d      0xa15 ./system/Src/newlib/_syscalls.o
 .debug_info    0x000000000000d9a2      0xada ./system/Src/cortexm/_initialize_hardware.o
 .debug_info    0x000000000000e47c      0xafe ./system/Src/cortexm/exception_handlers.o
 .debug_info    0x000000000000ef7a      0xcea ./system/Src/cmsis/system_stm32f4xx.o
 .debug_info    0x000000000000fc64       0xd1 ./system/Src/cmsis/vectors_stm32f469xx.o
 .debug_info    0x000000000000fd35     0x2488 ./system/Src/stm32469i_discovery.o
 .debug_info    0x00000000000121bd      0xd2d ./Src/_initialize_hardware.o
 .debug_info    0x0000000000012eea     0x16a2 ./Src/config.o
 .debug_info    0x000000000001458c     0x130d ./Src/main.o
 .debug_info    0x0000000000015899     0x18e4 ./Src/stm32f4xx_hal_msp.o
 .debug_info    0x000000000001717d     0x10c6 ./Src/stm32f4xx_it.o

.debug_abbrev   0x0000000000000000     0x384b
 *(.debug_abbrev)
 .debug_abbrev  0x0000000000000000      0x329 ./system/Src/stm32f4-hal/stm32f4xx_hal.o
 .debug_abbrev  0x0000000000000329      0x3ef ./system/Src/stm32f4-hal/stm32f4xx_hal_cortex.o
 .debug_abbrev  0x0000000000000718      0x32a ./system/Src/stm32f4-hal/stm32f4xx_hal_dma.o
 .debug_abbrev  0x0000000000000a42      0x2dc ./system/Src/stm32f4-hal/stm32f4xx_hal_gpio.o
 .debug_abbrev  0x0000000000000d1e      0x380 ./system/Src/stm32f4-hal/stm32f4xx_hal_pwr_ex.o
 .debug_abbrev  0x000000000000109e      0x392 ./system/Src/stm32f4-hal/stm32f4xx_hal_rcc.o
 .debug_abbrev  0x0000000000001430      0x2f0 ./system/Src/stm32f4-hal/stm32f4xx_hal_spi.o
 .debug_abbrev  0x0000000000001720      0x31b ./system/Src/stm32f4-hal/stm32f4xx_hal_uart.o
 .debug_abbrev  0x0000000000001a3b      0x1f5 ./system/Src/newlib/_exit.o
 .debug_abbrev  0x0000000000001c30      0x1fc ./system/Src/newlib/_sbrk.o
 .debug_abbrev  0x0000000000001e2c      0x1c4 ./system/Src/newlib/_startup.o
 .debug_abbrev  0x0000000000001ff0      0x234 ./system/Src/newlib/_syscalls.o
 .debug_abbrev  0x0000000000002224      0x1de ./system/Src/cortexm/_initialize_hardware.o
 .debug_abbrev  0x0000000000002402      0x23a ./system/Src/cortexm/exception_handlers.o
 .debug_abbrev  0x000000000000263c      0x216 ./system/Src/cmsis/system_stm32f4xx.o
 .debug_abbrev  0x0000000000002852       0x9d ./system/Src/cmsis/vectors_stm32f469xx.o
 .debug_abbrev  0x00000000000028ef      0x35e ./system/Src/stm32469i_discovery.o
 .debug_abbrev  0x0000000000002c4d      0x22d ./Src/_initialize_hardware.o
 .debug_abbrev  0x0000000000002e7a      0x2b1 ./Src/config.o
 .debug_abbrev  0x000000000000312b      0x276 ./Src/main.o
 .debug_abbrev  0x00000000000033a1      0x263 ./Src/stm32f4xx_hal_msp.o
 .debug_abbrev  0x0000000000003604      0x247 ./Src/stm32f4xx_it.o

.debug_line     0x0000000000000000     0x95d9
 *(.debug_line)
 .debug_line    0x0000000000000000      0x734 ./system/Src/stm32f4-hal/stm32f4xx_hal.o
 .debug_line    0x0000000000000734      0x800 ./system/Src/stm32f4-hal/stm32f4xx_hal_cortex.o
 .debug_line    0x0000000000000f34      0x9db ./system/Src/stm32f4-hal/stm32f4xx_hal_dma.o
 .debug_line    0x000000000000190f      0x853 ./system/Src/stm32f4-hal/stm32f4xx_hal_gpio.o
 .debug_line    0x0000000000002162      0x71a ./system/Src/stm32f4-hal/stm32f4xx_hal_pwr_ex.o
 .debug_line    0x000000000000287c      0x981 ./system/Src/stm32f4-hal/stm32f4xx_hal_rcc.o
 .debug_line    0x00000000000031fd      0xef6 ./system/Src/stm32f4-hal/stm32f4xx_hal_spi.o
 .debug_line    0x00000000000040f3      0xf1d ./system/Src/stm32f4-hal/stm32f4xx_hal_uart.o
 .debug_line    0x0000000000005010      0x2bb ./system/Src/newlib/_exit.o
 .debug_line    0x00000000000052cb      0x274 ./system/Src/newlib/_sbrk.o
 .debug_line    0x000000000000553f      0x33c ./system/Src/newlib/_startup.o
 .debug_line    0x000000000000587b      0x368 ./system/Src/newlib/_syscalls.o
 .debug_line    0x0000000000005be3      0x5a4 ./system/Src/cortexm/_initialize_hardware.o
 .debug_line    0x0000000000006187      0x675 ./system/Src/cortexm/exception_handlers.o
 .debug_line    0x00000000000067fc      0x5ac ./system/Src/cmsis/system_stm32f4xx.o
 .debug_line    0x0000000000006da8       0xdd ./system/Src/cmsis/vectors_stm32f469xx.o
 .debug_line    0x0000000000006e85      0x8ae ./system/Src/stm32469i_discovery.o
 .debug_line    0x0000000000007733      0x5a0 ./Src/_initialize_hardware.o
 .debug_line    0x0000000000007cd3      0x657 ./Src/config.o
 .debug_line    0x000000000000832a      0x601 ./Src/main.o
 .debug_line    0x000000000000892b      0x63e ./Src/stm32f4xx_hal_msp.o
 .debug_line    0x0000000000008f69      0x670 ./Src/stm32f4xx_it.o

.debug_frame    0x0000000000000000     0x1d0c
 *(.debug_frame)
 .debug_frame   0x0000000000000000      0x1a8 ./system/Src/stm32f4-hal/stm32f4xx_hal.o
 .debug_frame   0x00000000000001a8      0x17c ./system/Src/stm32f4-hal/stm32f4xx_hal_cortex.o
 .debug_frame   0x0000000000000324      0x184 ./system/Src/stm32f4-hal/stm32f4xx_hal_dma.o
 .debug_frame   0x00000000000004a8       0xfc ./system/Src/stm32f4-hal/stm32f4xx_hal_gpio.o
 .debug_frame   0x00000000000005a4      0x118 ./system/Src/stm32f4-hal/stm32f4xx_hal_pwr_ex.o
 .debug_frame   0x00000000000006bc      0x140 ./system/Src/stm32f4-hal/stm32f4xx_hal_rcc.o
 .debug_frame   0x00000000000007fc      0x498 ./system/Src/stm32f4-hal/stm32f4xx_hal_spi.o
 .debug_frame   0x0000000000000c94      0x3e0 ./system/Src/stm32f4-hal/stm32f4xx_hal_uart.o
 .debug_frame   0x0000000000001074       0x38 ./system/Src/newlib/_exit.o
 .debug_frame   0x00000000000010ac       0x28 ./system/Src/newlib/_sbrk.o
 .debug_frame   0x00000000000010d4       0x7c ./system/Src/newlib/_startup.o
 .debug_frame   0x0000000000001150       0x50 ./system/Src/newlib/_syscalls.o
 .debug_frame   0x00000000000011a0       0x40 ./system/Src/cortexm/_initialize_hardware.o
 .debug_frame   0x00000000000011e0       0xe8 ./system/Src/cortexm/exception_handlers.o
 .debug_frame   0x00000000000012c8       0x30 ./system/Src/cmsis/system_stm32f4xx.o
 .debug_frame   0x00000000000012f8       0x20 ./system/Src/cmsis/vectors_stm32f469xx.o
 .debug_frame   0x0000000000001318      0x420 ./system/Src/stm32469i_discovery.o
 .debug_frame   0x0000000000001738       0x4c ./Src/_initialize_hardware.o
 .debug_frame   0x0000000000001784       0xe4 ./Src/config.o
 .debug_frame   0x0000000000001868       0x60 ./Src/main.o
 .debug_frame   0x00000000000018c8       0x8c ./Src/stm32f4xx_hal_msp.o
 .debug_frame   0x0000000000001954       0xf0 ./Src/stm32f4xx_it.o
 .debug_frame   0x0000000000001a44       0x20 /home/bsaleh/gcc-arm/bin/../lib/gcc/arm-none-eabi/6.2.1/../../../../arm-none-eabi/lib/thumb/v7e-m/libg_nano.a(lib_a-errno.o)
 .debug_frame   0x0000000000001a64       0x4c /home/bsaleh/gcc-arm/bin/../lib/gcc/arm-none-eabi/6.2.1/../../../../arm-none-eabi/lib/thumb/v7e-m/libg_nano.a(lib_a-vsnprintf.o)
 .debug_frame   0x0000000000001ab0       0x90 /home/bsaleh/gcc-arm/bin/../lib/gcc/arm-none-eabi/6.2.1/../../../../arm-none-eabi/lib/thumb/v7e-m/libg_nano.a(lib_a-nano-svfprintf.o)
 .debug_frame   0x0000000000001b40       0x60 /home/bsaleh/gcc-arm/bin/../lib/gcc/arm-none-eabi/6.2.1/../../../../arm-none-eabi/lib/thumb/v7e-m/libg_nano.a(lib_a-nano-vfprintf_i.o)
 .debug_frame   0x0000000000001ba0       0x28 /home/bsaleh/gcc-arm/bin/../lib/gcc/arm-none-eabi/6.2.1/../../../../arm-none-eabi/lib/thumb/v7e-m/libg_nano.a(lib_a-memcpy-stub.o)
 .debug_frame   0x0000000000001bc8       0x28 /home/bsaleh/gcc-arm/bin/../lib/gcc/arm-none-eabi/6.2.1/../../../../arm-none-eabi/lib/thumb/v7e-m/libg_nano.a(lib_a-memmove.o)
 .debug_frame   0x0000000000001bf0       0x38 /home/bsaleh/gcc-arm/bin/../lib/gcc/arm-none-eabi/6.2.1/../../../../arm-none-eabi/lib/thumb/v7e-m/libg_nano.a(lib_a-nano-freer.o)
 .debug_frame   0x0000000000001c28       0x2c /home/bsaleh/gcc-arm/bin/../lib/gcc/arm-none-eabi/6.2.1/../../../../arm-none-eabi/lib/thumb/v7e-m/libg_nano.a(lib_a-nano-mallocr.o)
 .debug_frame   0x0000000000001c54       0x3c /home/bsaleh/gcc-arm/bin/../lib/gcc/arm-none-eabi/6.2.1/../../../../arm-none-eabi/lib/thumb/v7e-m/libg_nano.a(lib_a-nano-reallocr.o)
 .debug_frame   0x0000000000001c90       0x2c /home/bsaleh/gcc-arm/bin/../lib/gcc/arm-none-eabi/6.2.1/../../../../arm-none-eabi/lib/thumb/v7e-m/libg_nano.a(lib_a-sbrkr.o)
 .debug_frame   0x0000000000001cbc       0x30 /home/bsaleh/gcc-arm/bin/../lib/gcc/arm-none-eabi/6.2.1/../../../../arm-none-eabi/lib/thumb/v7e-m/libg_nano.a(lib_a-mlock.o)
 .debug_frame   0x0000000000001cec       0x20 /home/bsaleh/gcc-arm/bin/../lib/gcc/arm-none-eabi/6.2.1/../../../../arm-none-eabi/lib/thumb/v7e-m/libg_nano.a(lib_a-nano-msizer.o)

.debug_str      0x0000000000000000    0x82bf4
 *(.debug_str)
 .debug_str     0x0000000000000000    0x7bb19 ./system/Src/stm32f4-hal/stm32f4xx_hal.o
                                      0x7bfb5 (size before relaxing)
 .debug_str     0x000000000007bb19      0x393 ./system/Src/stm32f4-hal/stm32f4xx_hal_cortex.o
                                      0x7bde3 (size before relaxing)
 .debug_str     0x000000000007beac      0x535 ./system/Src/stm32f4-hal/stm32f4xx_hal_dma.o
                                      0x7b90d (size before relaxing)
 .debug_str     0x000000000007c3e1      0x2d2 ./system/Src/stm32f4-hal/stm32f4xx_hal_gpio.o
                                      0x7b792 (size before relaxing)
 .debug_str     0x000000000007c6b3      0x19c ./system/Src/stm32f4-hal/stm32f4xx_hal_pwr_ex.o
                                      0x7b766 (size before relaxing)
 .debug_str     0x000000000007c84f      0x38c ./system/Src/stm32f4-hal/stm32f4xx_hal_rcc.o
                                      0x7b925 (size before relaxing)
 .debug_str     0x000000000007cbdb      0x60a ./system/Src/stm32f4-hal/stm32f4xx_hal_spi.o
                                      0x7bc4a (size before relaxing)
 .debug_str     0x000000000007d1e5      0x529 ./system/Src/stm32f4-hal/stm32f4xx_hal_uart.o
                                      0x7bc11 (size before relaxing)
 .debug_str     0x000000000007d70e     0x10e1 ./system/Src/newlib/_exit.o
                                       0x73a1 (size before relaxing)
 .debug_str     0x000000000007e7ef      0x4f5 ./system/Src/newlib/_sbrk.o
                                       0x676c (size before relaxing)
 .debug_str     0x000000000007ece4      0x2c6 ./system/Src/newlib/_startup.o
                                       0x5f91 (size before relaxing)
 .debug_str     0x000000000007efaa      0xe2c ./system/Src/newlib/_syscalls.o
                                       0x75e8 (size before relaxing)
 .debug_str     0x000000000007fdd6       0x77 ./system/Src/cortexm/_initialize_hardware.o
                                      0x7b42e (size before relaxing)
 .debug_str     0x000000000007fe4d      0x1ce ./system/Src/cortexm/exception_handlers.o
                                      0x7c4e5 (size before relaxing)
 .debug_str     0x000000000008001b       0x46 ./system/Src/cmsis/system_stm32f4xx.o
                                      0x7b510 (size before relaxing)
 .debug_str     0x0000000000080061       0x59 ./system/Src/cmsis/vectors_stm32f469xx.o
                                       0x30e4 (size before relaxing)
 .debug_str     0x00000000000800ba     0x1461 ./system/Src/stm32469i_discovery.o
                                      0x7d246 (size before relaxing)
 .debug_str     0x000000000008151b       0x31 ./Src/_initialize_hardware.o
                                      0x7b62b (size before relaxing)
 .debug_str     0x000000000008154c     0x15f5 ./Src/config.o
                                      0x7df65 (size before relaxing)
 .debug_str     0x0000000000082b41       0x60 ./Src/main.o
                                      0x7dd36 (size before relaxing)
 .debug_str     0x0000000000082ba1       0x2b ./Src/stm32f4xx_hal_msp.o
                                      0x7e330 (size before relaxing)
 .debug_str     0x0000000000082bcc       0x28 ./Src/stm32f4xx_it.o
                                      0x7dc82 (size before relaxing)

.debug_loc      0x0000000000000000     0x582b
 *(.debug_loc)
 .debug_loc     0x0000000000000000       0xbe ./system/Src/stm32f4-hal/stm32f4xx_hal.o
 .debug_loc     0x00000000000000be      0x73b ./system/Src/stm32f4-hal/stm32f4xx_hal_cortex.o
 .debug_loc     0x00000000000007f9      0xb54 ./system/Src/stm32f4-hal/stm32f4xx_hal_dma.o
 .debug_loc     0x000000000000134d      0x593 ./system/Src/stm32f4-hal/stm32f4xx_hal_gpio.o
 .debug_loc     0x00000000000018e0      0x272 ./system/Src/stm32f4-hal/stm32f4xx_hal_pwr_ex.o
 .debug_loc     0x0000000000001b52      0x4cd ./system/Src/stm32f4-hal/stm32f4xx_hal_rcc.o
 .debug_loc     0x000000000000201f     0x150d ./system/Src/stm32f4-hal/stm32f4xx_hal_spi.o
 .debug_loc     0x000000000000352c     0x1264 ./system/Src/stm32f4-hal/stm32f4xx_hal_uart.o
 .debug_loc     0x0000000000004790       0x85 ./system/Src/newlib/_sbrk.o
 .debug_loc     0x0000000000004815      0x2d3 ./system/Src/newlib/_startup.o
 .debug_loc     0x0000000000004ae8       0x63 ./system/Src/newlib/_syscalls.o
 .debug_loc     0x0000000000004b4b      0x13e ./system/Src/cmsis/system_stm32f4xx.o
 .debug_loc     0x0000000000004c89      0xa8a ./system/Src/stm32469i_discovery.o
 .debug_loc     0x0000000000005713       0x68 ./Src/config.o
 .debug_loc     0x000000000000577b       0x21 ./Src/main.o
 .debug_loc     0x000000000000579c       0x8f ./Src/stm32f4xx_hal_msp.o

.debug_macinfo
 *(.debug_macinfo)

.debug_weaknames
 *(.debug_weaknames)

.debug_funcnames
 *(.debug_funcnames)

.debug_typenames
 *(.debug_typenames)

.debug_varnames
 *(.debug_varnames)
OUTPUT(SpiSlaveTest.elf elf32-littlearm)

.debug_ranges   0x0000000000000000      0x9e0
 .debug_ranges  0x0000000000000000       0xc0 ./system/Src/stm32f4-hal/stm32f4xx_hal.o
 .debug_ranges  0x00000000000000c0       0xe8 ./system/Src/stm32f4-hal/stm32f4xx_hal_cortex.o
 .debug_ranges  0x00000000000001a8       0x80 ./system/Src/stm32f4-hal/stm32f4xx_hal_dma.o
 .debug_ranges  0x0000000000000228       0x48 ./system/Src/stm32f4-hal/stm32f4xx_hal_gpio.o
 .debug_ranges  0x0000000000000270       0x60 ./system/Src/stm32f4-hal/stm32f4xx_hal_pwr_ex.o
 .debug_ranges  0x00000000000002d0       0x78 ./system/Src/stm32f4-hal/stm32f4xx_hal_rcc.o
 .debug_ranges  0x0000000000000348      0x170 ./system/Src/stm32f4-hal/stm32f4xx_hal_spi.o
 .debug_ranges  0x00000000000004b8      0x158 ./system/Src/stm32f4-hal/stm32f4xx_hal_uart.o
 .debug_ranges  0x0000000000000610       0x18 ./system/Src/newlib/_exit.o
 .debug_ranges  0x0000000000000628       0x10 ./system/Src/newlib/_sbrk.o
 .debug_ranges  0x0000000000000638       0x90 ./system/Src/newlib/_startup.o
 .debug_ranges  0x00000000000006c8       0x20 ./system/Src/newlib/_syscalls.o
 .debug_ranges  0x00000000000006e8       0x18 ./system/Src/cortexm/_initialize_hardware.o
 .debug_ranges  0x0000000000000700       0x70 ./system/Src/cortexm/exception_handlers.o
 .debug_ranges  0x0000000000000770       0x18 ./system/Src/cmsis/system_stm32f4xx.o
 .debug_ranges  0x0000000000000788       0x10 ./system/Src/cmsis/vectors_stm32f469xx.o
 .debug_ranges  0x0000000000000798      0x138 ./system/Src/stm32469i_discovery.o
 .debug_ranges  0x00000000000008d0       0x18 ./Src/_initialize_hardware.o
 .debug_ranges  0x00000000000008e8       0x40 ./Src/config.o
 .debug_ranges  0x0000000000000928       0x28 ./Src/main.o
 .debug_ranges  0x0000000000000950       0x28 ./Src/stm32f4xx_hal_msp.o
 .debug_ranges  0x0000000000000978       0x68 ./Src/stm32f4xx_it.o

.debug_macro    0x0000000000000000    0x1a9fe
 .debug_macro   0x0000000000000000      0x357 ./system/Src/stm32f4-hal/stm32f4xx_hal.o
 .debug_macro   0x0000000000000357      0x8b6 ./system/Src/stm32f4-hal/stm32f4xx_hal.o
 .debug_macro   0x0000000000000c0d      0x18c ./system/Src/stm32f4-hal/stm32f4xx_hal.o
 .debug_macro   0x0000000000000d99       0x31 ./system/Src/stm32f4-hal/stm32f4xx_hal.o
 .debug_macro   0x0000000000000dca       0x28 ./system/Src/stm32f4-hal/stm32f4xx_hal.o
 .debug_macro   0x0000000000000df2      0x34e ./system/Src/stm32f4-hal/stm32f4xx_hal.o
 .debug_macro   0x0000000000001140       0x35 ./system/Src/stm32f4-hal/stm32f4xx_hal.o
 .debug_macro   0x0000000000001175       0x50 ./system/Src/stm32f4-hal/stm32f4xx_hal.o
 .debug_macro   0x00000000000011c5      0xe66 ./system/Src/stm32f4-hal/stm32f4xx_hal.o
 .debug_macro   0x000000000000202b     0xbbad ./system/Src/stm32f4-hal/stm32f4xx_hal.o
 .debug_macro   0x000000000000dbd8       0x43 ./system/Src/stm32f4-hal/stm32f4xx_hal.o
 .debug_macro   0x000000000000dc1b     0x34ef ./system/Src/stm32f4-hal/stm32f4xx_hal.o
 .debug_macro   0x000000000001110a       0x22 ./system/Src/stm32f4-hal/stm32f4xx_hal.o
 .debug_macro   0x000000000001112c       0x4c ./system/Src/stm32f4-hal/stm32f4xx_hal.o
 .debug_macro   0x0000000000011178       0x8d ./system/Src/stm32f4-hal/stm32f4xx_hal.o
 .debug_macro   0x0000000000011205       0x35 ./system/Src/stm32f4-hal/stm32f4xx_hal.o
 .debug_macro   0x000000000001123a       0x9c ./system/Src/stm32f4-hal/stm32f4xx_hal.o
 .debug_macro   0x00000000000112d6       0x16 ./system/Src/stm32f4-hal/stm32f4xx_hal.o
 .debug_macro   0x00000000000112ec       0x57 ./system/Src/stm32f4-hal/stm32f4xx_hal.o
 .debug_macro   0x0000000000011343       0x97 ./system/Src/stm32f4-hal/stm32f4xx_hal.o
 .debug_macro   0x00000000000113da      0x30d ./system/Src/stm32f4-hal/stm32f4xx_hal.o
 .debug_macro   0x00000000000116e7       0xfd ./system/Src/stm32f4-hal/stm32f4xx_hal.o
 .debug_macro   0x00000000000117e4       0x10 ./system/Src/stm32f4-hal/stm32f4xx_hal.o
 .debug_macro   0x00000000000117f4       0x52 ./system/Src/stm32f4-hal/stm32f4xx_hal.o
 .debug_macro   0x0000000000011846       0x1f ./system/Src/stm32f4-hal/stm32f4xx_hal.o
 .debug_macro   0x0000000000011865       0x43 ./system/Src/stm32f4-hal/stm32f4xx_hal.o
 .debug_macro   0x00000000000118a8       0x20 ./system/Src/stm32f4-hal/stm32f4xx_hal.o
 .debug_macro   0x00000000000118c8      0x187 ./system/Src/stm32f4-hal/stm32f4xx_hal.o
 .debug_macro   0x0000000000011a4f       0x10 ./system/Src/stm32f4-hal/stm32f4xx_hal.o
 .debug_macro   0x0000000000011a5f       0x6a ./system/Src/stm32f4-hal/stm32f4xx_hal.o
 .debug_macro   0x0000000000011ac9       0x1c ./system/Src/stm32f4-hal/stm32f4xx_hal.o
 .debug_macro   0x0000000000011ae5       0x52 ./system/Src/stm32f4-hal/stm32f4xx_hal.o
 .debug_macro   0x0000000000011b37       0x40 ./system/Src/stm32f4-hal/stm32f4xx_hal.o
 .debug_macro   0x0000000000011b77       0x10 ./system/Src/stm32f4-hal/stm32f4xx_hal.o
 .debug_macro   0x0000000000011b87       0x40 ./system/Src/stm32f4-hal/stm32f4xx_hal.o
 .debug_macro   0x0000000000011bc7       0xd7 ./system/Src/stm32f4-hal/stm32f4xx_hal.o
 .debug_macro   0x0000000000011c9e       0x16 ./system/Src/stm32f4-hal/stm32f4xx_hal.o
 .debug_macro   0x0000000000011cb4      0x18b ./system/Src/stm32f4-hal/stm32f4xx_hal.o
 .debug_macro   0x0000000000011e3f       0x57 ./system/Src/stm32f4-hal/stm32f4xx_hal.o
 .debug_macro   0x0000000000011e96      0xdc4 ./system/Src/stm32f4-hal/stm32f4xx_hal.o
 .debug_macro   0x0000000000012c5a      0x9e1 ./system/Src/stm32f4-hal/stm32f4xx_hal.o
 .debug_macro   0x000000000001363b      0x11e ./system/Src/stm32f4-hal/stm32f4xx_hal.o
 .debug_macro   0x0000000000013759      0x192 ./system/Src/stm32f4-hal/stm32f4xx_hal.o
 .debug_macro   0x00000000000138eb       0x27 ./system/Src/stm32f4-hal/stm32f4xx_hal.o
 .debug_macro   0x0000000000013912      0x287 ./system/Src/stm32f4-hal/stm32f4xx_hal.o
 .debug_macro   0x0000000000013b99       0x5f ./system/Src/stm32f4-hal/stm32f4xx_hal.o
 .debug_macro   0x0000000000013bf8      0x23a ./system/Src/stm32f4-hal/stm32f4xx_hal.o
 .debug_macro   0x0000000000013e32      0x36e ./system/Src/stm32f4-hal/stm32f4xx_hal.o
 .debug_macro   0x00000000000141a0      0x13a ./system/Src/stm32f4-hal/stm32f4xx_hal.o
 .debug_macro   0x00000000000142da      0x41d ./system/Src/stm32f4-hal/stm32f4xx_hal.o
 .debug_macro   0x00000000000146f7       0x2e ./system/Src/stm32f4-hal/stm32f4xx_hal.o
 .debug_macro   0x0000000000014725      0x1a7 ./system/Src/stm32f4-hal/stm32f4xx_hal.o
 .debug_macro   0x00000000000148cc       0x22 ./system/Src/stm32f4-hal/stm32f4xx_hal.o
 .debug_macro   0x00000000000148ee       0xa5 ./system/Src/stm32f4-hal/stm32f4xx_hal.o
 .debug_macro   0x0000000000014993      0x11e ./system/Src/stm32f4-hal/stm32f4xx_hal.o
 .debug_macro   0x0000000000014ab1       0xf0 ./system/Src/stm32f4-hal/stm32f4xx_hal.o
 .debug_macro   0x0000000000014ba1       0x89 ./system/Src/stm32f4-hal/stm32f4xx_hal.o
 .debug_macro   0x0000000000014c2a      0x202 ./system/Src/stm32f4-hal/stm32f4xx_hal.o
 .debug_macro   0x0000000000014e2c      0x287 ./system/Src/stm32f4-hal/stm32f4xx_hal.o
 .debug_macro   0x00000000000150b3      0x12c ./system/Src/stm32f4-hal/stm32f4xx_hal.o
 .debug_macro   0x00000000000151df      0x309 ./system/Src/stm32f4-hal/stm32f4xx_hal_cortex.o
 .debug_macro   0x00000000000154e8      0x310 ./system/Src/stm32f4-hal/stm32f4xx_hal_dma.o
 .debug_macro   0x00000000000157f8      0x341 ./system/Src/stm32f4-hal/stm32f4xx_hal_gpio.o
 .debug_macro   0x0000000000015b39      0x321 ./system/Src/stm32f4-hal/stm32f4xx_hal_pwr_ex.o
 .debug_macro   0x0000000000015e5a      0x333 ./system/Src/stm32f4-hal/stm32f4xx_hal_rcc.o
 .debug_macro   0x000000000001618d      0x311 ./system/Src/stm32f4-hal/stm32f4xx_hal_spi.o
 .debug_macro   0x000000000001649e      0x30a ./system/Src/stm32f4-hal/stm32f4xx_hal_uart.o
 .debug_macro   0x00000000000167a8      0x1a7 ./system/Src/newlib/_exit.o
 .debug_macro   0x000000000001694f      0x10e ./system/Src/newlib/_exit.o
 .debug_macro   0x0000000000016a5d       0x8d ./system/Src/newlib/_exit.o
 .debug_macro   0x0000000000016aea       0x35 ./system/Src/newlib/_exit.o
 .debug_macro   0x0000000000016b1f      0x15c ./system/Src/newlib/_sbrk.o
 .debug_macro   0x0000000000016c7b      0x174 ./system/Src/newlib/_sbrk.o
 .debug_macro   0x0000000000016def       0x10 ./system/Src/newlib/_sbrk.o
 .debug_macro   0x0000000000016dff      0x23b ./system/Src/newlib/_sbrk.o
 .debug_macro   0x000000000001703a      0x166 ./system/Src/newlib/_startup.o
 .debug_macro   0x00000000000171a0      0x8bc ./system/Src/newlib/_startup.o
 .debug_macro   0x0000000000017a5c      0x20a ./system/Src/newlib/_syscalls.o
 .debug_macro   0x0000000000017c66       0x1c ./system/Src/newlib/_syscalls.o
 .debug_macro   0x0000000000017c82       0x10 ./system/Src/newlib/_syscalls.o
 .debug_macro   0x0000000000017c92       0x10 ./system/Src/newlib/_syscalls.o
 .debug_macro   0x0000000000017ca2       0x10 ./system/Src/newlib/_syscalls.o
 .debug_macro   0x0000000000017cb2       0x35 ./system/Src/newlib/_syscalls.o
 .debug_macro   0x0000000000017ce7      0x122 ./system/Src/newlib/_syscalls.o
 .debug_macro   0x0000000000017e09       0x88 ./system/Src/newlib/_syscalls.o
 .debug_macro   0x0000000000017e91       0x2b ./system/Src/newlib/_syscalls.o
 .debug_macro   0x0000000000017ebc      0x118 ./system/Src/newlib/_syscalls.o
 .debug_macro   0x0000000000017fd4      0x159 ./system/Src/newlib/_syscalls.o
 .debug_macro   0x000000000001812d       0x16 ./system/Src/newlib/_syscalls.o
 .debug_macro   0x0000000000018143      0x313 ./system/Src/cortexm/_initialize_hardware.o
 .debug_macro   0x0000000000018456      0x372 ./system/Src/cortexm/exception_handlers.o
 .debug_macro   0x00000000000187c8       0x3b ./system/Src/cortexm/exception_handlers.o
 .debug_macro   0x0000000000018803       0x22 ./system/Src/cortexm/exception_handlers.o
 .debug_macro   0x0000000000018825       0x16 ./system/Src/cortexm/exception_handlers.o
 .debug_macro   0x000000000001883b      0x30f ./system/Src/cmsis/system_stm32f4xx.o
 .debug_macro   0x0000000000018b4a       0x34 ./system/Src/cmsis/vectors_stm32f469xx.o
 .debug_macro   0x0000000000018b7e      0x336 ./system/Src/stm32469i_discovery.o
 .debug_macro   0x0000000000018eb4      0x225 ./system/Src/stm32469i_discovery.o
 .debug_macro   0x00000000000190d9      0x309 ./Src/_initialize_hardware.o
 .debug_macro   0x00000000000193e2      0x336 ./Src/config.o
 .debug_macro   0x0000000000019718       0x58 ./Src/config.o
 .debug_macro   0x0000000000019770       0xef ./Src/config.o
 .debug_macro   0x000000000001985f       0x82 ./Src/config.o
 .debug_macro   0x00000000000198e1      0x376 ./Src/config.o
 .debug_macro   0x0000000000019c57       0xa2 ./Src/config.o
 .debug_macro   0x0000000000019cf9      0x22b ./Src/config.o
 .debug_macro   0x0000000000019f24      0x11e ./Src/config.o
 .debug_macro   0x000000000001a042      0x342 ./Src/main.o
 .debug_macro   0x000000000001a384      0x336 ./Src/stm32f4xx_hal_msp.o
 .debug_macro   0x000000000001a6ba      0x344 ./Src/stm32f4xx_it.o
