Archive member included to satisfy reference by file (symbol)

/home/bsaleh/gcc-arm/bin/../lib/gcc/arm-none-eabi/6.2.1/../../../../arm-none-eabi/lib/thumb/v7e-m/libg_nano.a(lib_a-errno.o)
                              ./system/Src/newlib/_sbrk.o (__errno)
/home/bsaleh/gcc-arm/bin/../lib/gcc/arm-none-eabi/6.2.1/../../../../arm-none-eabi/lib/thumb/v7e-m/libg_nano.a(lib_a-impure.o)
                              /home/bsaleh/gcc-arm/bin/../lib/gcc/arm-none-eabi/6.2.1/../../../../arm-none-eabi/lib/thumb/v7e-m/libg_nano.a(lib_a-errno.o) (_impure_ptr)

Allocating common symbols
Common symbol       size              file

errno               0x4               ./system/Src/newlib/_syscalls.o

Discarded input sections

 .group         0x0000000000000000        0x8 ./system/Src/newlib/_cxx.o
 .group         0x0000000000000000        0x8 ./system/Src/newlib/_cxx.o
 .group         0x0000000000000000        0x8 ./system/Src/newlib/_cxx.o
 .group         0x0000000000000000        0x8 ./system/Src/newlib/_cxx.o
 .group         0x0000000000000000        0x8 ./system/Src/newlib/_cxx.o
 .group         0x0000000000000000        0x8 ./system/Src/newlib/_cxx.o
 .group         0x0000000000000000        0x8 ./system/Src/newlib/_cxx.o
 .group         0x0000000000000000        0x8 ./system/Src/newlib/_cxx.o
 .group         0x0000000000000000        0x8 ./system/Src/newlib/_cxx.o
 .group         0x0000000000000000        0x8 ./system/Src/newlib/_cxx.o
 .group         0x0000000000000000        0x8 ./system/Src/newlib/_cxx.o
 .group         0x0000000000000000        0x8 ./system/Src/newlib/_cxx.o
 .group         0x0000000000000000        0x8 ./system/Src/newlib/_cxx.o
 .group         0x0000000000000000        0x8 ./system/Src/newlib/_cxx.o
 .group         0x0000000000000000        0x8 ./system/Src/newlib/_cxx.o
 .group         0x0000000000000000        0x8 ./system/Src/newlib/_cxx.o
 .group         0x0000000000000000        0x8 ./system/Src/newlib/_cxx.o
 .group         0x0000000000000000        0x8 ./system/Src/newlib/_cxx.o
 .group         0x0000000000000000        0x8 ./system/Src/newlib/_cxx.o
 .group         0x0000000000000000        0x8 ./system/Src/newlib/_cxx.o
 .group         0x0000000000000000        0x8 ./system/Src/newlib/_cxx.o
 .group         0x0000000000000000        0x8 ./system/Src/newlib/_cxx.o
 .group         0x0000000000000000        0x8 ./system/Src/newlib/_cxx.o
 .group         0x0000000000000000        0x8 ./system/Src/newlib/_cxx.o
 .group         0x0000000000000000        0x8 ./system/Src/newlib/_cxx.o
 .group         0x0000000000000000        0x8 ./system/Src/newlib/_cxx.o
 .group         0x0000000000000000        0x8 ./system/Src/newlib/_cxx.o
 .group         0x0000000000000000        0x8 ./system/Src/newlib/_cxx.o
 .group         0x0000000000000000        0x8 ./system/Src/newlib/_cxx.o
 .group         0x0000000000000000        0x8 ./system/Src/newlib/_cxx.o
 .group         0x0000000000000000        0x8 ./system/Src/newlib/_cxx.o
 .group         0x0000000000000000        0x8 ./system/Src/newlib/_cxx.o
 .group         0x0000000000000000        0x8 ./system/Src/newlib/_cxx.o
 .group         0x0000000000000000        0x8 ./system/Src/newlib/_cxx.o
 .text          0x0000000000000000        0x0 ./system/Src/newlib/_cxx.o
 .data          0x0000000000000000        0x0 ./system/Src/newlib/_cxx.o
 .bss           0x0000000000000000        0x0 ./system/Src/newlib/_cxx.o
 .text._ZN9__gnu_cxx27__verbose_terminate_handlerEv
                0x0000000000000000       0x14 ./system/Src/newlib/_cxx.o
 .text.__cxa_pure_virtual
                0x0000000000000000       0x14 ./system/Src/newlib/_cxx.o
 .rodata._ZZN9__gnu_cxx27__verbose_terminate_handlerEvE8__func__
                0x0000000000000000       0x1c ./system/Src/newlib/_cxx.o
 .rodata._ZZ18__cxa_pure_virtualE8__func__
                0x0000000000000000       0x13 ./system/Src/newlib/_cxx.o
 .debug_info    0x0000000000000000      0xf8d ./system/Src/newlib/_cxx.o
 .debug_abbrev  0x0000000000000000      0x2e2 ./system/Src/newlib/_cxx.o
 .debug_aranges
                0x0000000000000000       0x28 ./system/Src/newlib/_cxx.o
 .debug_ranges  0x0000000000000000       0x18 ./system/Src/newlib/_cxx.o
 .debug_macro   0x0000000000000000      0x1d8 ./system/Src/newlib/_cxx.o
 .debug_macro   0x0000000000000000      0x952 ./system/Src/newlib/_cxx.o
 .debug_macro   0x0000000000000000      0x143 ./system/Src/newlib/_cxx.o
 .debug_macro   0x0000000000000000       0x10 ./system/Src/newlib/_cxx.o
 .debug_macro   0x0000000000000000      0x3ca ./system/Src/newlib/_cxx.o
 .debug_macro   0x0000000000000000       0x10 ./system/Src/newlib/_cxx.o
 .debug_macro   0x0000000000000000       0x22 ./system/Src/newlib/_cxx.o
 .debug_macro   0x0000000000000000       0x4c ./system/Src/newlib/_cxx.o
 .debug_macro   0x0000000000000000       0x8d ./system/Src/newlib/_cxx.o
 .debug_macro   0x0000000000000000       0x35 ./system/Src/newlib/_cxx.o
 .debug_macro   0x0000000000000000       0x9c ./system/Src/newlib/_cxx.o
 .debug_macro   0x0000000000000000       0x16 ./system/Src/newlib/_cxx.o
 .debug_macro   0x0000000000000000      0x10e ./system/Src/newlib/_cxx.o
 .debug_macro   0x0000000000000000       0x94 ./system/Src/newlib/_cxx.o
 .debug_macro   0x0000000000000000       0x57 ./system/Src/newlib/_cxx.o
 .debug_macro   0x0000000000000000       0x52 ./system/Src/newlib/_cxx.o
 .debug_macro   0x0000000000000000       0x1f ./system/Src/newlib/_cxx.o
 .debug_macro   0x0000000000000000       0x43 ./system/Src/newlib/_cxx.o
 .debug_macro   0x0000000000000000       0x20 ./system/Src/newlib/_cxx.o
 .debug_macro   0x0000000000000000      0x187 ./system/Src/newlib/_cxx.o
 .debug_macro   0x0000000000000000      0x337 ./system/Src/newlib/_cxx.o
 .debug_macro   0x0000000000000000       0x16 ./system/Src/newlib/_cxx.o
 .debug_macro   0x0000000000000000       0x29 ./system/Src/newlib/_cxx.o
 .debug_macro   0x0000000000000000       0xea ./system/Src/newlib/_cxx.o
 .debug_macro   0x0000000000000000       0x10 ./system/Src/newlib/_cxx.o
 .debug_macro   0x0000000000000000       0x6a ./system/Src/newlib/_cxx.o
 .debug_macro   0x0000000000000000       0x1c ./system/Src/newlib/_cxx.o
 .debug_macro   0x0000000000000000       0x52 ./system/Src/newlib/_cxx.o
 .debug_macro   0x0000000000000000       0x40 ./system/Src/newlib/_cxx.o
 .debug_macro   0x0000000000000000       0x10 ./system/Src/newlib/_cxx.o
 .debug_macro   0x0000000000000000       0x40 ./system/Src/newlib/_cxx.o
 .debug_macro   0x0000000000000000       0xd7 ./system/Src/newlib/_cxx.o
 .debug_macro   0x0000000000000000       0x16 ./system/Src/newlib/_cxx.o
 .debug_macro   0x0000000000000000       0x35 ./system/Src/newlib/_cxx.o
 .debug_macro   0x0000000000000000      0x513 ./system/Src/newlib/_cxx.o
 .debug_line    0x0000000000000000      0x38e ./system/Src/newlib/_cxx.o
 .debug_str     0x0000000000000000     0x8eb1 ./system/Src/newlib/_cxx.o
 .comment       0x0000000000000000       0x6f ./system/Src/newlib/_cxx.o
 .debug_frame   0x0000000000000000       0x50 ./system/Src/newlib/_cxx.o
 .ARM.attributes
                0x0000000000000000       0x33 ./system/Src/newlib/_cxx.o
 .group         0x0000000000000000        0x8 ./system/Src/newlib/_exit.o
 .group         0x0000000000000000        0x8 ./system/Src/newlib/_exit.o
 .group         0x0000000000000000        0x8 ./system/Src/newlib/_exit.o
 .group         0x0000000000000000        0x8 ./system/Src/newlib/_exit.o
 .group         0x0000000000000000        0x8 ./system/Src/newlib/_exit.o
 .group         0x0000000000000000        0x8 ./system/Src/newlib/_exit.o
 .group         0x0000000000000000        0x8 ./system/Src/newlib/_exit.o
 .group         0x0000000000000000        0x8 ./system/Src/newlib/_exit.o
 .group         0x0000000000000000        0x8 ./system/Src/newlib/_exit.o
 .group         0x0000000000000000        0x8 ./system/Src/newlib/_exit.o
 .group         0x0000000000000000        0x8 ./system/Src/newlib/_exit.o
 .group         0x0000000000000000        0x8 ./system/Src/newlib/_exit.o
 .group         0x0000000000000000        0x8 ./system/Src/newlib/_exit.o
 .group         0x0000000000000000        0x8 ./system/Src/newlib/_exit.o
 .group         0x0000000000000000        0x8 ./system/Src/newlib/_exit.o
 .group         0x0000000000000000        0x8 ./system/Src/newlib/_exit.o
 .group         0x0000000000000000        0x8 ./system/Src/newlib/_exit.o
 .group         0x0000000000000000        0x8 ./system/Src/newlib/_exit.o
 .group         0x0000000000000000        0x8 ./system/Src/newlib/_exit.o
 .group         0x0000000000000000        0x8 ./system/Src/newlib/_exit.o
 .group         0x0000000000000000        0x8 ./system/Src/newlib/_exit.o
 .group         0x0000000000000000        0x8 ./system/Src/newlib/_exit.o
 .group         0x0000000000000000        0x8 ./system/Src/newlib/_exit.o
 .group         0x0000000000000000        0x8 ./system/Src/newlib/_exit.o
 .group         0x0000000000000000        0x8 ./system/Src/newlib/_exit.o
 .group         0x0000000000000000        0x8 ./system/Src/newlib/_exit.o
 .group         0x0000000000000000        0x8 ./system/Src/newlib/_exit.o
 .group         0x0000000000000000        0x8 ./system/Src/newlib/_exit.o
 .group         0x0000000000000000        0x8 ./system/Src/newlib/_exit.o
 .text          0x0000000000000000        0x0 ./system/Src/newlib/_exit.o
 .data          0x0000000000000000        0x0 ./system/Src/newlib/_exit.o
 .bss           0x0000000000000000        0x0 ./system/Src/newlib/_exit.o
 .rodata        0x0000000000000000       0x14 ./system/Src/newlib/_exit.o
 .text.abort    0x0000000000000000       0x14 ./system/Src/newlib/_exit.o
 .debug_macro   0x0000000000000000       0x22 ./system/Src/newlib/_exit.o
 .debug_macro   0x0000000000000000       0x4c ./system/Src/newlib/_exit.o
 .debug_macro   0x0000000000000000       0x8d ./system/Src/newlib/_exit.o
 .debug_macro   0x0000000000000000       0x35 ./system/Src/newlib/_exit.o
 .debug_macro   0x0000000000000000       0x16 ./system/Src/newlib/_exit.o
 .debug_macro   0x0000000000000000       0x57 ./system/Src/newlib/_exit.o
 .debug_macro   0x0000000000000000       0x52 ./system/Src/newlib/_exit.o
 .debug_macro   0x0000000000000000       0x1f ./system/Src/newlib/_exit.o
 .debug_macro   0x0000000000000000       0x20 ./system/Src/newlib/_exit.o
 .debug_macro   0x0000000000000000      0x187 ./system/Src/newlib/_exit.o
 .debug_macro   0x0000000000000000       0x16 ./system/Src/newlib/_exit.o
 .debug_macro   0x0000000000000000       0x29 ./system/Src/newlib/_exit.o
 .debug_macro   0x0000000000000000       0x16 ./system/Src/newlib/_exit.o
 .debug_macro   0x0000000000000000       0x10 ./system/Src/newlib/_exit.o
 .debug_macro   0x0000000000000000       0x6a ./system/Src/newlib/_exit.o
 .debug_macro   0x0000000000000000       0x1c ./system/Src/newlib/_exit.o
 .debug_macro   0x0000000000000000       0x52 ./system/Src/newlib/_exit.o
 .debug_macro   0x0000000000000000       0x40 ./system/Src/newlib/_exit.o
 .debug_macro   0x0000000000000000       0x10 ./system/Src/newlib/_exit.o
 .debug_macro   0x0000000000000000       0x40 ./system/Src/newlib/_exit.o
 .debug_macro   0x0000000000000000       0xd7 ./system/Src/newlib/_exit.o
 .debug_macro   0x0000000000000000      0x513 ./system/Src/newlib/_exit.o
 .group         0x0000000000000000        0x8 ./system/Src/newlib/_sbrk.o
 .group         0x0000000000000000        0x8 ./system/Src/newlib/_sbrk.o
 .group         0x0000000000000000        0x8 ./system/Src/newlib/_sbrk.o
 .group         0x0000000000000000        0x8 ./system/Src/newlib/_sbrk.o
 .group         0x0000000000000000        0x8 ./system/Src/newlib/_sbrk.o
 .group         0x0000000000000000        0x8 ./system/Src/newlib/_sbrk.o
 .group         0x0000000000000000        0x8 ./system/Src/newlib/_sbrk.o
 .group         0x0000000000000000        0x8 ./system/Src/newlib/_sbrk.o
 .group         0x0000000000000000        0x8 ./system/Src/newlib/_sbrk.o
 .group         0x0000000000000000        0x8 ./system/Src/newlib/_sbrk.o
 .group         0x0000000000000000        0x8 ./system/Src/newlib/_sbrk.o
 .group         0x0000000000000000        0x8 ./system/Src/newlib/_sbrk.o
 .group         0x0000000000000000        0x8 ./system/Src/newlib/_sbrk.o
 .group         0x0000000000000000        0x8 ./system/Src/newlib/_sbrk.o
 .group         0x0000000000000000        0x8 ./system/Src/newlib/_sbrk.o
 .group         0x0000000000000000        0x8 ./system/Src/newlib/_sbrk.o
 .group         0x0000000000000000        0x8 ./system/Src/newlib/_sbrk.o
 .group         0x0000000000000000        0x8 ./system/Src/newlib/_sbrk.o
 .group         0x0000000000000000        0x8 ./system/Src/newlib/_sbrk.o
 .group         0x0000000000000000        0x8 ./system/Src/newlib/_sbrk.o
 .group         0x0000000000000000        0x8 ./system/Src/newlib/_sbrk.o
 .group         0x0000000000000000        0x8 ./system/Src/newlib/_sbrk.o
 .group         0x0000000000000000        0x8 ./system/Src/newlib/_sbrk.o
 .group         0x0000000000000000        0x8 ./system/Src/newlib/_sbrk.o
 .text          0x0000000000000000        0x0 ./system/Src/newlib/_sbrk.o
 .data          0x0000000000000000        0x0 ./system/Src/newlib/_sbrk.o
 .bss           0x0000000000000000        0x0 ./system/Src/newlib/_sbrk.o
 .bss.current_heap_end.3927
                0x0000000000000000        0x4 ./system/Src/newlib/_sbrk.o
 .text._sbrk    0x0000000000000000       0x68 ./system/Src/newlib/_sbrk.o
 .debug_info    0x0000000000000000      0x924 ./system/Src/newlib/_sbrk.o
 .debug_abbrev  0x0000000000000000      0x1cf ./system/Src/newlib/_sbrk.o
 .debug_aranges
                0x0000000000000000       0x20 ./system/Src/newlib/_sbrk.o
 .debug_ranges  0x0000000000000000       0x10 ./system/Src/newlib/_sbrk.o
 .debug_macro   0x0000000000000000      0x15c ./system/Src/newlib/_sbrk.o
 .debug_macro   0x0000000000000000      0x8b0 ./system/Src/newlib/_sbrk.o
 .debug_macro   0x0000000000000000       0x22 ./system/Src/newlib/_sbrk.o
 .debug_macro   0x0000000000000000       0x4c ./system/Src/newlib/_sbrk.o
 .debug_macro   0x0000000000000000       0x8d ./system/Src/newlib/_sbrk.o
 .debug_macro   0x0000000000000000       0x35 ./system/Src/newlib/_sbrk.o
 .debug_macro   0x0000000000000000       0x9c ./system/Src/newlib/_sbrk.o
 .debug_macro   0x0000000000000000       0x57 ./system/Src/newlib/_sbrk.o
 .debug_macro   0x0000000000000000      0x174 ./system/Src/newlib/_sbrk.o
 .debug_macro   0x0000000000000000      0x30d ./system/Src/newlib/_sbrk.o
 .debug_macro   0x0000000000000000       0x10 ./system/Src/newlib/_sbrk.o
 .debug_macro   0x0000000000000000       0x52 ./system/Src/newlib/_sbrk.o
 .debug_macro   0x0000000000000000       0x1f ./system/Src/newlib/_sbrk.o
 .debug_macro   0x0000000000000000       0x43 ./system/Src/newlib/_sbrk.o
 .debug_macro   0x0000000000000000       0x20 ./system/Src/newlib/_sbrk.o
 .debug_macro   0x0000000000000000       0x6a ./system/Src/newlib/_sbrk.o
 .debug_macro   0x0000000000000000       0x1c ./system/Src/newlib/_sbrk.o
 .debug_macro   0x0000000000000000       0x52 ./system/Src/newlib/_sbrk.o
 .debug_macro   0x0000000000000000       0x40 ./system/Src/newlib/_sbrk.o
 .debug_macro   0x0000000000000000       0x10 ./system/Src/newlib/_sbrk.o
 .debug_macro   0x0000000000000000       0x40 ./system/Src/newlib/_sbrk.o
 .debug_macro   0x0000000000000000       0xd7 ./system/Src/newlib/_sbrk.o
 .debug_macro   0x0000000000000000       0x10 ./system/Src/newlib/_sbrk.o
 .debug_macro   0x0000000000000000      0x187 ./system/Src/newlib/_sbrk.o
 .debug_macro   0x0000000000000000      0x23b ./system/Src/newlib/_sbrk.o
 .debug_line    0x0000000000000000      0x271 ./system/Src/newlib/_sbrk.o
 .debug_str     0x0000000000000000     0x6753 ./system/Src/newlib/_sbrk.o
 .comment       0x0000000000000000       0x6f ./system/Src/newlib/_sbrk.o
 .debug_frame   0x0000000000000000       0x34 ./system/Src/newlib/_sbrk.o
 .ARM.attributes
                0x0000000000000000       0x33 ./system/Src/newlib/_sbrk.o
 .group         0x0000000000000000        0x8 ./system/Src/newlib/_startup.o
 .group         0x0000000000000000        0x8 ./system/Src/newlib/_startup.o
 .group         0x0000000000000000        0x8 ./system/Src/newlib/_startup.o
 .group         0x0000000000000000        0x8 ./system/Src/newlib/_startup.o
 .group         0x0000000000000000        0x8 ./system/Src/newlib/_startup.o
 .group         0x0000000000000000        0x8 ./system/Src/newlib/_startup.o
 .group         0x0000000000000000        0x8 ./system/Src/newlib/_startup.o
 .group         0x0000000000000000        0x8 ./system/Src/newlib/_startup.o
 .group         0x0000000000000000        0x8 ./system/Src/newlib/_startup.o
 .group         0x0000000000000000        0x8 ./system/Src/newlib/_startup.o
 .group         0x0000000000000000        0x8 ./system/Src/newlib/_startup.o
 .group         0x0000000000000000        0x8 ./system/Src/newlib/_startup.o
 .group         0x0000000000000000        0x8 ./system/Src/newlib/_startup.o
 .group         0x0000000000000000        0x8 ./system/Src/newlib/_startup.o
 .group         0x0000000000000000        0x8 ./system/Src/newlib/_startup.o
 .group         0x0000000000000000        0x8 ./system/Src/newlib/_startup.o
 .group         0x0000000000000000        0x8 ./system/Src/newlib/_startup.o
 .group         0x0000000000000000        0x8 ./system/Src/newlib/_startup.o
 .group         0x0000000000000000        0x8 ./system/Src/newlib/_startup.o
 .group         0x0000000000000000        0x8 ./system/Src/newlib/_startup.o
 .group         0x0000000000000000        0x8 ./system/Src/newlib/_startup.o
 .group         0x0000000000000000        0x8 ./system/Src/newlib/_startup.o
 .text          0x0000000000000000        0x0 ./system/Src/newlib/_startup.o
 .data          0x0000000000000000        0x0 ./system/Src/newlib/_startup.o
 .bss           0x0000000000000000        0x0 ./system/Src/newlib/_startup.o
 .text.__initialize_data
                0x0000000000000000       0x34 ./system/Src/newlib/_startup.o
 .text.__initialize_bss
                0x0000000000000000       0x2c ./system/Src/newlib/_startup.o
 .text.__run_init_array
                0x0000000000000000       0x70 ./system/Src/newlib/_startup.o
 .text.__run_fini_array
                0x0000000000000000       0x40 ./system/Src/newlib/_startup.o
 .debug_macro   0x0000000000000000       0x22 ./system/Src/newlib/_startup.o
 .debug_macro   0x0000000000000000       0x4c ./system/Src/newlib/_startup.o
 .debug_macro   0x0000000000000000       0x8d ./system/Src/newlib/_startup.o
 .debug_macro   0x0000000000000000       0x35 ./system/Src/newlib/_startup.o
 .debug_macro   0x0000000000000000       0x9c ./system/Src/newlib/_startup.o
 .debug_macro   0x0000000000000000       0x57 ./system/Src/newlib/_startup.o
 .debug_macro   0x0000000000000000      0x174 ./system/Src/newlib/_startup.o
 .debug_macro   0x0000000000000000      0x30d ./system/Src/newlib/_startup.o
 .debug_macro   0x0000000000000000       0x10 ./system/Src/newlib/_startup.o
 .debug_macro   0x0000000000000000       0x52 ./system/Src/newlib/_startup.o
 .debug_macro   0x0000000000000000       0x1f ./system/Src/newlib/_startup.o
 .debug_macro   0x0000000000000000       0x43 ./system/Src/newlib/_startup.o
 .debug_macro   0x0000000000000000       0x20 ./system/Src/newlib/_startup.o
 .debug_macro   0x0000000000000000       0x6a ./system/Src/newlib/_startup.o
 .debug_macro   0x0000000000000000       0x1c ./system/Src/newlib/_startup.o
 .debug_macro   0x0000000000000000       0x52 ./system/Src/newlib/_startup.o
 .debug_macro   0x0000000000000000       0x40 ./system/Src/newlib/_startup.o
 .debug_macro   0x0000000000000000       0x10 ./system/Src/newlib/_startup.o
 .debug_macro   0x0000000000000000       0x40 ./system/Src/newlib/_startup.o
 .debug_macro   0x0000000000000000       0xd7 ./system/Src/newlib/_startup.o
 .group         0x0000000000000000        0x8 ./system/Src/newlib/_syscalls.o
 .group         0x0000000000000000        0x8 ./system/Src/newlib/_syscalls.o
 .group         0x0000000000000000        0x8 ./system/Src/newlib/_syscalls.o
 .group         0x0000000000000000        0x8 ./system/Src/newlib/_syscalls.o
 .group         0x0000000000000000        0x8 ./system/Src/newlib/_syscalls.o
 .group         0x0000000000000000        0x8 ./system/Src/newlib/_syscalls.o
 .group         0x0000000000000000        0x8 ./system/Src/newlib/_syscalls.o
 .group         0x0000000000000000        0x8 ./system/Src/newlib/_syscalls.o
 .group         0x0000000000000000        0x8 ./system/Src/newlib/_syscalls.o
 .group         0x0000000000000000        0x8 ./system/Src/newlib/_syscalls.o
 .group         0x0000000000000000        0x8 ./system/Src/newlib/_syscalls.o
 .group         0x0000000000000000        0x8 ./system/Src/newlib/_syscalls.o
 .group         0x0000000000000000        0x8 ./system/Src/newlib/_syscalls.o
 .group         0x0000000000000000        0x8 ./system/Src/newlib/_syscalls.o
 .group         0x0000000000000000        0x8 ./system/Src/newlib/_syscalls.o
 .group         0x0000000000000000        0x8 ./system/Src/newlib/_syscalls.o
 .group         0x0000000000000000        0x8 ./system/Src/newlib/_syscalls.o
 .group         0x0000000000000000        0x8 ./system/Src/newlib/_syscalls.o
 .group         0x0000000000000000        0x8 ./system/Src/newlib/_syscalls.o
 .group         0x0000000000000000        0x8 ./system/Src/newlib/_syscalls.o
 .group         0x0000000000000000        0x8 ./system/Src/newlib/_syscalls.o
 .group         0x0000000000000000        0x8 ./system/Src/newlib/_syscalls.o
 .group         0x0000000000000000        0x8 ./system/Src/newlib/_syscalls.o
 .group         0x0000000000000000        0x8 ./system/Src/newlib/_syscalls.o
 .group         0x0000000000000000        0x8 ./system/Src/newlib/_syscalls.o
 .group         0x0000000000000000        0x8 ./system/Src/newlib/_syscalls.o
 .group         0x0000000000000000        0x8 ./system/Src/newlib/_syscalls.o
 .group         0x0000000000000000        0x8 ./system/Src/newlib/_syscalls.o
 .group         0x0000000000000000        0x8 ./system/Src/newlib/_syscalls.o
 .group         0x0000000000000000        0x8 ./system/Src/newlib/_syscalls.o
 .group         0x0000000000000000        0x8 ./system/Src/newlib/_syscalls.o
 .group         0x0000000000000000        0x8 ./system/Src/newlib/_syscalls.o
 .group         0x0000000000000000        0x8 ./system/Src/newlib/_syscalls.o
 .group         0x0000000000000000        0x8 ./system/Src/newlib/_syscalls.o
 .group         0x0000000000000000        0x8 ./system/Src/newlib/_syscalls.o
 .group         0x0000000000000000        0x8 ./system/Src/newlib/_syscalls.o
 .text          0x0000000000000000        0x0 ./system/Src/newlib/_syscalls.o
 .data          0x0000000000000000        0x0 ./system/Src/newlib/_syscalls.o
 .bss           0x0000000000000000        0x0 ./system/Src/newlib/_syscalls.o
 .bss.__dso_handle
                0x0000000000000000        0x4 ./system/Src/newlib/_syscalls.o
 .text.raise    0x0000000000000000       0x1e ./system/Src/newlib/_syscalls.o
 .text.kill     0x0000000000000000       0x20 ./system/Src/newlib/_syscalls.o
 .debug_macro   0x0000000000000000      0x8b0 ./system/Src/newlib/_syscalls.o
 .debug_macro   0x0000000000000000       0x22 ./system/Src/newlib/_syscalls.o
 .debug_macro   0x0000000000000000       0x4c ./system/Src/newlib/_syscalls.o
 .debug_macro   0x0000000000000000       0x8d ./system/Src/newlib/_syscalls.o
 .debug_macro   0x0000000000000000       0x35 ./system/Src/newlib/_syscalls.o
 .debug_macro   0x0000000000000000       0x9c ./system/Src/newlib/_syscalls.o
 .debug_macro   0x0000000000000000       0x10 ./system/Src/newlib/_syscalls.o
 .debug_macro   0x0000000000000000      0x174 ./system/Src/newlib/_syscalls.o
 .debug_macro   0x0000000000000000       0x57 ./system/Src/newlib/_syscalls.o
 .debug_macro   0x0000000000000000       0x52 ./system/Src/newlib/_syscalls.o
 .debug_macro   0x0000000000000000       0x1f ./system/Src/newlib/_syscalls.o
 .debug_macro   0x0000000000000000       0x43 ./system/Src/newlib/_syscalls.o
 .debug_macro   0x0000000000000000       0x20 ./system/Src/newlib/_syscalls.o
 .debug_macro   0x0000000000000000      0x187 ./system/Src/newlib/_syscalls.o
 .debug_macro   0x0000000000000000      0x23b ./system/Src/newlib/_syscalls.o
 .debug_macro   0x0000000000000000      0x30d ./system/Src/newlib/_syscalls.o
 .debug_macro   0x0000000000000000       0x35 ./system/Src/newlib/_syscalls.o
 .debug_macro   0x0000000000000000       0x10 ./system/Src/newlib/_syscalls.o
 .debug_macro   0x0000000000000000       0x6a ./system/Src/newlib/_syscalls.o
 .debug_macro   0x0000000000000000       0x1c ./system/Src/newlib/_syscalls.o
 .debug_macro   0x0000000000000000       0x52 ./system/Src/newlib/_syscalls.o
 .debug_macro   0x0000000000000000       0x40 ./system/Src/newlib/_syscalls.o
 .debug_macro   0x0000000000000000       0x10 ./system/Src/newlib/_syscalls.o
 .debug_macro   0x0000000000000000       0x40 ./system/Src/newlib/_syscalls.o
 .debug_macro   0x0000000000000000       0xd7 ./system/Src/newlib/_syscalls.o
 COMMON         0x0000000000000000        0x4 ./system/Src/newlib/_syscalls.o
 .group         0x0000000000000000        0x8 ./system/Src/newlib/assert.o
 .group         0x0000000000000000        0x8 ./system/Src/newlib/assert.o
 .group         0x0000000000000000        0x8 ./system/Src/newlib/assert.o
 .group         0x0000000000000000        0x8 ./system/Src/newlib/assert.o
 .group         0x0000000000000000        0x8 ./system/Src/newlib/assert.o
 .group         0x0000000000000000        0x8 ./system/Src/newlib/assert.o
 .group         0x0000000000000000        0x8 ./system/Src/newlib/assert.o
 .group         0x0000000000000000        0x8 ./system/Src/newlib/assert.o
 .group         0x0000000000000000        0x8 ./system/Src/newlib/assert.o
 .group         0x0000000000000000        0x8 ./system/Src/newlib/assert.o
 .group         0x0000000000000000        0x8 ./system/Src/newlib/assert.o
 .group         0x0000000000000000        0x8 ./system/Src/newlib/assert.o
 .group         0x0000000000000000        0x8 ./system/Src/newlib/assert.o
 .group         0x0000000000000000        0x8 ./system/Src/newlib/assert.o
 .group         0x0000000000000000        0x8 ./system/Src/newlib/assert.o
 .group         0x0000000000000000        0x8 ./system/Src/newlib/assert.o
 .group         0x0000000000000000        0x8 ./system/Src/newlib/assert.o
 .group         0x0000000000000000        0x8 ./system/Src/newlib/assert.o
 .group         0x0000000000000000        0x8 ./system/Src/newlib/assert.o
 .group         0x0000000000000000        0x8 ./system/Src/newlib/assert.o
 .group         0x0000000000000000        0x8 ./system/Src/newlib/assert.o
 .group         0x0000000000000000        0x8 ./system/Src/newlib/assert.o
 .group         0x0000000000000000        0x8 ./system/Src/newlib/assert.o
 .group         0x0000000000000000        0x8 ./system/Src/newlib/assert.o
 .group         0x0000000000000000        0x8 ./system/Src/newlib/assert.o
 .group         0x0000000000000000        0x8 ./system/Src/newlib/assert.o
 .group         0x0000000000000000        0x8 ./system/Src/newlib/assert.o
 .group         0x0000000000000000        0x8 ./system/Src/newlib/assert.o
 .group         0x0000000000000000        0x8 ./system/Src/newlib/assert.o
 .group         0x0000000000000000        0x8 ./system/Src/newlib/assert.o
 .group         0x0000000000000000        0x8 ./system/Src/newlib/assert.o
 .text          0x0000000000000000        0x0 ./system/Src/newlib/assert.o
 .data          0x0000000000000000        0x0 ./system/Src/newlib/assert.o
 .bss           0x0000000000000000        0x0 ./system/Src/newlib/assert.o
 .rodata        0x0000000000000000       0x6f ./system/Src/newlib/assert.o
 .text.__assert_func
                0x0000000000000000       0x24 ./system/Src/newlib/assert.o
 .text.assert_failed
                0x0000000000000000       0x18 ./system/Src/newlib/assert.o
 .debug_info    0x0000000000000000      0x99d ./system/Src/newlib/assert.o
 .debug_abbrev  0x0000000000000000      0x1e3 ./system/Src/newlib/assert.o
 .debug_aranges
                0x0000000000000000       0x28 ./system/Src/newlib/assert.o
 .debug_ranges  0x0000000000000000       0x18 ./system/Src/newlib/assert.o
 .debug_macro   0x0000000000000000      0x1c3 ./system/Src/newlib/assert.o
 .debug_macro   0x0000000000000000      0x8b0 ./system/Src/newlib/assert.o
 .debug_macro   0x0000000000000000       0x22 ./system/Src/newlib/assert.o
 .debug_macro   0x0000000000000000       0x4c ./system/Src/newlib/assert.o
 .debug_macro   0x0000000000000000       0x8d ./system/Src/newlib/assert.o
 .debug_macro   0x0000000000000000       0x35 ./system/Src/newlib/assert.o
 .debug_macro   0x0000000000000000       0x9c ./system/Src/newlib/assert.o
 .debug_macro   0x0000000000000000       0x1c ./system/Src/newlib/assert.o
 .debug_macro   0x0000000000000000       0x16 ./system/Src/newlib/assert.o
 .debug_macro   0x0000000000000000      0x10e ./system/Src/newlib/assert.o
 .debug_macro   0x0000000000000000       0x8d ./system/Src/newlib/assert.o
 .debug_macro   0x0000000000000000       0x57 ./system/Src/newlib/assert.o
 .debug_macro   0x0000000000000000       0x52 ./system/Src/newlib/assert.o
 .debug_macro   0x0000000000000000       0x1f ./system/Src/newlib/assert.o
 .debug_macro   0x0000000000000000       0x43 ./system/Src/newlib/assert.o
 .debug_macro   0x0000000000000000       0x20 ./system/Src/newlib/assert.o
 .debug_macro   0x0000000000000000      0x187 ./system/Src/newlib/assert.o
 .debug_macro   0x0000000000000000      0x30d ./system/Src/newlib/assert.o
 .debug_macro   0x0000000000000000       0x16 ./system/Src/newlib/assert.o
 .debug_macro   0x0000000000000000       0x29 ./system/Src/newlib/assert.o
 .debug_macro   0x0000000000000000      0x34e ./system/Src/newlib/assert.o
 .debug_macro   0x0000000000000000       0x16 ./system/Src/newlib/assert.o
 .debug_macro   0x0000000000000000       0x10 ./system/Src/newlib/assert.o
 .debug_macro   0x0000000000000000       0x35 ./system/Src/newlib/assert.o
 .debug_macro   0x0000000000000000       0x6a ./system/Src/newlib/assert.o
 .debug_macro   0x0000000000000000       0x1c ./system/Src/newlib/assert.o
 .debug_macro   0x0000000000000000       0x52 ./system/Src/newlib/assert.o
 .debug_macro   0x0000000000000000       0x40 ./system/Src/newlib/assert.o
 .debug_macro   0x0000000000000000       0x10 ./system/Src/newlib/assert.o
 .debug_macro   0x0000000000000000       0x40 ./system/Src/newlib/assert.o
 .debug_macro   0x0000000000000000       0xd7 ./system/Src/newlib/assert.o
 .debug_macro   0x0000000000000000      0x513 ./system/Src/newlib/assert.o
 .debug_line    0x0000000000000000      0x2e5 ./system/Src/newlib/assert.o
 .debug_str     0x0000000000000000     0x7e96 ./system/Src/newlib/assert.o
 .comment       0x0000000000000000       0x6f ./system/Src/newlib/assert.o
 .debug_frame   0x0000000000000000       0x50 ./system/Src/newlib/assert.o
 .ARM.attributes
                0x0000000000000000       0x33 ./system/Src/newlib/assert.o
 .group         0x0000000000000000        0x8 ./system/Src/diag/Trace.o
 .text          0x0000000000000000        0x0 ./system/Src/diag/Trace.o
 .data          0x0000000000000000        0x0 ./system/Src/diag/Trace.o
 .bss           0x0000000000000000        0x0 ./system/Src/diag/Trace.o
 .debug_info    0x0000000000000000       0x21 ./system/Src/diag/Trace.o
 .debug_abbrev  0x0000000000000000       0x13 ./system/Src/diag/Trace.o
 .debug_aranges
                0x0000000000000000       0x18 ./system/Src/diag/Trace.o
 .debug_macro   0x0000000000000000       0x11 ./system/Src/diag/Trace.o
 .debug_macro   0x0000000000000000      0x8b0 ./system/Src/diag/Trace.o
 .debug_line    0x0000000000000000       0x3b ./system/Src/diag/Trace.o
 .debug_str     0x0000000000000000     0x258f ./system/Src/diag/Trace.o
 .comment       0x0000000000000000       0x6f ./system/Src/diag/Trace.o
 .ARM.attributes
                0x0000000000000000       0x33 ./system/Src/diag/Trace.o
 .group         0x0000000000000000        0x8 ./system/Src/diag/trace_impl.o
 .text          0x0000000000000000        0x0 ./system/Src/diag/trace_impl.o
 .data          0x0000000000000000        0x0 ./system/Src/diag/trace_impl.o
 .bss           0x0000000000000000        0x0 ./system/Src/diag/trace_impl.o
 .debug_info    0x0000000000000000       0x21 ./system/Src/diag/trace_impl.o
 .debug_abbrev  0x0000000000000000       0x13 ./system/Src/diag/trace_impl.o
 .debug_aranges
                0x0000000000000000       0x18 ./system/Src/diag/trace_impl.o
 .debug_macro   0x0000000000000000       0x11 ./system/Src/diag/trace_impl.o
 .debug_macro   0x0000000000000000      0x8b0 ./system/Src/diag/trace_impl.o
 .debug_line    0x0000000000000000       0x40 ./system/Src/diag/trace_impl.o
 .debug_str     0x0000000000000000     0x2594 ./system/Src/diag/trace_impl.o
 .comment       0x0000000000000000       0x6f ./system/Src/diag/trace_impl.o
 .ARM.attributes
                0x0000000000000000       0x33 ./system/Src/diag/trace_impl.o
 .group         0x0000000000000000        0x8 ./system/Src/cortexm/_initialize_hardware.o
 .group         0x0000000000000000        0x8 ./system/Src/cortexm/_initialize_hardware.o
 .group         0x0000000000000000        0x8 ./system/Src/cortexm/_initialize_hardware.o
 .group         0x0000000000000000        0x8 ./system/Src/cortexm/_initialize_hardware.o
 .group         0x0000000000000000        0x8 ./system/Src/cortexm/_initialize_hardware.o
 .group         0x0000000000000000        0x8 ./system/Src/cortexm/_initialize_hardware.o
 .group         0x0000000000000000        0x8 ./system/Src/cortexm/_initialize_hardware.o
 .group         0x0000000000000000        0x8 ./system/Src/cortexm/_initialize_hardware.o
 .group         0x0000000000000000        0x8 ./system/Src/cortexm/_initialize_hardware.o
 .text          0x0000000000000000        0x0 ./system/Src/cortexm/_initialize_hardware.o
 .data          0x0000000000000000        0x0 ./system/Src/cortexm/_initialize_hardware.o
 .bss           0x0000000000000000        0x0 ./system/Src/cortexm/_initialize_hardware.o
 .debug_macro   0x0000000000000000      0x8b0 ./system/Src/cortexm/_initialize_hardware.o
 .debug_macro   0x0000000000000000      0x34e ./system/Src/cortexm/_initialize_hardware.o
 .group         0x0000000000000000        0x8 ./system/Src/cortexm/_reset_hardware.o
 .group         0x0000000000000000        0x8 ./system/Src/cortexm/_reset_hardware.o
 .group         0x0000000000000000        0x8 ./system/Src/cortexm/_reset_hardware.o
 .group         0x0000000000000000        0x8 ./system/Src/cortexm/_reset_hardware.o
 .group         0x0000000000000000        0x8 ./system/Src/cortexm/_reset_hardware.o
 .group         0x0000000000000000        0x8 ./system/Src/cortexm/_reset_hardware.o
 .group         0x0000000000000000        0x8 ./system/Src/cortexm/_reset_hardware.o
 .group         0x0000000000000000        0x8 ./system/Src/cortexm/_reset_hardware.o
 .group         0x0000000000000000        0x8 ./system/Src/cortexm/_reset_hardware.o
 .text          0x0000000000000000        0x0 ./system/Src/cortexm/_reset_hardware.o
 .data          0x0000000000000000        0x0 ./system/Src/cortexm/_reset_hardware.o
 .bss           0x0000000000000000        0x0 ./system/Src/cortexm/_reset_hardware.o
 .text.NVIC_SystemReset
                0x0000000000000000       0x28 ./system/Src/cortexm/_reset_hardware.o
 .text.__reset_hardware
                0x0000000000000000        0x8 ./system/Src/cortexm/_reset_hardware.o
 .debug_info    0x0000000000000000      0x2c7 ./system/Src/cortexm/_reset_hardware.o
 .debug_abbrev  0x0000000000000000      0x108 ./system/Src/cortexm/_reset_hardware.o
 .debug_aranges
                0x0000000000000000       0x28 ./system/Src/cortexm/_reset_hardware.o
 .debug_ranges  0x0000000000000000       0x18 ./system/Src/cortexm/_reset_hardware.o
 .debug_macro   0x0000000000000000       0x95 ./system/Src/cortexm/_reset_hardware.o
 .debug_macro   0x0000000000000000      0x8b0 ./system/Src/cortexm/_reset_hardware.o
 .debug_macro   0x0000000000000000       0x31 ./system/Src/cortexm/_reset_hardware.o
 .debug_macro   0x0000000000000000       0x28 ./system/Src/cortexm/_reset_hardware.o
 .debug_macro   0x0000000000000000      0x34e ./system/Src/cortexm/_reset_hardware.o
 .debug_macro   0x0000000000000000       0x35 ./system/Src/cortexm/_reset_hardware.o
 .debug_macro   0x0000000000000000       0x50 ./system/Src/cortexm/_reset_hardware.o
 .debug_macro   0x0000000000000000      0xe66 ./system/Src/cortexm/_reset_hardware.o
 .debug_macro   0x0000000000000000     0xbbad ./system/Src/cortexm/_reset_hardware.o
 .debug_macro   0x0000000000000000       0x43 ./system/Src/cortexm/_reset_hardware.o
 .debug_line    0x0000000000000000      0x191 ./system/Src/cortexm/_reset_hardware.o
 .debug_str     0x0000000000000000    0x3b011 ./system/Src/cortexm/_reset_hardware.o
 .comment       0x0000000000000000       0x6f ./system/Src/cortexm/_reset_hardware.o
 .debug_frame   0x0000000000000000       0x44 ./system/Src/cortexm/_reset_hardware.o
 .ARM.attributes
                0x0000000000000000       0x33 ./system/Src/cortexm/_reset_hardware.o
 .group         0x0000000000000000        0x8 ./system/Src/cortexm/exception_handlers.o
 .group         0x0000000000000000        0x8 ./system/Src/cortexm/exception_handlers.o
 .group         0x0000000000000000        0x8 ./system/Src/cortexm/exception_handlers.o
 .group         0x0000000000000000        0x8 ./system/Src/cortexm/exception_handlers.o
 .group         0x0000000000000000        0x8 ./system/Src/cortexm/exception_handlers.o
 .group         0x0000000000000000        0x8 ./system/Src/cortexm/exception_handlers.o
 .group         0x0000000000000000        0x8 ./system/Src/cortexm/exception_handlers.o
 .group         0x0000000000000000        0x8 ./system/Src/cortexm/exception_handlers.o
 .group         0x0000000000000000        0x8 ./system/Src/cortexm/exception_handlers.o
 .group         0x0000000000000000        0x8 ./system/Src/cortexm/exception_handlers.o
 .group         0x0000000000000000        0x8 ./system/Src/cortexm/exception_handlers.o
 .group         0x0000000000000000        0x8 ./system/Src/cortexm/exception_handlers.o
 .group         0x0000000000000000        0x8 ./system/Src/cortexm/exception_handlers.o
 .group         0x0000000000000000        0x8 ./system/Src/cortexm/exception_handlers.o
 .group         0x0000000000000000        0x8 ./system/Src/cortexm/exception_handlers.o
 .group         0x0000000000000000        0x8 ./system/Src/cortexm/exception_handlers.o
 .group         0x0000000000000000        0x8 ./system/Src/cortexm/exception_handlers.o
 .group         0x0000000000000000        0x8 ./system/Src/cortexm/exception_handlers.o
 .group         0x0000000000000000        0x8 ./system/Src/cortexm/exception_handlers.o
 .group         0x0000000000000000        0x8 ./system/Src/cortexm/exception_handlers.o
 .group         0x0000000000000000        0x8 ./system/Src/cortexm/exception_handlers.o
 .group         0x0000000000000000        0x8 ./system/Src/cortexm/exception_handlers.o
 .group         0x0000000000000000        0x8 ./system/Src/cortexm/exception_handlers.o
 .group         0x0000000000000000        0x8 ./system/Src/cortexm/exception_handlers.o
 .group         0x0000000000000000        0x8 ./system/Src/cortexm/exception_handlers.o
 .group         0x0000000000000000        0x8 ./system/Src/cortexm/exception_handlers.o
 .group         0x0000000000000000        0x8 ./system/Src/cortexm/exception_handlers.o
 .group         0x0000000000000000        0x8 ./system/Src/cortexm/exception_handlers.o
 .group         0x0000000000000000        0x8 ./system/Src/cortexm/exception_handlers.o
 .group         0x0000000000000000        0x8 ./system/Src/cortexm/exception_handlers.o
 .group         0x0000000000000000        0x8 ./system/Src/cortexm/exception_handlers.o
 .group         0x0000000000000000        0x8 ./system/Src/cortexm/exception_handlers.o
 .group         0x0000000000000000        0x8 ./system/Src/cortexm/exception_handlers.o
 .group         0x0000000000000000        0x8 ./system/Src/cortexm/exception_handlers.o
 .group         0x0000000000000000        0x8 ./system/Src/cortexm/exception_handlers.o
 .group         0x0000000000000000        0x8 ./system/Src/cortexm/exception_handlers.o
 .text          0x0000000000000000        0x0 ./system/Src/cortexm/exception_handlers.o
 .data          0x0000000000000000        0x0 ./system/Src/cortexm/exception_handlers.o
 .bss           0x0000000000000000        0x0 ./system/Src/cortexm/exception_handlers.o
 .debug_macro   0x0000000000000000      0x8b0 ./system/Src/cortexm/exception_handlers.o
 .debug_macro   0x0000000000000000      0x34e ./system/Src/cortexm/exception_handlers.o
 .debug_macro   0x0000000000000000       0x31 ./system/Src/cortexm/exception_handlers.o
 .debug_macro   0x0000000000000000       0x28 ./system/Src/cortexm/exception_handlers.o
 .debug_macro   0x0000000000000000       0x50 ./system/Src/cortexm/exception_handlers.o
 .debug_macro   0x0000000000000000      0xe66 ./system/Src/cortexm/exception_handlers.o
 .debug_macro   0x0000000000000000     0xbbad ./system/Src/cortexm/exception_handlers.o
 .debug_macro   0x0000000000000000       0x43 ./system/Src/cortexm/exception_handlers.o
 .debug_macro   0x0000000000000000       0x22 ./system/Src/cortexm/exception_handlers.o
 .debug_macro   0x0000000000000000       0x4c ./system/Src/cortexm/exception_handlers.o
 .debug_macro   0x0000000000000000       0x8d ./system/Src/cortexm/exception_handlers.o
 .debug_macro   0x0000000000000000       0x35 ./system/Src/cortexm/exception_handlers.o
 .debug_macro   0x0000000000000000       0x9c ./system/Src/cortexm/exception_handlers.o
 .debug_macro   0x0000000000000000       0x57 ./system/Src/cortexm/exception_handlers.o
 .debug_macro   0x0000000000000000      0x30d ./system/Src/cortexm/exception_handlers.o
 .debug_macro   0x0000000000000000       0x10 ./system/Src/cortexm/exception_handlers.o
 .debug_macro   0x0000000000000000       0x52 ./system/Src/cortexm/exception_handlers.o
 .debug_macro   0x0000000000000000       0x1f ./system/Src/cortexm/exception_handlers.o
 .debug_macro   0x0000000000000000       0x43 ./system/Src/cortexm/exception_handlers.o
 .debug_macro   0x0000000000000000       0x20 ./system/Src/cortexm/exception_handlers.o
 .debug_macro   0x0000000000000000       0x6a ./system/Src/cortexm/exception_handlers.o
 .debug_macro   0x0000000000000000       0x1c ./system/Src/cortexm/exception_handlers.o
 .debug_macro   0x0000000000000000       0x52 ./system/Src/cortexm/exception_handlers.o
 .debug_macro   0x0000000000000000       0x40 ./system/Src/cortexm/exception_handlers.o
 .debug_macro   0x0000000000000000       0x10 ./system/Src/cortexm/exception_handlers.o
 .debug_macro   0x0000000000000000       0x40 ./system/Src/cortexm/exception_handlers.o
 .debug_macro   0x0000000000000000       0xd7 ./system/Src/cortexm/exception_handlers.o
 .debug_macro   0x0000000000000000      0x513 ./system/Src/cortexm/exception_handlers.o
 .debug_macro   0x0000000000000000      0x187 ./system/Src/cortexm/exception_handlers.o
 .debug_macro   0x0000000000000000       0x35 ./system/Src/cortexm/exception_handlers.o
 .group         0x0000000000000000        0x8 ./system/Src/cmsis/system_stm32f4xx.o
 .group         0x0000000000000000        0x8 ./system/Src/cmsis/system_stm32f4xx.o
 .group         0x0000000000000000        0x8 ./system/Src/cmsis/system_stm32f4xx.o
 .group         0x0000000000000000        0x8 ./system/Src/cmsis/system_stm32f4xx.o
 .group         0x0000000000000000        0x8 ./system/Src/cmsis/system_stm32f4xx.o
 .group         0x0000000000000000        0x8 ./system/Src/cmsis/system_stm32f4xx.o
 .group         0x0000000000000000        0x8 ./system/Src/cmsis/system_stm32f4xx.o
 .group         0x0000000000000000        0x8 ./system/Src/cmsis/system_stm32f4xx.o
 .group         0x0000000000000000        0x8 ./system/Src/cmsis/system_stm32f4xx.o
 .text          0x0000000000000000        0x0 ./system/Src/cmsis/system_stm32f4xx.o
 .data          0x0000000000000000        0x0 ./system/Src/cmsis/system_stm32f4xx.o
 .bss           0x0000000000000000        0x0 ./system/Src/cmsis/system_stm32f4xx.o
 .debug_macro   0x0000000000000000      0x8b0 ./system/Src/cmsis/system_stm32f4xx.o
 .debug_macro   0x0000000000000000       0x31 ./system/Src/cmsis/system_stm32f4xx.o
 .debug_macro   0x0000000000000000       0x28 ./system/Src/cmsis/system_stm32f4xx.o
 .debug_macro   0x0000000000000000      0x34e ./system/Src/cmsis/system_stm32f4xx.o
 .debug_macro   0x0000000000000000       0x35 ./system/Src/cmsis/system_stm32f4xx.o
 .debug_macro   0x0000000000000000       0x50 ./system/Src/cmsis/system_stm32f4xx.o
 .debug_macro   0x0000000000000000      0xe66 ./system/Src/cmsis/system_stm32f4xx.o
 .debug_macro   0x0000000000000000     0xbbad ./system/Src/cmsis/system_stm32f4xx.o
 .debug_macro   0x0000000000000000       0x43 ./system/Src/cmsis/system_stm32f4xx.o
 .group         0x0000000000000000        0x8 ./system/Src/cmsis/vectors_stm32f469xx.o
 .group         0x0000000000000000        0x8 ./system/Src/cmsis/vectors_stm32f469xx.o
 .text          0x0000000000000000        0x0 ./system/Src/cmsis/vectors_stm32f469xx.o
 .data          0x0000000000000000        0x0 ./system/Src/cmsis/vectors_stm32f469xx.o
 .bss           0x0000000000000000        0x0 ./system/Src/cmsis/vectors_stm32f469xx.o
 .debug_macro   0x0000000000000000      0x8b0 ./system/Src/cmsis/vectors_stm32f469xx.o
 .debug_macro   0x0000000000000000      0x34e ./system/Src/cmsis/vectors_stm32f469xx.o
 .group         0x0000000000000000        0x8 ./Src/Gpio.o
 .group         0x0000000000000000        0x8 ./Src/Gpio.o
 .group         0x0000000000000000        0x8 ./Src/Gpio.o
 .group         0x0000000000000000        0x8 ./Src/Gpio.o
 .group         0x0000000000000000        0x8 ./Src/Gpio.o
 .group         0x0000000000000000        0x8 ./Src/Gpio.o
 .group         0x0000000000000000        0x8 ./Src/Gpio.o
 .group         0x0000000000000000        0x8 ./Src/Gpio.o
 .group         0x0000000000000000        0x8 ./Src/Gpio.o
 .group         0x0000000000000000        0x8 ./Src/Gpio.o
 .group         0x0000000000000000        0x8 ./Src/Gpio.o
 .group         0x0000000000000000        0x8 ./Src/Gpio.o
 .group         0x0000000000000000        0x8 ./Src/Gpio.o
 .group         0x0000000000000000        0x8 ./Src/Gpio.o
 .group         0x0000000000000000        0x8 ./Src/Gpio.o
 .group         0x0000000000000000        0x8 ./Src/Gpio.o
 .group         0x0000000000000000        0x8 ./Src/Gpio.o
 .group         0x0000000000000000        0x8 ./Src/Gpio.o
 .group         0x0000000000000000        0x8 ./Src/Gpio.o
 .group         0x0000000000000000        0x8 ./Src/Gpio.o
 .group         0x0000000000000000        0x8 ./Src/Gpio.o
 .group         0x0000000000000000        0x8 ./Src/Gpio.o
 .group         0x0000000000000000        0x8 ./Src/Gpio.o
 .group         0x0000000000000000        0x8 ./Src/Gpio.o
 .group         0x0000000000000000        0x8 ./Src/Gpio.o
 .group         0x0000000000000000        0x8 ./Src/Gpio.o
 .group         0x0000000000000000        0x8 ./Src/Gpio.o
 .group         0x0000000000000000        0x8 ./Src/Gpio.o
 .group         0x0000000000000000        0x8 ./Src/Gpio.o
 .group         0x0000000000000000        0x8 ./Src/Gpio.o
 .group         0x0000000000000000        0x8 ./Src/Gpio.o
 .group         0x0000000000000000        0x8 ./Src/Gpio.o
 .group         0x0000000000000000        0x8 ./Src/Gpio.o
 .group         0x0000000000000000        0x8 ./Src/Gpio.o
 .group         0x0000000000000000        0x8 ./Src/Gpio.o
 .group         0x0000000000000000        0x8 ./Src/Gpio.o
 .group         0x0000000000000000        0x8 ./Src/Gpio.o
 .group         0x0000000000000000        0x8 ./Src/Gpio.o
 .group         0x0000000000000000        0x8 ./Src/Gpio.o
 .group         0x0000000000000000        0x8 ./Src/Gpio.o
 .group         0x0000000000000000        0x8 ./Src/Gpio.o
 .group         0x0000000000000000        0x8 ./Src/Gpio.o
 .group         0x0000000000000000        0x8 ./Src/Gpio.o
 .group         0x0000000000000000        0x8 ./Src/Gpio.o
 .text          0x0000000000000000        0x0 ./Src/Gpio.o
 .data          0x0000000000000000        0x0 ./Src/Gpio.o
 .bss           0x0000000000000000        0x0 ./Src/Gpio.o
 .text.GPIO_PortClockDisable
                0x0000000000000000       0x30 ./Src/Gpio.o
 .text.GPIO_PinAltInit
                0x0000000000000000      0x17e ./Src/Gpio.o
 .text.GPIO_PinDeInit
                0x0000000000000000       0xd6 ./Src/Gpio.o
 .text.GPIO_PortAltInit
                0x0000000000000000       0x42 ./Src/Gpio.o
 .text.GPIO_PortDeInit
                0x0000000000000000       0x24 ./Src/Gpio.o
 .text.GPIO_ReadPin
                0x0000000000000000       0x28 ./Src/Gpio.o
 .text.GPIO_TogglePin
                0x0000000000000000       0x22 ./Src/Gpio.o
 .debug_macro   0x0000000000000000      0x8b0 ./Src/Gpio.o
 .debug_macro   0x0000000000000000       0x31 ./Src/Gpio.o
 .debug_macro   0x0000000000000000       0x28 ./Src/Gpio.o
 .debug_macro   0x0000000000000000      0x34e ./Src/Gpio.o
 .debug_macro   0x0000000000000000       0x35 ./Src/Gpio.o
 .debug_macro   0x0000000000000000       0x50 ./Src/Gpio.o
 .debug_macro   0x0000000000000000      0xe66 ./Src/Gpio.o
 .debug_macro   0x0000000000000000     0xbbad ./Src/Gpio.o
 .debug_macro   0x0000000000000000       0x43 ./Src/Gpio.o
 .debug_macro   0x0000000000000000       0x22 ./Src/Gpio.o
 .debug_macro   0x0000000000000000       0x4c ./Src/Gpio.o
 .debug_macro   0x0000000000000000       0x8d ./Src/Gpio.o
 .debug_macro   0x0000000000000000       0x35 ./Src/Gpio.o
 .debug_macro   0x0000000000000000       0x9c ./Src/Gpio.o
 .debug_macro   0x0000000000000000       0x57 ./Src/Gpio.o
 .debug_macro   0x0000000000000000      0x30d ./Src/Gpio.o
 .debug_macro   0x0000000000000000       0x52 ./Src/Gpio.o
 .debug_macro   0x0000000000000000       0x1f ./Src/Gpio.o
 .debug_macro   0x0000000000000000       0x43 ./Src/Gpio.o
 .debug_macro   0x0000000000000000       0x20 ./Src/Gpio.o
 .debug_macro   0x0000000000000000      0x187 ./Src/Gpio.o
 .debug_macro   0x0000000000000000       0x10 ./Src/Gpio.o
 .debug_macro   0x0000000000000000       0x6a ./Src/Gpio.o
 .debug_macro   0x0000000000000000       0x1c ./Src/Gpio.o
 .debug_macro   0x0000000000000000       0x52 ./Src/Gpio.o
 .debug_macro   0x0000000000000000       0x40 ./Src/Gpio.o
 .debug_macro   0x0000000000000000       0x10 ./Src/Gpio.o
 .debug_macro   0x0000000000000000       0x40 ./Src/Gpio.o
 .debug_macro   0x0000000000000000       0xd7 ./Src/Gpio.o
 .debug_macro   0x0000000000000000       0x16 ./Src/Gpio.o
 .debug_macro   0x0000000000000000       0x35 ./Src/Gpio.o
 .debug_macro   0x0000000000000000       0x16 ./Src/Gpio.o
 .debug_macro   0x0000000000000000       0x29 ./Src/Gpio.o
 .debug_macro   0x0000000000000000       0x16 ./Src/Gpio.o
 .debug_macro   0x0000000000000000      0x513 ./Src/Gpio.o
 .group         0x0000000000000000        0x8 ./Src/_write.o
 .text          0x0000000000000000        0x0 ./Src/_write.o
 .data          0x0000000000000000        0x0 ./Src/_write.o
 .bss           0x0000000000000000        0x0 ./Src/_write.o
 .debug_info    0x0000000000000000       0x21 ./Src/_write.o
 .debug_abbrev  0x0000000000000000       0x13 ./Src/_write.o
 .debug_aranges
                0x0000000000000000       0x18 ./Src/_write.o
 .debug_macro   0x0000000000000000       0x11 ./Src/_write.o
 .debug_macro   0x0000000000000000      0x8b0 ./Src/_write.o
 .debug_line    0x0000000000000000       0x30 ./Src/_write.o
 .debug_str     0x0000000000000000     0x2584 ./Src/_write.o
 .comment       0x0000000000000000       0x6f ./Src/_write.o
 .ARM.attributes
                0x0000000000000000       0x33 ./Src/_write.o
 .group         0x0000000000000000        0x8 ./Src/main.o
 .group         0x0000000000000000        0x8 ./Src/main.o
 .group         0x0000000000000000        0x8 ./Src/main.o
 .group         0x0000000000000000        0x8 ./Src/main.o
 .group         0x0000000000000000        0x8 ./Src/main.o
 .group         0x0000000000000000        0x8 ./Src/main.o
 .group         0x0000000000000000        0x8 ./Src/main.o
 .group         0x0000000000000000        0x8 ./Src/main.o
 .group         0x0000000000000000        0x8 ./Src/main.o
 .group         0x0000000000000000        0x8 ./Src/main.o
 .group         0x0000000000000000        0x8 ./Src/main.o
 .group         0x0000000000000000        0x8 ./Src/main.o
 .group         0x0000000000000000        0x8 ./Src/main.o
 .group         0x0000000000000000        0x8 ./Src/main.o
 .group         0x0000000000000000        0x8 ./Src/main.o
 .group         0x0000000000000000        0x8 ./Src/main.o
 .group         0x0000000000000000        0x8 ./Src/main.o
 .group         0x0000000000000000        0x8 ./Src/main.o
 .group         0x0000000000000000        0x8 ./Src/main.o
 .group         0x0000000000000000        0x8 ./Src/main.o
 .group         0x0000000000000000        0x8 ./Src/main.o
 .group         0x0000000000000000        0x8 ./Src/main.o
 .group         0x0000000000000000        0x8 ./Src/main.o
 .group         0x0000000000000000        0x8 ./Src/main.o
 .group         0x0000000000000000        0x8 ./Src/main.o
 .group         0x0000000000000000        0x8 ./Src/main.o
 .group         0x0000000000000000        0x8 ./Src/main.o
 .group         0x0000000000000000        0x8 ./Src/main.o
 .group         0x0000000000000000        0x8 ./Src/main.o
 .group         0x0000000000000000        0x8 ./Src/main.o
 .group         0x0000000000000000        0x8 ./Src/main.o
 .group         0x0000000000000000        0x8 ./Src/main.o
 .group         0x0000000000000000        0x8 ./Src/main.o
 .group         0x0000000000000000        0x8 ./Src/main.o
 .group         0x0000000000000000        0x8 ./Src/main.o
 .group         0x0000000000000000        0x8 ./Src/main.o
 .group         0x0000000000000000        0x8 ./Src/main.o
 .group         0x0000000000000000        0x8 ./Src/main.o
 .group         0x0000000000000000        0x8 ./Src/main.o
 .group         0x0000000000000000        0x8 ./Src/main.o
 .group         0x0000000000000000        0x8 ./Src/main.o
 .group         0x0000000000000000        0x8 ./Src/main.o
 .group         0x0000000000000000        0x8 ./Src/main.o
 .group         0x0000000000000000        0x8 ./Src/main.o
 .text          0x0000000000000000        0x0 ./Src/main.o
 .data          0x0000000000000000        0x0 ./Src/main.o
 .bss           0x0000000000000000        0x0 ./Src/main.o
 .debug_macro   0x0000000000000000      0x8b0 ./Src/main.o
 .debug_macro   0x0000000000000000       0x31 ./Src/main.o
 .debug_macro   0x0000000000000000       0x28 ./Src/main.o
 .debug_macro   0x0000000000000000      0x34e ./Src/main.o
 .debug_macro   0x0000000000000000       0x35 ./Src/main.o
 .debug_macro   0x0000000000000000       0x50 ./Src/main.o
 .debug_macro   0x0000000000000000      0xe66 ./Src/main.o
 .debug_macro   0x0000000000000000     0xbbad ./Src/main.o
 .debug_macro   0x0000000000000000       0x43 ./Src/main.o
 .debug_macro   0x0000000000000000       0x22 ./Src/main.o
 .debug_macro   0x0000000000000000       0x4c ./Src/main.o
 .debug_macro   0x0000000000000000       0x8d ./Src/main.o
 .debug_macro   0x0000000000000000       0x35 ./Src/main.o
 .debug_macro   0x0000000000000000       0x9c ./Src/main.o
 .debug_macro   0x0000000000000000       0x16 ./Src/main.o
 .debug_macro   0x0000000000000000       0x57 ./Src/main.o
 .debug_macro   0x0000000000000000       0x97 ./Src/main.o
 .debug_macro   0x0000000000000000      0x30d ./Src/main.o
 .debug_macro   0x0000000000000000       0xfd ./Src/main.o
 .debug_macro   0x0000000000000000       0x10 ./Src/main.o
 .debug_macro   0x0000000000000000       0x52 ./Src/main.o
 .debug_macro   0x0000000000000000       0x1f ./Src/main.o
 .debug_macro   0x0000000000000000       0x43 ./Src/main.o
 .debug_macro   0x0000000000000000       0x20 ./Src/main.o
 .debug_macro   0x0000000000000000      0x187 ./Src/main.o
 .debug_macro   0x0000000000000000       0x10 ./Src/main.o
 .debug_macro   0x0000000000000000       0x6a ./Src/main.o
 .debug_macro   0x0000000000000000       0x1c ./Src/main.o
 .debug_macro   0x0000000000000000       0x52 ./Src/main.o
 .debug_macro   0x0000000000000000       0x40 ./Src/main.o
 .debug_macro   0x0000000000000000       0x10 ./Src/main.o
 .debug_macro   0x0000000000000000       0x40 ./Src/main.o
 .debug_macro   0x0000000000000000       0xd7 ./Src/main.o
 .debug_macro   0x0000000000000000       0x16 ./Src/main.o
 .debug_macro   0x0000000000000000      0x18b ./Src/main.o
 .debug_macro   0x0000000000000000       0x16 ./Src/main.o
 .debug_macro   0x0000000000000000       0x35 ./Src/main.o
 .debug_macro   0x0000000000000000       0x16 ./Src/main.o
 .debug_macro   0x0000000000000000       0x29 ./Src/main.o
 .debug_macro   0x0000000000000000       0x22 ./Src/main.o
 .debug_macro   0x0000000000000000       0x16 ./Src/main.o
 .debug_macro   0x0000000000000000      0x513 ./Src/main.o
 .debug_macro   0x0000000000000000       0x22 ./Src/main.o
 .debug_macro   0x0000000000000000      0x1b6 ./Src/main.o
 .text          0x0000000000000000        0x0 /home/bsaleh/gcc-arm/bin/../lib/gcc/arm-none-eabi/6.2.1/../../../../arm-none-eabi/lib/thumb/v7e-m/libg_nano.a(lib_a-errno.o)
 .data          0x0000000000000000        0x0 /home/bsaleh/gcc-arm/bin/../lib/gcc/arm-none-eabi/6.2.1/../../../../arm-none-eabi/lib/thumb/v7e-m/libg_nano.a(lib_a-errno.o)
 .bss           0x0000000000000000        0x0 /home/bsaleh/gcc-arm/bin/../lib/gcc/arm-none-eabi/6.2.1/../../../../arm-none-eabi/lib/thumb/v7e-m/libg_nano.a(lib_a-errno.o)
 .text.__errno  0x0000000000000000        0xc /home/bsaleh/gcc-arm/bin/../lib/gcc/arm-none-eabi/6.2.1/../../../../arm-none-eabi/lib/thumb/v7e-m/libg_nano.a(lib_a-errno.o)
 .debug_frame   0x0000000000000000       0x20 /home/bsaleh/gcc-arm/bin/../lib/gcc/arm-none-eabi/6.2.1/../../../../arm-none-eabi/lib/thumb/v7e-m/libg_nano.a(lib_a-errno.o)
 .ARM.attributes
                0x0000000000000000       0x2e /home/bsaleh/gcc-arm/bin/../lib/gcc/arm-none-eabi/6.2.1/../../../../arm-none-eabi/lib/thumb/v7e-m/libg_nano.a(lib_a-errno.o)
 .text          0x0000000000000000        0x0 /home/bsaleh/gcc-arm/bin/../lib/gcc/arm-none-eabi/6.2.1/../../../../arm-none-eabi/lib/thumb/v7e-m/libg_nano.a(lib_a-impure.o)
 .data          0x0000000000000000        0x0 /home/bsaleh/gcc-arm/bin/../lib/gcc/arm-none-eabi/6.2.1/../../../../arm-none-eabi/lib/thumb/v7e-m/libg_nano.a(lib_a-impure.o)
 .bss           0x0000000000000000        0x0 /home/bsaleh/gcc-arm/bin/../lib/gcc/arm-none-eabi/6.2.1/../../../../arm-none-eabi/lib/thumb/v7e-m/libg_nano.a(lib_a-impure.o)
 .data._impure_ptr
                0x0000000000000000        0x4 /home/bsaleh/gcc-arm/bin/../lib/gcc/arm-none-eabi/6.2.1/../../../../arm-none-eabi/lib/thumb/v7e-m/libg_nano.a(lib_a-impure.o)
 .data.impure_data
                0x0000000000000000       0x60 /home/bsaleh/gcc-arm/bin/../lib/gcc/arm-none-eabi/6.2.1/../../../../arm-none-eabi/lib/thumb/v7e-m/libg_nano.a(lib_a-impure.o)
 .rodata._global_impure_ptr
                0x0000000000000000        0x4 /home/bsaleh/gcc-arm/bin/../lib/gcc/arm-none-eabi/6.2.1/../../../../arm-none-eabi/lib/thumb/v7e-m/libg_nano.a(lib_a-impure.o)
 .ARM.attributes
                0x0000000000000000       0x2e /home/bsaleh/gcc-arm/bin/../lib/gcc/arm-none-eabi/6.2.1/../../../../arm-none-eabi/lib/thumb/v7e-m/libg_nano.a(lib_a-impure.o)

Memory Configuration

Name             Origin             Length             Attributes
RAM              0x0000000020000000 0x0000000000010000 xrw
CCMRAM           0x0000000010000000 0x0000000000000000 xrw
FLASH            0x0000000008000000 0x00000000001f4000 xr
FLASHB1          0x0000000000000000 0x0000000000000000 xr
EXTMEMB0         0x0000000000000000 0x0000000000000000 xr
EXTMEMB1         0x0000000000000000 0x0000000000000000 xr
EXTMEMB2         0x0000000000000000 0x0000000000000000 xr
EXTMEMB3         0x0000000000000000 0x0000000000000000 xr
*default*        0x0000000000000000 0xffffffffffffffff

Linker script and memory map

LOAD ./system/Src/newlib/_cxx.o
LOAD ./system/Src/newlib/_exit.o
LOAD ./system/Src/newlib/_sbrk.o
LOAD ./system/Src/newlib/_startup.o
LOAD ./system/Src/newlib/_syscalls.o
LOAD ./system/Src/newlib/assert.o
LOAD ./system/Src/diag/Trace.o
LOAD ./system/Src/diag/trace_impl.o
LOAD ./system/Src/cortexm/_initialize_hardware.o
LOAD ./system/Src/cortexm/_reset_hardware.o
LOAD ./system/Src/cortexm/exception_handlers.o
LOAD ./system/Src/cmsis/system_stm32f4xx.o
LOAD ./system/Src/cmsis/vectors_stm32f469xx.o
LOAD ./Src/Gpio.o
LOAD ./Src/_write.o
LOAD ./Src/main.o
LOAD /home/bsaleh/gcc-arm/bin/../lib/gcc/arm-none-eabi/6.2.1/../../../../arm-none-eabi/lib/thumb/v7e-m/libstdc++_nano.a
LOAD /home/bsaleh/gcc-arm/bin/../lib/gcc/arm-none-eabi/6.2.1/../../../../arm-none-eabi/lib/thumb/v7e-m/libm.a
START GROUP
LOAD /home/bsaleh/gcc-arm/bin/../lib/gcc/arm-none-eabi/6.2.1/thumb/v7e-m/libgcc.a
LOAD /home/bsaleh/gcc-arm/bin/../lib/gcc/arm-none-eabi/6.2.1/../../../../arm-none-eabi/lib/thumb/v7e-m/libg_nano.a
LOAD /home/bsaleh/gcc-arm/bin/../lib/gcc/arm-none-eabi/6.2.1/../../../../arm-none-eabi/lib/thumb/v7e-m/libc_nano.a
END GROUP
START GROUP
LOAD /home/bsaleh/gcc-arm/bin/../lib/gcc/arm-none-eabi/6.2.1/thumb/v7e-m/libgcc.a
LOAD /home/bsaleh/gcc-arm/bin/../lib/gcc/arm-none-eabi/6.2.1/../../../../arm-none-eabi/lib/thumb/v7e-m/libc_nano.a
END GROUP
                0x0000000020010000                __stack = (ORIGIN (RAM) + LENGTH (RAM))
                0x0000000020010000                _estack = __stack
                0x0000000000000400                __Main_Stack_Size = 0x400
                [!provide]                        PROVIDE (_Main_Stack_Size, __Main_Stack_Size)
                0x000000002000fc00                __Main_Stack_Limit = (__stack - __Main_Stack_Size)
                [!provide]                        PROVIDE (_Main_Stack_Limit, __Main_Stack_Limit)
                0x0000000000000100                _Minimum_Stack_Size = 0x100
                0x0000000020000024                PROVIDE (_Heap_Begin, _end_noinit)
                0x000000002000fc00                PROVIDE (_Heap_Limit, (__stack - __Main_Stack_Size))

.isr_vector     0x0000000008000000      0x434
 FILL mask 0xff
                0x0000000008000000                __vectors_start = ABSOLUTE (.)
                0x0000000008000000                __vectors_start__ = ABSOLUTE (.)
 *(.isr_vector)
 .isr_vector    0x0000000008000000      0x1b4 ./system/Src/cmsis/vectors_stm32f469xx.o
                0x0000000008000000                __isr_vectors
 *(.cfmconfig)
 *(.after_vectors .after_vectors.*)
 .after_vectors
                0x00000000080001b4      0x1c4 ./system/Src/newlib/_startup.o
                0x00000000080001b4                _start
 .after_vectors
                0x0000000008000378       0xb4 ./system/Src/cortexm/exception_handlers.o
                0x0000000008000378                Reset_Handler
                0x0000000008000380                NMI_Handler
                0x0000000008000388                HardFault_Handler
                0x000000000800039e                HardFault_Handler_C
                0x00000000080003ac                MemManage_Handler
                0x00000000080003b4                BusFault_Handler
                0x00000000080003ca                BusFault_Handler_C
                0x00000000080003d8                UsageFault_Handler
                0x00000000080003ee                UsageFault_Handler_C
                0x00000000080003fc                SVC_Handler
                0x0000000008000404                DebugMon_Handler
                0x000000000800040c                PendSV_Handler
                0x0000000008000414                SysTick_Handler
 .after_vectors
                0x000000000800042c        0x8 ./system/Src/cmsis/vectors_stm32f469xx.o
                0x000000000800042c                RTC_Alarm_IRQHandler
                0x000000000800042c                HASH_RNG_IRQHandler
                0x000000000800042c                EXTI2_IRQHandler
                0x000000000800042c                TIM8_CC_IRQHandler
                0x000000000800042c                UART8_IRQHandler
                0x000000000800042c                SPI4_IRQHandler
                0x000000000800042c                TIM1_CC_IRQHandler
                0x000000000800042c                DMA2_Stream5_IRQHandler
                0x000000000800042c                DMA1_Stream5_IRQHandler
                0x000000000800042c                PVD_IRQHandler
                0x000000000800042c                SDIO_IRQHandler
                0x000000000800042c                TAMP_STAMP_IRQHandler
                0x000000000800042c                CAN2_RX1_IRQHandler
                0x000000000800042c                EXTI3_IRQHandler
                0x000000000800042c                TIM8_TRG_COM_TIM14_IRQHandler
                0x000000000800042c                TIM1_UP_TIM10_IRQHandler
                0x000000000800042c                TIM8_UP_TIM13_IRQHandler
                0x000000000800042c                I2C3_ER_IRQHandler
                0x000000000800042c                EXTI0_IRQHandler
                0x000000000800042c                I2C2_EV_IRQHandler
                0x000000000800042c                DMA1_Stream2_IRQHandler
                0x000000000800042c                CAN1_RX0_IRQHandler
                0x000000000800042c                FPU_IRQHandler
                0x000000000800042c                OTG_HS_WKUP_IRQHandler
                0x000000000800042c                LTDC_ER_IRQHandler
                0x000000000800042c                CAN2_SCE_IRQHandler
                0x000000000800042c                DMA2_Stream2_IRQHandler
                0x000000000800042c                SPI1_IRQHandler
                0x000000000800042c                TIM6_DAC_IRQHandler
                0x000000000800042c                TIM1_BRK_TIM9_IRQHandler
                0x000000000800042c                DCMI_IRQHandler
                0x000000000800042c                CAN2_RX0_IRQHandler
                0x000000000800042c                DMA2_Stream3_IRQHandler
                0x000000000800042c                USART6_IRQHandler
                0x000000000800042c                USART3_IRQHandler
                0x000000000800042c                CAN1_RX1_IRQHandler
                0x000000000800042c                UART5_IRQHandler
                0x000000000800042c                DMA2_Stream0_IRQHandler
                0x000000000800042c                TIM4_IRQHandler
                0x000000000800042c                QUADSPI_IRQHandler
                0x000000000800042c                I2C1_EV_IRQHandler
                0x000000000800042c                DMA1_Stream6_IRQHandler
                0x000000000800042c                DMA1_Stream1_IRQHandler
                0x000000000800042c                UART4_IRQHandler
                0x000000000800042c                TIM3_IRQHandler
                0x000000000800042c                RCC_IRQHandler
                0x000000000800042c                TIM8_BRK_TIM12_IRQHandler
                0x000000000800042c                Default_Handler
                0x000000000800042c                EXTI15_10_IRQHandler
                0x000000000800042c                ADC_IRQHandler
                0x000000000800042c                DMA1_Stream7_IRQHandler
                0x000000000800042c                SPI5_IRQHandler
                0x000000000800042c                TIM7_IRQHandler
                0x000000000800042c                CAN2_TX_IRQHandler
                0x000000000800042c                TIM5_IRQHandler
                0x000000000800042c                DMA2_Stream7_IRQHandler
                0x000000000800042c                I2C3_EV_IRQHandler
                0x000000000800042c                EXTI9_5_IRQHandler
                0x000000000800042c                RTC_WKUP_IRQHandler
                0x000000000800042c                LTDC_IRQHandler
                0x000000000800042c                ETH_WKUP_IRQHandler
                0x000000000800042c                SPI2_IRQHandler
                0x000000000800042c                OTG_HS_EP1_IN_IRQHandler
                0x000000000800042c                DMA1_Stream0_IRQHandler
                0x000000000800042c                CAN1_TX_IRQHandler
                0x000000000800042c                EXTI4_IRQHandler
                0x000000000800042c                DSI_IRQHandler
                0x000000000800042c                ETH_IRQHandler
                0x000000000800042c                OTG_HS_EP1_OUT_IRQHandler
                0x000000000800042c                WWDG_IRQHandler
                0x000000000800042c                SPI6_IRQHandler
                0x000000000800042c                TIM2_IRQHandler
                0x000000000800042c                OTG_FS_WKUP_IRQHandler
                0x000000000800042c                TIM1_TRG_COM_TIM11_IRQHandler
                0x000000000800042c                OTG_HS_IRQHandler
                0x000000000800042c                DMA2D_IRQHandler
                0x000000000800042c                EXTI1_IRQHandler
                0x000000000800042c                UART7_IRQHandler
                0x000000000800042c                USART2_IRQHandler
                0x000000000800042c                I2C2_ER_IRQHandler
                0x000000000800042c                DMA2_Stream1_IRQHandler
                0x000000000800042c                CAN1_SCE_IRQHandler
                0x000000000800042c                FLASH_IRQHandler
                0x000000000800042c                DMA2_Stream4_IRQHandler
                0x000000000800042c                USART1_IRQHandler
                0x000000000800042c                OTG_FS_IRQHandler
                0x000000000800042c                SPI3_IRQHandler
                0x000000000800042c                DMA1_Stream4_IRQHandler
                0x000000000800042c                I2C1_ER_IRQHandler
                0x000000000800042c                FMC_IRQHandler
                0x000000000800042c                DMA2_Stream6_IRQHandler
                0x000000000800042c                SAI1_IRQHandler
                0x000000000800042c                DMA1_Stream3_IRQHandler

.inits          0x0000000008000434       0x28
                0x0000000008000434                __data_regions_array_start = .
                0x0000000008000434        0x4 LONG 0x80008e4 LOADADDR (.data)
                0x0000000008000438        0x4 LONG 0x20000000 ADDR (.data)
                0x000000000800043c        0x4 LONG 0x20000014 (ADDR (.data) + SIZEOF (.data))
                0x0000000008000440        0x4 LONG 0x80008e4 LOADADDR (.data_CCMRAM)
                0x0000000008000444        0x4 LONG 0x10000000 ADDR (.data_CCMRAM)
                0x0000000008000448        0x4 LONG 0x10000000 (ADDR (.data_CCMRAM) + SIZEOF (.data_CCMRAM))
                0x000000000800044c                __data_regions_array_end = .
                0x000000000800044c                __bss_regions_array_start = .
                0x000000000800044c        0x4 LONG 0x20000014 ADDR (.bss)
                0x0000000008000450        0x4 LONG 0x20000024 (ADDR (.bss) + SIZEOF (.bss))
                0x0000000008000454        0x4 LONG 0x10000000 ADDR (.bss_CCMRAM)
                0x0000000008000458        0x4 LONG 0x10000000 (ADDR (.bss_CCMRAM) + SIZEOF (.bss_CCMRAM))
                0x000000000800045c                __bss_regions_array_end = .
 *(.init)
 *(.fini)
                0x000000000800045c                . = ALIGN (0x4)
                0x000000000800045c                PROVIDE (__preinit_array_start, .)
 *(.preinit_array_sysinit .preinit_array_sysinit.*)
 *(.preinit_array_platform .preinit_array_platform.*)
 *(.preinit_array .preinit_array.*)
                0x000000000800045c                PROVIDE (__preinit_array_end, .)
                0x000000000800045c                . = ALIGN (0x4)
                0x000000000800045c                PROVIDE (__init_array_start, .)
 *(SORT(.init_array.*))
 *(.init_array)
                0x000000000800045c                PROVIDE (__init_array_end, .)
                0x000000000800045c                . = ALIGN (0x4)
                0x000000000800045c                PROVIDE (__fini_array_start, .)
 *(SORT(.fini_array.*))
 *(.fini_array)
                0x000000000800045c                PROVIDE (__fini_array_end, .)

.flashtext
 *(.flashtext .flashtext.*)

.text           0x000000000800045c      0x488
 *(.text .text.*)
 .text._exit    0x000000000800045c        0xa ./system/Src/newlib/_exit.o
                0x000000000800045c                _exit
 *fill*         0x0000000008000466        0x2 
 .text.__initialize_args
                0x0000000008000468       0x24 ./system/Src/newlib/_syscalls.o
                0x0000000008000468                __initialize_args
 .text.__initialize_hardware_early
                0x000000000800048c       0x1c ./system/Src/cortexm/_initialize_hardware.o
                0x000000000800048c                __initialize_hardware_early
 .text.__initialize_hardware
                0x00000000080004a8        0xc ./system/Src/cortexm/_initialize_hardware.o
                0x00000000080004a8                __initialize_hardware
 .text.SystemInit
                0x00000000080004b4       0x5c ./system/Src/cmsis/system_stm32f4xx.o
                0x00000000080004b4                SystemInit
 .text.SystemCoreClockUpdate
                0x0000000008000510       0xf4 ./system/Src/cmsis/system_stm32f4xx.o
                0x0000000008000510                SystemCoreClockUpdate
 .text.GPIO_GetPortIdx
                0x0000000008000604       0x20 ./Src/Gpio.o
                0x0000000008000604                GPIO_GetPortIdx
 .text.GPIO_PortClockEnable
                0x0000000008000624       0x30 ./Src/Gpio.o
                0x0000000008000624                GPIO_PortClockEnable
 .text.GPIO_PinInit
                0x0000000008000654      0x130 ./Src/Gpio.o
                0x0000000008000654                GPIO_PinInit
 .text.GPIO_PortInit
                0x0000000008000784       0x3e ./Src/Gpio.o
                0x0000000008000784                GPIO_PortInit
 .text.GPIO_WritePin
                0x00000000080007c2       0x32 ./Src/Gpio.o
                0x00000000080007c2                GPIO_WritePin
 .text.main     0x00000000080007f4       0xe0 ./Src/main.o
                0x00000000080007f4                main
 *(.rodata .rodata.* .constdata .constdata.*)
 .rodata.AHBPrescTable
                0x00000000080008d4       0x10 ./system/Src/cmsis/system_stm32f4xx.o
                0x00000000080008d4                AHBPrescTable
 *(vtable)
 *(.eh_frame*)
 *(.glue_7)
 .glue_7        0x00000000080008e4        0x0 linker stubs
 *(.glue_7t)
 .glue_7t       0x00000000080008e4        0x0 linker stubs

.vfp11_veneer   0x00000000080008e4        0x0
 .vfp11_veneer  0x00000000080008e4        0x0 linker stubs

.v4_bx          0x00000000080008e4        0x0
 .v4_bx         0x00000000080008e4        0x0 linker stubs

.iplt           0x00000000080008e4        0x0
 .iplt          0x00000000080008e4        0x0 ./system/Src/newlib/_cxx.o

.rel.dyn        0x00000000080008e4        0x0
 .rel.iplt      0x00000000080008e4        0x0 ./system/Src/newlib/_cxx.o

.ARM.extab
 *(.ARM.extab* .gnu.linkonce.armextab.*)
                0x00000000080008e4                . = ALIGN (0x4)
                0x00000000080008e4                __exidx_start = .

.ARM.exidx
 *(.ARM.exidx* .gnu.linkonce.armexidx.*)
                0x00000000080008e4                __exidx_end = .
                0x00000000080008e4                . = ALIGN (0x4)
                0x00000000080008e4                _etext = .
                0x00000000080008e4                __etext = .

.data_CCMRAM    0x0000000010000000        0x0 load address 0x00000000080008e4
 FILL mask 0xff
 *(.data.CCMRAM .data.CCMRAM.*)
                0x0000000010000000                . = ALIGN (0x4)
                0x00000000080008e4                _sidata = LOADADDR (.data)

.data           0x0000000020000000       0x14 load address 0x00000000080008e4
 FILL mask 0xff
                0x0000000020000000                _sdata = .
                0x0000000020000000                __data_start__ = .
 *(.data_begin .data_begin.*)
 .data_begin    0x0000000020000000        0x4 ./system/Src/newlib/_startup.o
 *(.data .data.*)
 .data.argv.4243
                0x0000000020000004        0x8 ./system/Src/newlib/_syscalls.o
 .data.SystemCoreClock
                0x000000002000000c        0x4 ./system/Src/cmsis/system_stm32f4xx.o
                0x000000002000000c                SystemCoreClock
 *(.data_end .data_end.*)
 .data_end      0x0000000020000010        0x4 ./system/Src/newlib/_startup.o
                0x0000000020000014                . = ALIGN (0x4)
                0x0000000020000014                _edata = .
                0x0000000020000014                __data_end__ = .

.igot.plt       0x0000000020000014        0x0 load address 0x00000000080008f8
 .igot.plt      0x0000000020000014        0x0 ./system/Src/newlib/_cxx.o

.bss_CCMRAM     0x0000000010000000        0x0
 *(.bss.CCMRAM .bss.CCMRAM.*)

.bss            0x0000000020000014       0x10
                0x0000000020000014                __bss_start__ = .
                0x0000000020000014                _sbss = .
 *(.bss_begin .bss_begin.*)
 .bss_begin     0x0000000020000014        0x4 ./system/Src/newlib/_startup.o
 *(.bss .bss.*)
 .bss.name.4242
                0x0000000020000018        0x1 ./system/Src/newlib/_syscalls.o
 *fill*         0x0000000020000019        0x3 
 .bss.Counter   0x000000002000001c        0x4 ./Src/main.o
                0x000000002000001c                Counter
 *(COMMON)
 *(.bss_end .bss_end.*)
 .bss_end       0x0000000020000020        0x4 ./system/Src/newlib/_startup.o
                0x0000000020000024                . = ALIGN (0x4)
                0x0000000020000024                __bss_end__ = .
                0x0000000020000024                _ebss = .

.noinit_CCMRAM
 *(.noinit.CCMRAM .noinit.CCMRAM.*)

.noinit         0x0000000020000024        0x0
                0x0000000020000024                _noinit = .
 *(.noinit .noinit.*)
                0x0000000020000024                . = ALIGN (0x4)
                0x0000000020000024                _end_noinit = .
                [!provide]                        PROVIDE (end, _end_noinit)
                [!provide]                        PROVIDE (_end, _end_noinit)
                [!provide]                        PROVIDE (__end, _end_noinit)
                [!provide]                        PROVIDE (__end__, _end_noinit)

._check_stack   0x0000000020000024      0x100
                0x0000000020000124                . = (. + _Minimum_Stack_Size)
 *fill*         0x0000000020000024      0x100 

.b1text
 *(.b1text)
 *(.b1rodata)
 *(.b1rodata.*)

.eb0text
 *(.eb0text)
 *(.eb0rodata)
 *(.eb0rodata.*)

.eb1text
 *(.eb1text)
 *(.eb1rodata)
 *(.eb1rodata.*)

.eb2text
 *(.eb2text)
 *(.eb2rodata)
 *(.eb2rodata.*)

.eb3text
 *(.eb3text)
 *(.eb3rodata)
 *(.eb3rodata.*)

.stab
 *(.stab)

.stabstr
 *(.stabstr)

.stab.excl
 *(.stab.excl)

.stab.exclstr
 *(.stab.exclstr)

.stab.index
 *(.stab.index)

.stab.indexstr
 *(.stab.indexstr)

.comment        0x0000000000000000       0x6e
 *(.comment)
 .comment       0x0000000000000000       0x6e ./system/Src/newlib/_exit.o
                                         0x6f (size before relaxing)
 .comment       0x000000000000006e       0x6f ./system/Src/newlib/_startup.o
 .comment       0x000000000000006e       0x6f ./system/Src/newlib/_syscalls.o
 .comment       0x000000000000006e       0x6f ./system/Src/cortexm/_initialize_hardware.o
 .comment       0x000000000000006e       0x6f ./system/Src/cortexm/exception_handlers.o
 .comment       0x000000000000006e       0x6f ./system/Src/cmsis/system_stm32f4xx.o
 .comment       0x000000000000006e       0x6f ./system/Src/cmsis/vectors_stm32f469xx.o
 .comment       0x000000000000006e       0x6f ./Src/Gpio.o
 .comment       0x000000000000006e       0x6f ./Src/main.o

.ARM.attributes
                0x0000000000000000       0x33
 .ARM.attributes
                0x0000000000000000       0x33 ./system/Src/newlib/_exit.o
 .ARM.attributes
                0x0000000000000033       0x33 ./system/Src/newlib/_startup.o
 .ARM.attributes
                0x0000000000000066       0x33 ./system/Src/newlib/_syscalls.o
 .ARM.attributes
                0x0000000000000099       0x33 ./system/Src/cortexm/_initialize_hardware.o
 .ARM.attributes
                0x00000000000000cc       0x33 ./system/Src/cortexm/exception_handlers.o
 .ARM.attributes
                0x00000000000000ff       0x33 ./system/Src/cmsis/system_stm32f4xx.o
 .ARM.attributes
                0x0000000000000132       0x33 ./system/Src/cmsis/vectors_stm32f469xx.o
 .ARM.attributes
                0x0000000000000165       0x33 ./Src/Gpio.o
 .ARM.attributes
                0x0000000000000198       0x33 ./Src/main.o

.debug
 *(.debug)

.line
 *(.line)

.debug_srcinfo
 *(.debug_srcinfo)

.debug_sfnames
 *(.debug_sfnames)

.debug_aranges  0x0000000000000000      0x220
 *(.debug_aranges)
 .debug_aranges
                0x0000000000000000       0x28 ./system/Src/newlib/_exit.o
 .debug_aranges
                0x0000000000000028       0x40 ./system/Src/newlib/_startup.o
 .debug_aranges
                0x0000000000000068       0x30 ./system/Src/newlib/_syscalls.o
 .debug_aranges
                0x0000000000000098       0x28 ./system/Src/cortexm/_initialize_hardware.o
 .debug_aranges
                0x00000000000000c0       0x80 ./system/Src/cortexm/exception_handlers.o
 .debug_aranges
                0x0000000000000140       0x28 ./system/Src/cmsis/system_stm32f4xx.o
 .debug_aranges
                0x0000000000000168       0x20 ./system/Src/cmsis/vectors_stm32f469xx.o
 .debug_aranges
                0x0000000000000188       0x78 ./Src/Gpio.o
 .debug_aranges
                0x0000000000000200       0x20 ./Src/main.o

.debug_pubnames
 *(.debug_pubnames)

.debug_info     0x0000000000000000     0x4569
 *(.debug_info .gnu.linkonce.wi.*)
 .debug_info    0x0000000000000000      0x933 ./system/Src/newlib/_exit.o
 .debug_info    0x0000000000000933      0x444 ./system/Src/newlib/_startup.o
 .debug_info    0x0000000000000d77      0x9f3 ./system/Src/newlib/_syscalls.o
 .debug_info    0x000000000000176a      0x28a ./system/Src/cortexm/_initialize_hardware.o
 .debug_info    0x00000000000019f4      0xaeb ./system/Src/cortexm/exception_handlers.o
 .debug_info    0x00000000000024df      0x4c7 ./system/Src/cmsis/system_stm32f4xx.o
 .debug_info    0x00000000000029a6       0xd1 ./system/Src/cmsis/vectors_stm32f469xx.o
 .debug_info    0x0000000000002a77     0x1067 ./Src/Gpio.o
 .debug_info    0x0000000000003ade      0xa8b ./Src/main.o

.debug_abbrev   0x0000000000000000      0xe67
 *(.debug_abbrev)
 .debug_abbrev  0x0000000000000000      0x1f9 ./system/Src/newlib/_exit.o
 .debug_abbrev  0x00000000000001f9      0x175 ./system/Src/newlib/_startup.o
 .debug_abbrev  0x000000000000036e      0x21f ./system/Src/newlib/_syscalls.o
 .debug_abbrev  0x000000000000058d       0xcc ./system/Src/cortexm/_initialize_hardware.o
 .debug_abbrev  0x0000000000000659      0x21c ./system/Src/cortexm/exception_handlers.o
 .debug_abbrev  0x0000000000000875      0x122 ./system/Src/cmsis/system_stm32f4xx.o
 .debug_abbrev  0x0000000000000997       0x9d ./system/Src/cmsis/vectors_stm32f469xx.o
 .debug_abbrev  0x0000000000000a34      0x248 ./Src/Gpio.o
 .debug_abbrev  0x0000000000000c7c      0x1eb ./Src/main.o

.debug_line     0x0000000000000000     0x1a2d
 *(.debug_line)
 .debug_line    0x0000000000000000      0x2bf ./system/Src/newlib/_exit.o
 .debug_line    0x00000000000002bf      0x34b ./system/Src/newlib/_startup.o
 .debug_line    0x000000000000060a      0x36c ./system/Src/newlib/_syscalls.o
 .debug_line    0x0000000000000976      0x175 ./system/Src/cortexm/_initialize_hardware.o
 .debug_line    0x0000000000000aeb      0x42f ./system/Src/cortexm/exception_handlers.o
 .debug_line    0x0000000000000f1a      0x175 ./system/Src/cmsis/system_stm32f4xx.o
 .debug_line    0x000000000000108f       0xe2 ./system/Src/cmsis/vectors_stm32f469xx.o
 .debug_line    0x0000000000001171      0x4e6 ./Src/Gpio.o
 .debug_line    0x0000000000001657      0x3d6 ./Src/main.o

.debug_frame    0x0000000000000000      0x5b0
 *(.debug_frame)
 .debug_frame   0x0000000000000000       0x4c ./system/Src/newlib/_exit.o
 .debug_frame   0x000000000000004c       0xc8 ./system/Src/newlib/_startup.o
 .debug_frame   0x0000000000000114       0x80 ./system/Src/newlib/_syscalls.o
 .debug_frame   0x0000000000000194       0x48 ./system/Src/cortexm/_initialize_hardware.o
 .debug_frame   0x00000000000001dc      0x148 ./system/Src/cortexm/exception_handlers.o
 .debug_frame   0x0000000000000324       0x58 ./system/Src/cmsis/system_stm32f4xx.o
 .debug_frame   0x000000000000037c       0x28 ./system/Src/cmsis/vectors_stm32f469xx.o
 .debug_frame   0x00000000000003a4      0x1dc ./Src/Gpio.o
 .debug_frame   0x0000000000000580       0x30 ./Src/main.o

.debug_str      0x0000000000000000    0x42843
 *(.debug_str)
 .debug_str     0x0000000000000000     0x71da ./system/Src/newlib/_exit.o
                                       0x7390 (size before relaxing)
 .debug_str     0x00000000000071da      0xbeb ./system/Src/newlib/_startup.o
                                       0x5f42 (size before relaxing)
 .debug_str     0x0000000000007dc5     0x12bc ./system/Src/newlib/_syscalls.o
                                       0x75cf (size before relaxing)
 .debug_str     0x0000000000009081    0x37fe5 ./system/Src/cortexm/_initialize_hardware.o
                                      0x3b02a (size before relaxing)
 .debug_str     0x0000000000041066      0x1ce ./system/Src/cortexm/exception_handlers.o
                                      0x3fd9d (size before relaxing)
 .debug_str     0x0000000000041234      0x1a5 ./system/Src/cmsis/system_stm32f4xx.o
                                      0x3b14c (size before relaxing)
 .debug_str     0x00000000000413d9       0x59 ./system/Src/cmsis/vectors_stm32f469xx.o
                                       0x30d3 (size before relaxing)
 .debug_str     0x0000000000041432     0x13f6 ./Src/Gpio.o
                                      0x41197 (size before relaxing)
 .debug_str     0x0000000000042828       0x1b ./Src/main.o
                                      0x40ef3 (size before relaxing)

.debug_loc
 *(.debug_loc)

.debug_macinfo
 *(.debug_macinfo)

.debug_weaknames
 *(.debug_weaknames)

.debug_funcnames
 *(.debug_funcnames)

.debug_typenames
 *(.debug_typenames)

.debug_varnames
 *(.debug_varnames)
OUTPUT(GpioDriver.elf elf32-littlearm)

.debug_ranges   0x0000000000000000      0x190
 .debug_ranges  0x0000000000000000       0x18 ./system/Src/newlib/_exit.o
 .debug_ranges  0x0000000000000018       0x30 ./system/Src/newlib/_startup.o
 .debug_ranges  0x0000000000000048       0x20 ./system/Src/newlib/_syscalls.o
 .debug_ranges  0x0000000000000068       0x18 ./system/Src/cortexm/_initialize_hardware.o
 .debug_ranges  0x0000000000000080       0x70 ./system/Src/cortexm/exception_handlers.o
 .debug_ranges  0x00000000000000f0       0x18 ./system/Src/cmsis/system_stm32f4xx.o
 .debug_ranges  0x0000000000000108       0x10 ./system/Src/cmsis/vectors_stm32f469xx.o
 .debug_ranges  0x0000000000000118       0x68 ./Src/Gpio.o
 .debug_ranges  0x0000000000000180       0x10 ./Src/main.o

.debug_macro    0x0000000000000000     0xffa6
 .debug_macro   0x0000000000000000      0x1a7 ./system/Src/newlib/_exit.o
 .debug_macro   0x00000000000001a7      0x8b0 ./system/Src/newlib/_exit.o
 .debug_macro   0x0000000000000a57       0x9c ./system/Src/newlib/_exit.o
 .debug_macro   0x0000000000000af3      0x10e ./system/Src/newlib/_exit.o
 .debug_macro   0x0000000000000c01       0x8d ./system/Src/newlib/_exit.o
 .debug_macro   0x0000000000000c8e       0x43 ./system/Src/newlib/_exit.o
 .debug_macro   0x0000000000000cd1      0x30d ./system/Src/newlib/_exit.o
 .debug_macro   0x0000000000000fde       0x35 ./system/Src/newlib/_exit.o
 .debug_macro   0x0000000000001013      0x166 ./system/Src/newlib/_startup.o
 .debug_macro   0x0000000000001179      0x8bc ./system/Src/newlib/_startup.o
 .debug_macro   0x0000000000001a35      0x34e ./system/Src/newlib/_startup.o
 .debug_macro   0x0000000000001d83      0x20a ./system/Src/newlib/_syscalls.o
 .debug_macro   0x0000000000001f8d       0x1c ./system/Src/newlib/_syscalls.o
 .debug_macro   0x0000000000001fa9       0x10 ./system/Src/newlib/_syscalls.o
 .debug_macro   0x0000000000001fb9       0x10 ./system/Src/newlib/_syscalls.o
 .debug_macro   0x0000000000001fc9       0x10 ./system/Src/newlib/_syscalls.o
 .debug_macro   0x0000000000001fd9       0x35 ./system/Src/newlib/_syscalls.o
 .debug_macro   0x000000000000200e      0x122 ./system/Src/newlib/_syscalls.o
 .debug_macro   0x0000000000002130       0x88 ./system/Src/newlib/_syscalls.o
 .debug_macro   0x00000000000021b8       0x2b ./system/Src/newlib/_syscalls.o
 .debug_macro   0x00000000000021e3      0x118 ./system/Src/newlib/_syscalls.o
 .debug_macro   0x00000000000022fb      0x159 ./system/Src/newlib/_syscalls.o
 .debug_macro   0x0000000000002454       0x16 ./system/Src/newlib/_syscalls.o
 .debug_macro   0x000000000000246a       0x95 ./system/Src/cortexm/_initialize_hardware.o
 .debug_macro   0x00000000000024ff       0x31 ./system/Src/cortexm/_initialize_hardware.o
 .debug_macro   0x0000000000002530       0x28 ./system/Src/cortexm/_initialize_hardware.o
 .debug_macro   0x0000000000002558       0x35 ./system/Src/cortexm/_initialize_hardware.o
 .debug_macro   0x000000000000258d       0x50 ./system/Src/cortexm/_initialize_hardware.o
 .debug_macro   0x00000000000025dd      0xe66 ./system/Src/cortexm/_initialize_hardware.o
 .debug_macro   0x0000000000003443     0xbbad ./system/Src/cortexm/_initialize_hardware.o
 .debug_macro   0x000000000000eff0       0x43 ./system/Src/cortexm/_initialize_hardware.o
 .debug_macro   0x000000000000f033      0x237 ./system/Src/cortexm/exception_handlers.o
 .debug_macro   0x000000000000f26a       0x3b ./system/Src/cortexm/exception_handlers.o
 .debug_macro   0x000000000000f2a5       0x22 ./system/Src/cortexm/exception_handlers.o
 .debug_macro   0x000000000000f2c7       0x10 ./system/Src/cortexm/exception_handlers.o
 .debug_macro   0x000000000000f2d7       0xcf ./system/Src/cortexm/exception_handlers.o
 .debug_macro   0x000000000000f3a6       0xbe ./system/Src/cortexm/exception_handlers.o
 .debug_macro   0x000000000000f464       0x10 ./system/Src/cortexm/exception_handlers.o
 .debug_macro   0x000000000000f474       0x97 ./system/Src/cmsis/system_stm32f4xx.o
 .debug_macro   0x000000000000f50b       0x34 ./system/Src/cmsis/vectors_stm32f469xx.o
 .debug_macro   0x000000000000f53f      0x289 ./Src/Gpio.o
 .debug_macro   0x000000000000f7c8       0x16 ./Src/Gpio.o
 .debug_macro   0x000000000000f7de       0x97 ./Src/Gpio.o
 .debug_macro   0x000000000000f875       0xfd ./Src/Gpio.o
 .debug_macro   0x000000000000f972       0x10 ./Src/Gpio.o
 .debug_macro   0x000000000000f982       0x16 ./Src/Gpio.o
 .debug_macro   0x000000000000f998      0x18b ./Src/Gpio.o
 .debug_macro   0x000000000000fb23       0x22 ./Src/Gpio.o
 .debug_macro   0x000000000000fb45       0x22 ./Src/Gpio.o
 .debug_macro   0x000000000000fb67      0x1b6 ./Src/Gpio.o
 .debug_macro   0x000000000000fd1d      0x289 ./Src/main.o
