Archive member included to satisfy reference by file (symbol)

/home/bsaleh/gcc-arm/bin/../lib/gcc/arm-none-eabi/6.2.1/../../../../arm-none-eabi/lib/thumb/v7e-m/libm.a(lib_a-w_pow.o)
                              ./Src/config.o (pow)
/home/bsaleh/gcc-arm/bin/../lib/gcc/arm-none-eabi/6.2.1/../../../../arm-none-eabi/lib/thumb/v7e-m/libm.a(lib_a-e_pow.o)
                              /home/bsaleh/gcc-arm/bin/../lib/gcc/arm-none-eabi/6.2.1/../../../../arm-none-eabi/lib/thumb/v7e-m/libm.a(lib_a-w_pow.o) (__ieee754_pow)
/home/bsaleh/gcc-arm/bin/../lib/gcc/arm-none-eabi/6.2.1/../../../../arm-none-eabi/lib/thumb/v7e-m/libm.a(lib_a-e_sqrt.o)
                              /home/bsaleh/gcc-arm/bin/../lib/gcc/arm-none-eabi/6.2.1/../../../../arm-none-eabi/lib/thumb/v7e-m/libm.a(lib_a-e_pow.o) (__ieee754_sqrt)
/home/bsaleh/gcc-arm/bin/../lib/gcc/arm-none-eabi/6.2.1/../../../../arm-none-eabi/lib/thumb/v7e-m/libm.a(lib_a-s_fabs.o)
                              /home/bsaleh/gcc-arm/bin/../lib/gcc/arm-none-eabi/6.2.1/../../../../arm-none-eabi/lib/thumb/v7e-m/libm.a(lib_a-e_pow.o) (fabs)
/home/bsaleh/gcc-arm/bin/../lib/gcc/arm-none-eabi/6.2.1/../../../../arm-none-eabi/lib/thumb/v7e-m/libm.a(lib_a-s_finite.o)
                              /home/bsaleh/gcc-arm/bin/../lib/gcc/arm-none-eabi/6.2.1/../../../../arm-none-eabi/lib/thumb/v7e-m/libm.a(lib_a-w_pow.o) (finite)
/home/bsaleh/gcc-arm/bin/../lib/gcc/arm-none-eabi/6.2.1/../../../../arm-none-eabi/lib/thumb/v7e-m/libm.a(lib_a-s_lib_ver.o)
                              /home/bsaleh/gcc-arm/bin/../lib/gcc/arm-none-eabi/6.2.1/../../../../arm-none-eabi/lib/thumb/v7e-m/libm.a(lib_a-w_pow.o) (__fdlib_version)
/home/bsaleh/gcc-arm/bin/../lib/gcc/arm-none-eabi/6.2.1/../../../../arm-none-eabi/lib/thumb/v7e-m/libm.a(lib_a-s_matherr.o)
                              /home/bsaleh/gcc-arm/bin/../lib/gcc/arm-none-eabi/6.2.1/../../../../arm-none-eabi/lib/thumb/v7e-m/libm.a(lib_a-w_pow.o) (matherr)
/home/bsaleh/gcc-arm/bin/../lib/gcc/arm-none-eabi/6.2.1/../../../../arm-none-eabi/lib/thumb/v7e-m/libm.a(lib_a-s_nan.o)
                              /home/bsaleh/gcc-arm/bin/../lib/gcc/arm-none-eabi/6.2.1/../../../../arm-none-eabi/lib/thumb/v7e-m/libm.a(lib_a-e_pow.o) (nan)
/home/bsaleh/gcc-arm/bin/../lib/gcc/arm-none-eabi/6.2.1/../../../../arm-none-eabi/lib/thumb/v7e-m/libm.a(lib_a-s_rint.o)
                              /home/bsaleh/gcc-arm/bin/../lib/gcc/arm-none-eabi/6.2.1/../../../../arm-none-eabi/lib/thumb/v7e-m/libm.a(lib_a-w_pow.o) (rint)
/home/bsaleh/gcc-arm/bin/../lib/gcc/arm-none-eabi/6.2.1/../../../../arm-none-eabi/lib/thumb/v7e-m/libm.a(lib_a-s_scalbn.o)
                              /home/bsaleh/gcc-arm/bin/../lib/gcc/arm-none-eabi/6.2.1/../../../../arm-none-eabi/lib/thumb/v7e-m/libm.a(lib_a-e_pow.o) (scalbn)
/home/bsaleh/gcc-arm/bin/../lib/gcc/arm-none-eabi/6.2.1/../../../../arm-none-eabi/lib/thumb/v7e-m/libm.a(lib_a-s_copysign.o)
                              /home/bsaleh/gcc-arm/bin/../lib/gcc/arm-none-eabi/6.2.1/../../../../arm-none-eabi/lib/thumb/v7e-m/libm.a(lib_a-s_scalbn.o) (copysign)
/home/bsaleh/gcc-arm/bin/../lib/gcc/arm-none-eabi/6.2.1/thumb/v7e-m/libgcc.a(_arm_addsubdf3.o)
                              /home/bsaleh/gcc-arm/bin/../lib/gcc/arm-none-eabi/6.2.1/../../../../arm-none-eabi/lib/thumb/v7e-m/libm.a(lib_a-e_pow.o) (__aeabi_dsub)
/home/bsaleh/gcc-arm/bin/../lib/gcc/arm-none-eabi/6.2.1/thumb/v7e-m/libgcc.a(_arm_muldivdf3.o)
                              ./Src/config.o (__aeabi_dmul)
/home/bsaleh/gcc-arm/bin/../lib/gcc/arm-none-eabi/6.2.1/thumb/v7e-m/libgcc.a(_arm_cmpdf2.o)
                              /home/bsaleh/gcc-arm/bin/../lib/gcc/arm-none-eabi/6.2.1/../../../../arm-none-eabi/lib/thumb/v7e-m/libm.a(lib_a-w_pow.o) (__aeabi_dcmpeq)
/home/bsaleh/gcc-arm/bin/../lib/gcc/arm-none-eabi/6.2.1/thumb/v7e-m/libgcc.a(_arm_unorddf2.o)
                              /home/bsaleh/gcc-arm/bin/../lib/gcc/arm-none-eabi/6.2.1/../../../../arm-none-eabi/lib/thumb/v7e-m/libm.a(lib_a-w_pow.o) (__aeabi_dcmpun)
/home/bsaleh/gcc-arm/bin/../lib/gcc/arm-none-eabi/6.2.1/../../../../arm-none-eabi/lib/thumb/v7e-m/libg_nano.a(lib_a-errno.o)
                              ./system/Src/newlib/_sbrk.o (__errno)
/home/bsaleh/gcc-arm/bin/../lib/gcc/arm-none-eabi/6.2.1/../../../../arm-none-eabi/lib/thumb/v7e-m/libg_nano.a(lib_a-impure.o)
                              /home/bsaleh/gcc-arm/bin/../lib/gcc/arm-none-eabi/6.2.1/../../../../arm-none-eabi/lib/thumb/v7e-m/libg_nano.a(lib_a-errno.o) (_impure_ptr)
/home/bsaleh/gcc-arm/bin/../lib/gcc/arm-none-eabi/6.2.1/../../../../arm-none-eabi/lib/thumb/v7e-m/libg_nano.a(lib_a-nano-vfprintf_float.o)
                              (_printf_float)
/home/bsaleh/gcc-arm/bin/../lib/gcc/arm-none-eabi/6.2.1/../../../../arm-none-eabi/lib/thumb/v7e-m/libg_nano.a(lib_a-nano-vfprintf_i.o)
                              /home/bsaleh/gcc-arm/bin/../lib/gcc/arm-none-eabi/6.2.1/../../../../arm-none-eabi/lib/thumb/v7e-m/libg_nano.a(lib_a-nano-vfprintf_float.o) (_printf_common)
[...]
Memory Configuration

Name             Origin             Length             Attributes
RAM              0x0000000020000000 0x0000000000010000 xrw
CCMRAM           0x0000000010000000 0x0000000000000000 xrw
FLASH            0x0000000008000000 0x00000000001f4000 xr
FLASHB1          0x0000000000000000 0x0000000000000000 xr
EXTMEMB0         0x0000000000000000 0x0000000000000000 xr
EXTMEMB1         0x0000000000000000 0x0000000000000000 xr
EXTMEMB2         0x0000000000000000 0x0000000000000000 xr
EXTMEMB3         0x0000000000000000 0x0000000000000000 xr
*default*        0x0000000000000000 0xffffffffffffffff

Linker script and memory map

LOAD ./system/Src/stm32f4-hal/stm32f4xx_hal.o
LOAD ./system/Src/stm32f4-hal/stm32f4xx_hal_cortex.o
LOAD ./system/Src/stm32f4-hal/stm32f4xx_hal_dfsdm.o
LOAD ./system/Src/stm32f4-hal/stm32f4xx_hal_dma.o
LOAD ./system/Src/stm32f4-hal/stm32f4xx_hal_dma_ex.o
LOAD ./system/Src/stm32f4-hal/stm32f4xx_hal_flash.o
LOAD ./system/Src/stm32f4-hal/stm32f4xx_hal_flash_ex.o
LOAD ./system/Src/stm32f4-hal/stm32f4xx_hal_flash_ramfunc.o
LOAD ./system/Src/stm32f4-hal/stm32f4xx_hal_gpio.o
LOAD ./system/Src/stm32f4-hal/stm32f4xx_hal_i2c.o
LOAD ./system/Src/stm32f4-hal/stm32f4xx_hal_i2c_ex.o
LOAD ./system/Src/stm32f4-hal/stm32f4xx_hal_iwdg.o
LOAD ./system/Src/stm32f4-hal/stm32f4xx_hal_pwr.o
LOAD ./system/Src/stm32f4-hal/stm32f4xx_hal_pwr_ex.o
LOAD ./system/Src/stm32f4-hal/stm32f4xx_hal_rcc.o
LOAD ./system/Src/stm32f4-hal/stm32f4xx_hal_uart.o
LOAD ./system/Src/newlib/_cxx.o
LOAD ./system/Src/newlib/_exit.o
LOAD ./system/Src/newlib/_sbrk.o
LOAD ./system/Src/newlib/_startup.o
LOAD ./system/Src/newlib/_syscalls.o
LOAD ./system/Src/newlib/assert.o
LOAD ./system/Src/diag/Trace.o
LOAD ./system/Src/diag/trace_impl.o
LOAD ./system/Src/cortexm/_initialize_hardware.o
LOAD ./system/Src/cortexm/_reset_hardware.o
LOAD ./system/Src/cortexm/exception_handlers.o
LOAD ./system/Src/cmsis/system_stm32f4xx.o
LOAD ./system/Src/cmsis/vectors_stm32f469xx.o
LOAD ./system/Src/stm32469i_discovery.o
LOAD ./Src/_initialize_hardware.o
LOAD ./Src/_write.o
LOAD ./Src/config.o
LOAD ./Src/main.o
LOAD ./Src/stm32f4xx_hal_msp.o
LOAD ./Src/stm32f4xx_it.o
LOAD /home/bsaleh/gcc-arm/bin/../lib/gcc/arm-none-eabi/6.2.1/../../../../arm-none-eabi/lib/thumb/v7e-m/libstdc++_nano.a
LOAD /home/bsaleh/gcc-arm/bin/../lib/gcc/arm-none-eabi/6.2.1/../../../../arm-none-eabi/lib/thumb/v7e-m/libm.a
START GROUP
LOAD /home/bsaleh/gcc-arm/bin/../lib/gcc/arm-none-eabi/6.2.1/thumb/v7e-m/libgcc.a
LOAD /home/bsaleh/gcc-arm/bin/../lib/gcc/arm-none-eabi/6.2.1/../../../../arm-none-eabi/lib/thumb/v7e-m/libg_nano.a
LOAD /home/bsaleh/gcc-arm/bin/../lib/gcc/arm-none-eabi/6.2.1/../../../../arm-none-eabi/lib/thumb/v7e-m/libc_nano.a
END GROUP
START GROUP
LOAD /home/bsaleh/gcc-arm/bin/../lib/gcc/arm-none-eabi/6.2.1/thumb/v7e-m/libgcc.a
LOAD /home/bsaleh/gcc-arm/bin/../lib/gcc/arm-none-eabi/6.2.1/../../../../arm-none-eabi/lib/thumb/v7e-m/libc_nano.a
END GROUP
                0x0000000020010000                __stack = (ORIGIN (RAM) + LENGTH (RAM))
                0x0000000020010000                _estack = __stack
                0x0000000000000400                __Main_Stack_Size = 0x400
                [!provide]                        PROVIDE (_Main_Stack_Size, __Main_Stack_Size)
                0x000000002000fc00                __Main_Stack_Limit = (__stack - __Main_Stack_Size)
                [!provide]                        PROVIDE (_Main_Stack_Limit, __Main_Stack_Limit)
                0x0000000000000100                _Minimum_Stack_Size = 0x100
                0x000000002000030c                PROVIDE (_Heap_Begin, _end_noinit)
                0x000000002000fc00                PROVIDE (_Heap_Limit, (__stack - __Main_Stack_Size))

.isr_vector     0x0000000008000000      0x358
 FILL mask 0xff
                0x0000000008000000                __vectors_start = ABSOLUTE (.)
                0x0000000008000000                __vectors_start__ = ABSOLUTE (.)
 *(.isr_vector)
 .isr_vector    0x0000000008000000      0x1b4 ./system/Src/cmsis/vectors_stm32f469xx.o
                0x0000000008000000                __isr_vectors
 *(.cfmconfig)
 *(.after_vectors .after_vectors.*)
 .after_vectors
                0x00000000080001b4      0x130 ./system/Src/newlib/_startup.o
                0x00000000080001b4                _start
 .after_vectors
                0x00000000080002e4       0x70 ./system/Src/cortexm/exception_handlers.o
                0x00000000080002e4                Reset_Handler
                0x0000000008000302                HardFault_Handler_C
                0x000000000800031e                BusFault_Handler_C
                0x0000000008000336                UsageFault_Handler_C
 .after_vectors
                0x0000000008000354        0x4 ./system/Src/cmsis/vectors_stm32f469xx.o
                0x0000000008000354                RTC_Alarm_IRQHandler
                0x0000000008000354                HASH_RNG_IRQHandler
                0x0000000008000354                EXTI2_IRQHandler
                0x0000000008000354                TIM8_CC_IRQHandler
                0x0000000008000354                UART8_IRQHandler
                0x0000000008000354                SPI4_IRQHandler
                0x0000000008000354                TIM1_CC_IRQHandler
                0x0000000008000354                DMA2_Stream5_IRQHandler
                0x0000000008000354                PVD_IRQHandler
                0x0000000008000354                SDIO_IRQHandler
                0x0000000008000354                TAMP_STAMP_IRQHandler
                0x0000000008000354                CAN2_RX1_IRQHandler
                0x0000000008000354                EXTI3_IRQHandler
                0x0000000008000354                TIM8_TRG_COM_TIM14_IRQHandler
                0x0000000008000354                TIM1_UP_TIM10_IRQHandler
                0x0000000008000354                TIM8_UP_TIM13_IRQHandler
                0x0000000008000354                I2C3_ER_IRQHandler
                0x0000000008000354                EXTI0_IRQHandler
                0x0000000008000354                I2C2_EV_IRQHandler
                0x0000000008000354                DMA1_Stream2_IRQHandler
                0x0000000008000354                CAN1_RX0_IRQHandler
                0x0000000008000354                FPU_IRQHandler
                0x0000000008000354                OTG_HS_WKUP_IRQHandler
                0x0000000008000354                LTDC_ER_IRQHandler
                0x0000000008000354                CAN2_SCE_IRQHandler
                0x0000000008000354                DMA2_Stream2_IRQHandler
                0x0000000008000354                SPI1_IRQHandler
                0x0000000008000354                TIM6_DAC_IRQHandler
                0x0000000008000354                TIM1_BRK_TIM9_IRQHandler
                0x0000000008000354                DCMI_IRQHandler
                0x0000000008000354                CAN2_RX0_IRQHandler
                0x0000000008000354                DMA2_Stream3_IRQHandler
                0x0000000008000354                USART6_IRQHandler
                0x0000000008000354                USART3_IRQHandler
                0x0000000008000354                CAN1_RX1_IRQHandler
                0x0000000008000354                UART5_IRQHandler
                0x0000000008000354                DMA2_Stream0_IRQHandler
                0x0000000008000354                TIM4_IRQHandler
                0x0000000008000354                QUADSPI_IRQHandler
                0x0000000008000354                I2C1_EV_IRQHandler
                0x0000000008000354                DMA1_Stream1_IRQHandler
                0x0000000008000354                UART4_IRQHandler
                0x0000000008000354                TIM3_IRQHandler
                0x0000000008000354                RCC_IRQHandler
                0x0000000008000354                TIM8_BRK_TIM12_IRQHandler
                0x0000000008000354                Default_Handler
                0x0000000008000354                EXTI15_10_IRQHandler
                0x0000000008000354                ADC_IRQHandler
                0x0000000008000354                DMA1_Stream7_IRQHandler
                0x0000000008000354                SPI5_IRQHandler
                0x0000000008000354                TIM7_IRQHandler
                0x0000000008000354                CAN2_TX_IRQHandler
                0x0000000008000354                TIM5_IRQHandler
                0x0000000008000354                DMA2_Stream7_IRQHandler
                0x0000000008000354                I2C3_EV_IRQHandler
                0x0000000008000354                EXTI9_5_IRQHandler
                0x0000000008000354                RTC_WKUP_IRQHandler
                0x0000000008000354                LTDC_IRQHandler
                0x0000000008000354                ETH_WKUP_IRQHandler
                0x0000000008000354                SPI2_IRQHandler
                0x0000000008000354                OTG_HS_EP1_IN_IRQHandler
                0x0000000008000354                DMA1_Stream0_IRQHandler
                0x0000000008000354                CAN1_TX_IRQHandler
                0x0000000008000354                EXTI4_IRQHandler
                0x0000000008000354                DSI_IRQHandler
                0x0000000008000354                ETH_IRQHandler
                0x0000000008000354                OTG_HS_EP1_OUT_IRQHandler
                0x0000000008000354                WWDG_IRQHandler
                0x0000000008000354                SPI6_IRQHandler
                0x0000000008000354                TIM2_IRQHandler
                0x0000000008000354                OTG_FS_WKUP_IRQHandler
                0x0000000008000354                TIM1_TRG_COM_TIM11_IRQHandler
                0x0000000008000354                OTG_HS_IRQHandler
                0x0000000008000354                DMA2D_IRQHandler
                0x0000000008000354                EXTI1_IRQHandler
                0x0000000008000354                UART7_IRQHandler
                0x0000000008000354                USART2_IRQHandler
                0x0000000008000354                I2C2_ER_IRQHandler
                0x0000000008000354                DMA2_Stream1_IRQHandler
                0x0000000008000354                CAN1_SCE_IRQHandler
                0x0000000008000354                FLASH_IRQHandler
                0x0000000008000354                DMA2_Stream4_IRQHandler
                0x0000000008000354                USART1_IRQHandler
                0x0000000008000354                OTG_FS_IRQHandler
                0x0000000008000354                SPI3_IRQHandler
                0x0000000008000354                DMA1_Stream4_IRQHandler
                0x0000000008000354                I2C1_ER_IRQHandler
                0x0000000008000354                FMC_IRQHandler
                0x0000000008000354                DMA2_Stream6_IRQHandler
                0x0000000008000354                SAI1_IRQHandler
                0x0000000008000354                DMA1_Stream3_IRQHandler

.inits          0x0000000008000358       0x28
                0x0000000008000358                __data_regions_array_start = .
                0x0000000008000358        0x4 LONG 0x80067a8 LOADADDR (.data)
                0x000000000800035c        0x4 LONG 0x20000000 ADDR (.data)
                0x0000000008000360        0x4 LONG 0x20000208 (ADDR (.data) + SIZEOF (.data))
                0x0000000008000364        0x4 LONG 0x80067a8 LOADADDR (.data_CCMRAM)
                0x0000000008000368        0x4 LONG 0x10000000 ADDR (.data_CCMRAM)
                0x000000000800036c        0x4 LONG 0x10000000 (ADDR (.data_CCMRAM) + SIZEOF (.data_CCMRAM))
                0x0000000008000370                __data_regions_array_end = .
                0x0000000008000370                __bss_regions_array_start = .
                0x0000000008000370        0x4 LONG 0x20000208 ADDR (.bss)
                0x0000000008000374        0x4 LONG 0x2000030c (ADDR (.bss) + SIZEOF (.bss))
                0x0000000008000378        0x4 LONG 0x10000000 ADDR (.bss_CCMRAM)
                0x000000000800037c        0x4 LONG 0x10000000 (ADDR (.bss_CCMRAM) + SIZEOF (.bss_CCMRAM))
                0x0000000008000380                __bss_regions_array_end = .
 *(.init)
 *(.fini)
                0x0000000008000380                . = ALIGN (0x4)
                0x0000000008000380                PROVIDE (__preinit_array_start, .)
 *(.preinit_array_sysinit .preinit_array_sysinit.*)
 *(.preinit_array_platform .preinit_array_platform.*)
 *(.preinit_array .preinit_array.*)
                0x0000000008000380                PROVIDE (__preinit_array_end, .)
                0x0000000008000380                . = ALIGN (0x4)
                0x0000000008000380                PROVIDE (__init_array_start, .)
 *(SORT(.init_array.*))
 *(.init_array)
                0x0000000008000380                PROVIDE (__init_array_end, .)
                0x0000000008000380                . = ALIGN (0x4)
                0x0000000008000380                PROVIDE (__fini_array_start, .)
 *(SORT(.fini_array.*))
 *(.fini_array)
                0x0000000008000380                PROVIDE (__fini_array_end, .)

.flashtext
 *(.flashtext .flashtext.*)

.text           0x0000000008000380     0x6428
 *(.text .text.*)
 .text.HAL_MspInit
                0x0000000008000380        0x2 ./system/Src/stm32f4-hal/stm32f4xx_hal.o
                0x0000000008000380                HAL_MspInit
 *fill*         0x0000000008000382        0x2 
 .text.HAL_InitTick
                0x0000000008000384       0x2c ./system/Src/stm32f4-hal/stm32f4xx_hal.o
                0x0000000008000384                HAL_InitTick
 .text.HAL_Init
                0x00000000080003b0       0x34 ./system/Src/stm32f4-hal/stm32f4xx_hal.o
                0x00000000080003b0                HAL_Init
 .text.HAL_IncTick
                0x00000000080003e4       0x10 ./system/Src/stm32f4-hal/stm32f4xx_hal.o
                0x00000000080003e4                HAL_IncTick
 .text.HAL_GetTick
                0x00000000080003f4        0xc ./system/Src/stm32f4-hal/stm32f4xx_hal.o
                0x00000000080003f4                HAL_GetTick
 .text.HAL_Delay
                0x0000000008000400       0x1c ./system/Src/stm32f4-hal/stm32f4xx_hal.o
                0x0000000008000400                HAL_Delay
 .text.HAL_NVIC_SetPriorityGrouping
                0x000000000800041c       0x3c ./system/Src/stm32f4-hal/stm32f4xx_hal_cortex.o
                0x000000000800041c                HAL_NVIC_SetPriorityGrouping
 .text.HAL_NVIC_SetPriority
                0x0000000008000458       0x88 ./system/Src/stm32f4-hal/stm32f4xx_hal_cortex.o
                0x0000000008000458                HAL_NVIC_SetPriority
 .text.HAL_SYSTICK_Config
                0x00000000080004e0       0x2c ./system/Src/stm32f4-hal/stm32f4xx_hal_cortex.o
                0x00000000080004e0                HAL_SYSTICK_Config
 .text.HAL_GPIO_Init
                0x000000000800050c      0x320 ./system/Src/stm32f4-hal/stm32f4xx_hal_gpio.o
                0x000000000800050c                HAL_GPIO_Init
 .text.HAL_GPIO_WritePin
                0x000000000800082c       0x34 ./system/Src/stm32f4-hal/stm32f4xx_hal_gpio.o
                0x000000000800082c                HAL_GPIO_WritePin
 .text.I2C_IsAcknowledgeFailed
                0x0000000008000860       0x2a ./system/Src/stm32f4-hal/stm32f4xx_hal_i2c.o
 .text.I2C_WaitOnFlagUntilTimeout
                0x000000000800088a       0x64 ./system/Src/stm32f4-hal/stm32f4xx_hal_i2c.o
 .text.I2C_WaitOnMasterAddressFlagUntilTimeout
                0x00000000080008ee       0x90 ./system/Src/stm32f4-hal/stm32f4xx_hal_i2c.o
 .text.I2C_WaitOnTXEFlagUntilTimeout
                0x000000000800097e       0x4e ./system/Src/stm32f4-hal/stm32f4xx_hal_i2c.o
 .text.I2C_RequestMemoryWrite
                0x00000000080009cc       0xd4 ./system/Src/stm32f4-hal/stm32f4xx_hal_i2c.o
 .text.I2C_RequestMemoryRead
                0x0000000008000aa0      0x148 ./system/Src/stm32f4-hal/stm32f4xx_hal_i2c.o
 .text.I2C_WaitOnBTFFlagUntilTimeout
                0x0000000008000be8       0x4e ./system/Src/stm32f4-hal/stm32f4xx_hal_i2c.o
 .text.I2C_WaitOnRXNEFlagUntilTimeout
                0x0000000008000c36       0x5c ./system/Src/stm32f4-hal/stm32f4xx_hal_i2c.o
 *fill*         0x0000000008000c92        0x2 
 .text.HAL_I2C_Init
                0x0000000008000c94      0x1f0 ./system/Src/stm32f4-hal/stm32f4xx_hal_i2c.o
                0x0000000008000c94                HAL_I2C_Init
 .text.HAL_I2C_Mem_Write
                0x0000000008000e84      0x154 ./system/Src/stm32f4-hal/stm32f4xx_hal_i2c.o
                0x0000000008000e84                HAL_I2C_Mem_Write
 .text.HAL_I2C_Mem_Read
                0x0000000008000fd8      0x274 ./system/Src/stm32f4-hal/stm32f4xx_hal_i2c.o
                0x0000000008000fd8                HAL_I2C_Mem_Read
 .text.HAL_PWREx_EnableOverDrive
                0x000000000800124c       0xa0 ./system/Src/stm32f4-hal/stm32f4xx_hal_pwr_ex.o
                0x000000000800124c                HAL_PWREx_EnableOverDrive
 .text.HAL_RCC_OscConfig
                0x00000000080012ec      0x42c ./system/Src/stm32f4-hal/stm32f4xx_hal_rcc.o
                0x00000000080012ec                HAL_RCC_OscConfig
 .text.HAL_RCC_GetSysClockFreq
                0x0000000008001718       0x94 ./system/Src/stm32f4-hal/stm32f4xx_hal_rcc.o
                0x0000000008001718                HAL_RCC_GetSysClockFreq
 .text.HAL_RCC_ClockConfig
                0x00000000080017ac      0x250 ./system/Src/stm32f4-hal/stm32f4xx_hal_rcc.o
                0x00000000080017ac                HAL_RCC_ClockConfig
 .text.HAL_RCC_GetHCLKFreq
                0x00000000080019fc        0xc ./system/Src/stm32f4-hal/stm32f4xx_hal_rcc.o
                0x00000000080019fc                HAL_RCC_GetHCLKFreq
 .text.HAL_RCC_GetPCLK1Freq
                0x0000000008001a08       0x2c ./system/Src/stm32f4-hal/stm32f4xx_hal_rcc.o
                0x0000000008001a08                HAL_RCC_GetPCLK1Freq
 .text.HAL_RCC_GetPCLK2Freq
                0x0000000008001a34       0x2c ./system/Src/stm32f4-hal/stm32f4xx_hal_rcc.o
                0x0000000008001a34                HAL_RCC_GetPCLK2Freq
 .text.UART_SetConfig
                0x0000000008001a60      0x3a8 ./system/Src/stm32f4-hal/stm32f4xx_hal_uart.o
 .text.UART_WaitOnFlagUntilTimeout
                0x0000000008001e08       0x64 ./system/Src/stm32f4-hal/stm32f4xx_hal_uart.o
 .text.HAL_UART_Init
                0x0000000008001e6c      0x12c ./system/Src/stm32f4-hal/stm32f4xx_hal_uart.o
                0x0000000008001e6c                HAL_UART_Init
 .text.HAL_UART_Transmit
                0x0000000008001f98       0xd6 ./system/Src/stm32f4-hal/stm32f4xx_hal_uart.o
                0x0000000008001f98                HAL_UART_Transmit
 .text._exit    0x000000000800206e        0x2 ./system/Src/newlib/_exit.o
                0x000000000800206e                _exit
 .text.abort    0x0000000008002070        0x8 ./system/Src/newlib/_exit.o
                0x0000000008002070                abort
 .text._sbrk    0x0000000008002078       0x44 ./system/Src/newlib/_sbrk.o
                0x0000000008002078                _sbrk
 .text.__initialize_args
                0x00000000080020bc       0x10 ./system/Src/newlib/_syscalls.o
                0x00000000080020bc                __initialize_args
 .text.assert_failed
                0x00000000080020cc        0x6 ./system/Src/newlib/assert.o
                0x00000000080020cc                assert_failed
 *fill*         0x00000000080020d2        0x2 
 .text.__initialize_hardware_early
                0x00000000080020d4       0x18 ./system/Src/cortexm/_initialize_hardware.o
                0x00000000080020d4                __initialize_hardware_early
 .text.SystemInit
                0x00000000080020ec       0x40 ./system/Src/cmsis/system_stm32f4xx.o
                0x00000000080020ec                SystemInit
 .text.SystemCoreClockUpdate
                0x000000000800212c       0xa0 ./system/Src/cmsis/system_stm32f4xx.o
                0x000000000800212c                SystemCoreClockUpdate
 .text.BSP_LED_Init
                0x00000000080021cc       0xbc ./system/Src/stm32469i_discovery.o
                0x00000000080021cc                BSP_LED_Init
 .text.BSP_LED_On
                0x0000000008002288       0x24 ./system/Src/stm32469i_discovery.o
                0x0000000008002288                BSP_LED_On
 .text.__initialize_hardware
                0x00000000080022ac       0x10 ./Src/_initialize_hardware.o
                0x00000000080022ac                __initialize_hardware
 .text.SystemClock_Config
                0x00000000080022bc       0x88 ./Src/config.o
                0x00000000080022bc                SystemClock_Config
 .text.Error_Handler
                0x0000000008002344        0xa ./Src/config.o
                0x0000000008002344                Error_Handler
 .text.GpioConfig
                0x000000000800234e       0x1c ./Src/config.o
                0x000000000800234e                GpioConfig
 *fill*         0x000000000800236a        0x2 
 .text.UartConfig
                0x000000000800236c       0x34 ./Src/config.o
                0x000000000800236c                UartConfig
 .text.PrintConfig
                0x00000000080023a0       0x30 ./Src/config.o
                0x00000000080023a0                PrintConfig
 .text.Print    0x00000000080023d0       0x1c ./Src/config.o
                0x00000000080023d0                Print
 .text.I2CConfig
                0x00000000080023ec       0x38 ./Src/config.o
                0x00000000080023ec                I2CConfig
 .text.BMP_SensorInit
                0x0000000008002424      0x1c8 ./Src/config.o
                0x0000000008002424                BMP_SensorInit
 .text.BMP_GetTemp
                0x00000000080025ec       0xac ./Src/config.o
                0x00000000080025ec                BMP_GetTemp
 .text.main     0x0000000008002698       0x48 ./Src/main.o
                0x0000000008002698                main
 .text.HAL_UART_MspInit
                0x00000000080026e0       0x80 ./Src/stm32f4xx_hal_msp.o
                0x00000000080026e0                HAL_UART_MspInit
 .text.HAL_I2C_MspInit
                0x0000000008002760       0x80 ./Src/stm32f4xx_hal_msp.o
                0x0000000008002760                HAL_I2C_MspInit
 .text.NMI_Handler
                0x00000000080027e0        0x2 ./Src/stm32f4xx_it.o
                0x00000000080027e0                NMI_Handler
 .text.HardFault_Handler
                0x00000000080027e2        0x2 ./Src/stm32f4xx_it.o
                0x00000000080027e2                HardFault_Handler
 .text.MemManage_Handler
                0x00000000080027e4        0x2 ./Src/stm32f4xx_it.o
                0x00000000080027e4                MemManage_Handler
 .text.BusFault_Handler
                0x00000000080027e6        0x2 ./Src/stm32f4xx_it.o
                0x00000000080027e6                BusFault_Handler
 .text.UsageFault_Handler
                0x00000000080027e8        0x2 ./Src/stm32f4xx_it.o
                0x00000000080027e8                UsageFault_Handler
 .text.SVC_Handler
                0x00000000080027ea        0x2 ./Src/stm32f4xx_it.o
                0x00000000080027ea                SVC_Handler
 .text.DebugMon_Handler
                0x00000000080027ec        0x2 ./Src/stm32f4xx_it.o
                0x00000000080027ec                DebugMon_Handler
 .text.PendSV_Handler
                0x00000000080027ee        0x2 ./Src/stm32f4xx_it.o
                0x00000000080027ee                PendSV_Handler
 .text.SysTick_Handler
                0x00000000080027f0        0x8 ./Src/stm32f4xx_it.o
                0x00000000080027f0                SysTick_Handler
 .text.DMA1_Stream5_IRQHandler
                0x00000000080027f8        0x2 ./Src/stm32f4xx_it.o
                0x00000000080027f8                DMA1_Stream5_IRQHandler
 .text.DMA1_Stream6_IRQHandler
                0x00000000080027fa        0x2 ./Src/stm32f4xx_it.o
                0x00000000080027fa                DMA1_Stream6_IRQHandler
 .text.pow      0x00000000080027fc      0x2fc /home/bsaleh/gcc-arm/bin/../lib/gcc/arm-none-eabi/6.2.1/../../../../arm-none-eabi/lib/thumb/v7e-m/libm.a(lib_a-w_pow.o)
                0x00000000080027fc                pow
 .text.__ieee754_pow
                0x0000000008002af8      0xa8c /home/bsaleh/gcc-arm/bin/../lib/gcc/arm-none-eabi/6.2.1/../../../../arm-none-eabi/lib/thumb/v7e-m/libm.a(lib_a-e_pow.o)
                0x0000000008002af8                __ieee754_pow
 .text.__ieee754_sqrt
                0x0000000008003584      0x178 /home/bsaleh/gcc-arm/bin/../lib/gcc/arm-none-eabi/6.2.1/../../../../arm-none-eabi/lib/thumb/v7e-m/libm.a(lib_a-e_sqrt.o)
                0x0000000008003584                __ieee754_sqrt
 .text.fabs     0x00000000080036fc        0x8 /home/bsaleh/gcc-arm/bin/../lib/gcc/arm-none-eabi/6.2.1/../../../../arm-none-eabi/lib/thumb/v7e-m/libm.a(lib_a-s_fabs.o)
                0x00000000080036fc                fabs
 .text.finite   0x0000000008003704        0xc /home/bsaleh/gcc-arm/bin/../lib/gcc/arm-none-eabi/6.2.1/../../../../arm-none-eabi/lib/thumb/v7e-m/libm.a(lib_a-s_finite.o)
                0x0000000008003704                finite
 .text.matherr  0x0000000008003710        0x4 /home/bsaleh/gcc-arm/bin/../lib/gcc/arm-none-eabi/6.2.1/../../../../arm-none-eabi/lib/thumb/v7e-m/libm.a(lib_a-s_matherr.o)
                0x0000000008003710                matherr
 .text.nan      0x0000000008003714        0xc /home/bsaleh/gcc-arm/bin/../lib/gcc/arm-none-eabi/6.2.1/../../../../arm-none-eabi/lib/thumb/v7e-m/libm.a(lib_a-s_nan.o)
                0x0000000008003714                nan
 .text.rint     0x0000000008003720      0x114 /home/bsaleh/gcc-arm/bin/../lib/gcc/arm-none-eabi/6.2.1/../../../../arm-none-eabi/lib/thumb/v7e-m/libm.a(lib_a-s_rint.o)
                0x0000000008003720                rint
 *fill*         0x0000000008003834        0x4 
 .text.scalbn   0x0000000008003838       0xfc /home/bsaleh/gcc-arm/bin/../lib/gcc/arm-none-eabi/6.2.1/../../../../arm-none-eabi/lib/thumb/v7e-m/libm.a(lib_a-s_scalbn.o)
                0x0000000008003838                scalbn
 .text.copysign
                0x0000000008003934       0x10 /home/bsaleh/gcc-arm/bin/../lib/gcc/arm-none-eabi/6.2.1/../../../../arm-none-eabi/lib/thumb/v7e-m/libm.a(lib_a-s_copysign.o)
                0x0000000008003934                copysign
 .text          0x0000000008003944      0x370 /home/bsaleh/gcc-arm/bin/../lib/gcc/arm-none-eabi/6.2.1/thumb/v7e-m/libgcc.a(_arm_addsubdf3.o)
                0x0000000008003944                __aeabi_drsub
                0x000000000800394c                __aeabi_dsub
                0x000000000800394c                __subdf3
                0x0000000008003950                __adddf3
                0x0000000008003950                __aeabi_dadd
                0x0000000008003bc8                __aeabi_ui2d
                0x0000000008003bc8                __floatunsidf
                0x0000000008003be8                __floatsidf
                0x0000000008003be8                __aeabi_i2d
                0x0000000008003c0c                __extendsfdf2
                0x0000000008003c0c                __aeabi_f2d
                0x0000000008003c48                __aeabi_ul2d
                0x0000000008003c48                __floatundidf
                0x0000000008003c58                __floatdidf
                0x0000000008003c58                __aeabi_l2d
 .text          0x0000000008003cb4      0x424 /home/bsaleh/gcc-arm/bin/../lib/gcc/arm-none-eabi/6.2.1/thumb/v7e-m/libgcc.a(_arm_muldivdf3.o)
                0x0000000008003cb4                __aeabi_dmul
                0x0000000008003cb4                __muldf3
                0x0000000008003f08                __aeabi_ddiv
                0x0000000008003f08                __divdf3
 .text          0x00000000080040d8      0x110 /home/bsaleh/gcc-arm/bin/../lib/gcc/arm-none-eabi/6.2.1/thumb/v7e-m/libgcc.a(_arm_cmpdf2.o)
                0x00000000080040d8                __gtdf2
                0x00000000080040d8                __gedf2
                0x00000000080040e0                __ltdf2
                0x00000000080040e0                __ledf2
                0x00000000080040e8                __cmpdf2
                0x00000000080040e8                __eqdf2
                0x00000000080040e8                __nedf2
                0x0000000008004164                __aeabi_cdrcmple
                0x0000000008004174                __aeabi_cdcmple
                0x0000000008004174                __aeabi_cdcmpeq
                0x0000000008004184                __aeabi_dcmpeq
                0x0000000008004198                __aeabi_dcmplt
                0x00000000080041ac                __aeabi_dcmple
                0x00000000080041c0                __aeabi_dcmpge
                0x00000000080041d4                __aeabi_dcmpgt
 .text          0x00000000080041e8       0x2c /home/bsaleh/gcc-arm/bin/../lib/gcc/arm-none-eabi/6.2.1/thumb/v7e-m/libgcc.a(_arm_unorddf2.o)
                0x00000000080041e8                __aeabi_dcmpun
                0x00000000080041e8                __unorddf2
 .text.__errno  0x0000000008004214        0xc /home/bsaleh/gcc-arm/bin/../lib/gcc/arm-none-eabi/6.2.1/../../../../arm-none-eabi/lib/thumb/v7e-m/libg_nano.a(lib_a-errno.o)
                0x0000000008004214                __errno
 .text.__cvt    0x0000000008004220       0xb8 /home/bsaleh/gcc-arm/bin/../lib/gcc/arm-none-eabi/6.2.1/../../../../arm-none-eabi/lib/thumb/v7e-m/libg_nano.a(lib_a-nano-vfprintf_float.o)
                0x0000000008004220                __cvt
 .text.__exponent
                0x00000000080042d8       0x6a /home/bsaleh/gcc-arm/bin/../lib/gcc/arm-none-eabi/6.2.1/../../../../arm-none-eabi/lib/thumb/v7e-m/libg_nano.a(lib_a-nano-vfprintf_float.o)
                0x00000000080042d8                __exponent
 *fill*         0x0000000008004342        0x2 
 .text._printf_float
                0x0000000008004344      0x470 /home/bsaleh/gcc-arm/bin/../lib/gcc/arm-none-eabi/6.2.1/../../../../arm-none-eabi/lib/thumb/v7e-m/libg_nano.a(lib_a-nano-vfprintf_float.o)
                0x0000000008004344                _printf_float
 .text._printf_common
                0x00000000080047b4       0xec /home/bsaleh/gcc-arm/bin/../lib/gcc/arm-none-eabi/6.2.1/../../../../arm-none-eabi/lib/thumb/v7e-m/libg_nano.a(lib_a-nano-vfprintf_i.o)
                0x00000000080047b4                _printf_common
 .text._printf_i
                0x00000000080048a0      0x240 /home/bsaleh/gcc-arm/bin/../lib/gcc/arm-none-eabi/6.2.1/../../../../arm-none-eabi/lib/thumb/v7e-m/libg_nano.a(lib_a-nano-vfprintf_i.o)
                0x00000000080048a0                _printf_i
 .text          0x0000000008004ae0       0x10 /home/bsaleh/gcc-arm/bin/../lib/gcc/arm-none-eabi/6.2.1/../../../../arm-none-eabi/lib/thumb/v7e-m/libg_nano.a(lib_a-strlen.o)
                0x0000000008004ae0                strlen
 .text._vsnprintf_r
                0x0000000008004af0       0x58 /home/bsaleh/gcc-arm/bin/../lib/gcc/arm-none-eabi/6.2.1/../../../../arm-none-eabi/lib/thumb/v7e-m/libg_nano.a(lib_a-vsnprintf.o)
                0x0000000008004af0                _vsnprintf_r
                0x0000000008004af0                _vsniprintf_r
 .text.vsnprintf
                0x0000000008004b48       0x1c /home/bsaleh/gcc-arm/bin/../lib/gcc/arm-none-eabi/6.2.1/../../../../arm-none-eabi/lib/thumb/v7e-m/libg_nano.a(lib_a-vsnprintf.o)
                0x0000000008004b48                vsnprintf
                0x0000000008004b48                vsniprintf
 .text.quorem   0x0000000008004b64      0x118 /home/bsaleh/gcc-arm/bin/../lib/gcc/arm-none-eabi/6.2.1/../../../../arm-none-eabi/lib/thumb/v7e-m/libg_nano.a(lib_a-dtoa.o)
 *fill*         0x0000000008004c7c        0x4 
 .text._dtoa_r  0x0000000008004c80      0xba4 /home/bsaleh/gcc-arm/bin/../lib/gcc/arm-none-eabi/6.2.1/../../../../arm-none-eabi/lib/thumb/v7e-m/libg_nano.a(lib_a-dtoa.o)
                0x0000000008004c80                _dtoa_r
 .text._localeconv_r
                0x0000000008005824       0x1c /home/bsaleh/gcc-arm/bin/../lib/gcc/arm-none-eabi/6.2.1/../../../../arm-none-eabi/lib/thumb/v7e-m/libg_nano.a(lib_a-localeconv.o)
                0x0000000008005824                _localeconv_r
 .text.malloc   0x0000000008005840       0x10 /home/bsaleh/gcc-arm/bin/../lib/gcc/arm-none-eabi/6.2.1/../../../../arm-none-eabi/lib/thumb/v7e-m/libg_nano.a(lib_a-malloc.o)
                0x0000000008005840                malloc
 .text          0x0000000008005850       0xa0 /home/bsaleh/gcc-arm/bin/../lib/gcc/arm-none-eabi/6.2.1/../../../../arm-none-eabi/lib/thumb/v7e-m/libg_nano.a(lib_a-memchr.o)
                0x0000000008005850                memchr
 .text.memcpy   0x00000000080058f0       0x16 /home/bsaleh/gcc-arm/bin/../lib/gcc/arm-none-eabi/6.2.1/../../../../arm-none-eabi/lib/thumb/v7e-m/libg_nano.a(lib_a-memcpy-stub.o)
                0x00000000080058f0                memcpy
 .text._Balloc  0x0000000008005906       0x68 /home/bsaleh/gcc-arm/bin/../lib/gcc/arm-none-eabi/6.2.1/../../../../arm-none-eabi/lib/thumb/v7e-m/libg_nano.a(lib_a-mprec.o)
                0x0000000008005906                _Balloc
 .text._Bfree   0x000000000800596e       0x2e /home/bsaleh/gcc-arm/bin/../lib/gcc/arm-none-eabi/6.2.1/../../../../arm-none-eabi/lib/thumb/v7e-m/libg_nano.a(lib_a-mprec.o)
                0x000000000800596e                _Bfree
 .text.__multadd
                0x000000000800599c       0x76 /home/bsaleh/gcc-arm/bin/../lib/gcc/arm-none-eabi/6.2.1/../../../../arm-none-eabi/lib/thumb/v7e-m/libg_nano.a(lib_a-mprec.o)
                0x000000000800599c                __multadd
 .text.__hi0bits
                0x0000000008005a12       0x3e /home/bsaleh/gcc-arm/bin/../lib/gcc/arm-none-eabi/6.2.1/../../../../arm-none-eabi/lib/thumb/v7e-m/libg_nano.a(lib_a-mprec.o)
                0x0000000008005a12                __hi0bits
 .text.__lo0bits
                0x0000000008005a50       0x5e /home/bsaleh/gcc-arm/bin/../lib/gcc/arm-none-eabi/6.2.1/../../../../arm-none-eabi/lib/thumb/v7e-m/libg_nano.a(lib_a-mprec.o)
                0x0000000008005a50                __lo0bits
 .text.__i2b    0x0000000008005aae       0x12 /home/bsaleh/gcc-arm/bin/../lib/gcc/arm-none-eabi/6.2.1/../../../../arm-none-eabi/lib/thumb/v7e-m/libg_nano.a(lib_a-mprec.o)
                0x0000000008005aae                __i2b
 .text.__multiply
                0x0000000008005ac0      0x11a /home/bsaleh/gcc-arm/bin/../lib/gcc/arm-none-eabi/6.2.1/../../../../arm-none-eabi/lib/thumb/v7e-m/libg_nano.a(lib_a-mprec.o)
                0x0000000008005ac0                __multiply
 *fill*         0x0000000008005bda        0x2 
 .text.__pow5mult
                0x0000000008005bdc       0x9c /home/bsaleh/gcc-arm/bin/../lib/gcc/arm-none-eabi/6.2.1/../../../../arm-none-eabi/lib/thumb/v7e-m/libg_nano.a(lib_a-mprec.o)
                0x0000000008005bdc                __pow5mult
 .text.__lshift
                0x0000000008005c78       0xa2 /home/bsaleh/gcc-arm/bin/../lib/gcc/arm-none-eabi/6.2.1/../../../../arm-none-eabi/lib/thumb/v7e-m/libg_nano.a(lib_a-mprec.o)
                0x0000000008005c78                __lshift
 .text.__mcmp   0x0000000008005d1a       0x34 /home/bsaleh/gcc-arm/bin/../lib/gcc/arm-none-eabi/6.2.1/../../../../arm-none-eabi/lib/thumb/v7e-m/libg_nano.a(lib_a-mprec.o)
                0x0000000008005d1a                __mcmp
 .text.__mdiff  0x0000000008005d4e       0xbc /home/bsaleh/gcc-arm/bin/../lib/gcc/arm-none-eabi/6.2.1/../../../../arm-none-eabi/lib/thumb/v7e-m/libg_nano.a(lib_a-mprec.o)
                0x0000000008005d4e                __mdiff
 .text.__d2b    0x0000000008005e0a       0x9e /home/bsaleh/gcc-arm/bin/../lib/gcc/arm-none-eabi/6.2.1/../../../../arm-none-eabi/lib/thumb/v7e-m/libg_nano.a(lib_a-mprec.o)
                0x0000000008005e0a                __d2b
 .text._calloc_r
                0x0000000008005ea8       0x1c /home/bsaleh/gcc-arm/bin/../lib/gcc/arm-none-eabi/6.2.1/../../../../arm-none-eabi/lib/thumb/v7e-m/libg_nano.a(lib_a-nano-callocr.o)
                0x0000000008005ea8                _calloc_r
 .text._free_r  0x0000000008005ec4       0x9c /home/bsaleh/gcc-arm/bin/../lib/gcc/arm-none-eabi/6.2.1/../../../../arm-none-eabi/lib/thumb/v7e-m/libg_nano.a(lib_a-nano-freer.o)
                0x0000000008005ec4                _free_r
 .text._malloc_r
                0x0000000008005f60       0xbc /home/bsaleh/gcc-arm/bin/../lib/gcc/arm-none-eabi/6.2.1/../../../../arm-none-eabi/lib/thumb/v7e-m/libg_nano.a(lib_a-nano-mallocr.o)
                0x0000000008005f60                _malloc_r
 .text.__ssputs_r
                0x000000000800601c       0xb6 /home/bsaleh/gcc-arm/bin/../lib/gcc/arm-none-eabi/6.2.1/../../../../arm-none-eabi/lib/thumb/v7e-m/libg_nano.a(lib_a-nano-svfprintf.o)
                0x000000000800601c                __ssputs_r
 *fill*         0x00000000080060d2        0x2 
 .text._svfprintf_r
                0x00000000080060d4      0x1e8 /home/bsaleh/gcc-arm/bin/../lib/gcc/arm-none-eabi/6.2.1/../../../../arm-none-eabi/lib/thumb/v7e-m/libg_nano.a(lib_a-nano-svfprintf.o)
                0x00000000080060d4                _svfprintf_r
                0x00000000080060d4                _svfiprintf_r
 .text._sbrk_r  0x00000000080062bc       0x20 /home/bsaleh/gcc-arm/bin/../lib/gcc/arm-none-eabi/6.2.1/../../../../arm-none-eabi/lib/thumb/v7e-m/libg_nano.a(lib_a-sbrkr.o)
                0x00000000080062bc                _sbrk_r
 .text.__ascii_mbtowc
                0x00000000080062dc       0x24 /home/bsaleh/gcc-arm/bin/../lib/gcc/arm-none-eabi/6.2.1/../../../../arm-none-eabi/lib/thumb/v7e-m/libg_nano.a(lib_a-mbtowc_r.o)
                0x00000000080062dc                __ascii_mbtowc
 .text.memmove  0x0000000008006300       0x34 /home/bsaleh/gcc-arm/bin/../lib/gcc/arm-none-eabi/6.2.1/../../../../arm-none-eabi/lib/thumb/v7e-m/libg_nano.a(lib_a-memmove.o)
                0x0000000008006300                memmove
 .text.memset   0x0000000008006334       0x10 /home/bsaleh/gcc-arm/bin/../lib/gcc/arm-none-eabi/6.2.1/../../../../arm-none-eabi/lib/thumb/v7e-m/libg_nano.a(lib_a-memset.o)
                0x0000000008006334                memset
 .text.__malloc_lock
                0x0000000008006344        0x2 /home/bsaleh/gcc-arm/bin/../lib/gcc/arm-none-eabi/6.2.1/../../../../arm-none-eabi/lib/thumb/v7e-m/libg_nano.a(lib_a-mlock.o)
                0x0000000008006344                __malloc_lock
 .text.__malloc_unlock
                0x0000000008006346        0x2 /home/bsaleh/gcc-arm/bin/../lib/gcc/arm-none-eabi/6.2.1/../../../../arm-none-eabi/lib/thumb/v7e-m/libg_nano.a(lib_a-mlock.o)
                0x0000000008006346                __malloc_unlock
 .text._realloc_r
                0x0000000008006348       0x4c /home/bsaleh/gcc-arm/bin/../lib/gcc/arm-none-eabi/6.2.1/../../../../arm-none-eabi/lib/thumb/v7e-m/libg_nano.a(lib_a-nano-reallocr.o)
                0x0000000008006348                _realloc_r
 .text.__ascii_wctomb
                0x0000000008006394       0x1a /home/bsaleh/gcc-arm/bin/../lib/gcc/arm-none-eabi/6.2.1/../../../../arm-none-eabi/lib/thumb/v7e-m/libg_nano.a(lib_a-wctomb_r.o)
                0x0000000008006394                __ascii_wctomb
 .text._malloc_usable_size_r
                0x00000000080063ae       0x12 /home/bsaleh/gcc-arm/bin/../lib/gcc/arm-none-eabi/6.2.1/../../../../arm-none-eabi/lib/thumb/v7e-m/libg_nano.a(lib_a-nano-msizer.o)
                0x00000000080063ae                _malloc_usable_size_r
 .text          0x00000000080063c0       0x50 /home/bsaleh/gcc-arm/bin/../lib/gcc/arm-none-eabi/6.2.1/thumb/v7e-m/libgcc.a(_arm_fixdfsi.o)
                0x00000000080063c0                __fixdfsi
                0x00000000080063c0                __aeabi_d2iz
 *(.rodata .rodata.* .constdata .constdata.*)
 .rodata.HAL_NVIC_SetPriorityGrouping.str1.4
                0x0000000008006410       0x31 ./system/Src/stm32f4-hal/stm32f4xx_hal_cortex.o
 *fill*         0x0000000008006441        0x3 
 .rodata.HAL_GPIO_Init.str1.4
                0x0000000008006444       0x2f ./system/Src/stm32f4-hal/stm32f4xx_hal_gpio.o
 *fill*         0x0000000008006473        0x1 
 .rodata.HAL_I2C_Init.str1.4
                0x0000000008006474       0x2e ./system/Src/stm32f4-hal/stm32f4xx_hal_i2c.o
 *fill*         0x00000000080064a2        0x2 
 .rodata.APBAHBPrescTable
                0x00000000080064a4       0x10 ./system/Src/stm32f4-hal/stm32f4xx_hal_rcc.o
                0x00000000080064a4                APBAHBPrescTable
 .rodata.HAL_RCC_OscConfig.str1.4
                0x00000000080064b4       0x2e ./system/Src/stm32f4-hal/stm32f4xx_hal_rcc.o
 *fill*         0x00000000080064e2        0x2 
 .rodata.UART_SetConfig.str1.4
                0x00000000080064e4       0x2f ./system/Src/stm32f4-hal/stm32f4xx_hal_uart.o
 *fill*         0x0000000008006513        0x1 
 .rodata.AHBPrescTable
                0x0000000008006514       0x10 ./system/Src/cmsis/system_stm32f4xx.o
                0x0000000008006514                AHBPrescTable
 .rodata.main.str1.4
                0x0000000008006524        0xf ./Src/main.o
 *fill*         0x0000000008006533        0x1 
 .rodata.pow.str1.4
                0x0000000008006534        0x4 /home/bsaleh/gcc-arm/bin/../lib/gcc/arm-none-eabi/6.2.1/../../../../arm-none-eabi/lib/thumb/v7e-m/libm.a(lib_a-w_pow.o)
 .rodata.__ieee754_pow.str1.4
                0x0000000008006538        0x4 /home/bsaleh/gcc-arm/bin/../lib/gcc/arm-none-eabi/6.2.1/../../../../arm-none-eabi/lib/thumb/v7e-m/libm.a(lib_a-e_pow.o)
                                          0x1 (size before relaxing)
 .rodata.TWO52  0x0000000008006538       0x10 /home/bsaleh/gcc-arm/bin/../lib/gcc/arm-none-eabi/6.2.1/../../../../arm-none-eabi/lib/thumb/v7e-m/libm.a(lib_a-s_rint.o)
 .rodata._printf_float.str1.1
                0x0000000008006548       0x12 /home/bsaleh/gcc-arm/bin/../lib/gcc/arm-none-eabi/6.2.1/../../../../arm-none-eabi/lib/thumb/v7e-m/libg_nano.a(lib_a-nano-vfprintf_float.o)
 .rodata._printf_i.str1.1
                0x000000000800655a       0x22 /home/bsaleh/gcc-arm/bin/../lib/gcc/arm-none-eabi/6.2.1/../../../../arm-none-eabi/lib/thumb/v7e-m/libg_nano.a(lib_a-nano-vfprintf_i.o)
 .rodata._dtoa_r.str1.1
                0x000000000800657c        0xd /home/bsaleh/gcc-arm/bin/../lib/gcc/arm-none-eabi/6.2.1/../../../../arm-none-eabi/lib/thumb/v7e-m/libg_nano.a(lib_a-dtoa.o)
                                          0xf (size before relaxing)
 *fill*         0x0000000008006589        0x7 
 .rodata.__mprec_bigtens
                0x0000000008006590       0x28 /home/bsaleh/gcc-arm/bin/../lib/gcc/arm-none-eabi/6.2.1/../../../../arm-none-eabi/lib/thumb/v7e-m/libg_nano.a(lib_a-mprec.o)
                0x0000000008006590                __mprec_bigtens
 .rodata.__mprec_tens
                0x00000000080065b8       0xc8 /home/bsaleh/gcc-arm/bin/../lib/gcc/arm-none-eabi/6.2.1/../../../../arm-none-eabi/lib/thumb/v7e-m/libg_nano.a(lib_a-mprec.o)
                0x00000000080065b8                __mprec_tens
 .rodata.p05.6052
                0x0000000008006680        0xc /home/bsaleh/gcc-arm/bin/../lib/gcc/arm-none-eabi/6.2.1/../../../../arm-none-eabi/lib/thumb/v7e-m/libg_nano.a(lib_a-mprec.o)
 .rodata._svfprintf_r.str1.1
                0x000000000800668c       0x11 /home/bsaleh/gcc-arm/bin/../lib/gcc/arm-none-eabi/6.2.1/../../../../arm-none-eabi/lib/thumb/v7e-m/libg_nano.a(lib_a-nano-svfprintf.o)
 .rodata._setlocale_r.str1.1
                0x000000000800669d        0x8 /home/bsaleh/gcc-arm/bin/../lib/gcc/arm-none-eabi/6.2.1/../../../../arm-none-eabi/lib/thumb/v7e-m/libg_nano.a(lib_a-locale.o)
                                          0x9 (size before relaxing)
 .rodata.str1.1
                0x00000000080066a5        0x2 /home/bsaleh/gcc-arm/bin/../lib/gcc/arm-none-eabi/6.2.1/../../../../arm-none-eabi/lib/thumb/v7e-m/libg_nano.a(lib_a-locale.o)
 .rodata._ctype_
                0x00000000080066a7      0x101 /home/bsaleh/gcc-arm/bin/../lib/gcc/arm-none-eabi/6.2.1/../../../../arm-none-eabi/lib/thumb/v7e-m/libg_nano.a(lib_a-ctype_.o)
                0x00000000080066a7                _ctype_
 *(vtable)
 *(.eh_frame*)
 *(.glue_7)
 .glue_7        0x00000000080067a8        0x0 linker stubs
 *(.glue_7t)
 .glue_7t       0x00000000080067a8        0x0 linker stubs

.vfp11_veneer   0x00000000080067a8        0x0
 .vfp11_veneer  0x00000000080067a8        0x0 linker stubs

.v4_bx          0x00000000080067a8        0x0
 .v4_bx         0x00000000080067a8        0x0 linker stubs

.iplt           0x00000000080067a8        0x0
 .iplt          0x00000000080067a8        0x0 ./system/Src/stm32f4-hal/stm32f4xx_hal.o

.rel.dyn        0x00000000080067a8        0x0
 .rel.iplt      0x00000000080067a8        0x0 ./system/Src/stm32f4-hal/stm32f4xx_hal.o

.ARM.extab
 *(.ARM.extab* .gnu.linkonce.armextab.*)
                0x00000000080067a8                . = ALIGN (0x4)
                0x00000000080067a8                __exidx_start = .

.ARM.exidx
 *(.ARM.exidx* .gnu.linkonce.armexidx.*)
                0x00000000080067a8                __exidx_end = .
                0x00000000080067a8                . = ALIGN (0x4)
                0x00000000080067a8                _etext = .
                0x00000000080067a8                __etext = .

.data_CCMRAM    0x0000000010000000        0x0 load address 0x00000000080067a8
 FILL mask 0xff
 *(.data.CCMRAM .data.CCMRAM.*)
                0x0000000010000000                . = ALIGN (0x4)
                0x00000000080067a8                _sidata = LOADADDR (.data)

.data           0x0000000020000000      0x208 load address 0x00000000080067a8
 FILL mask 0xff
                0x0000000020000000                _sdata = .
                0x0000000020000000                __data_start__ = .
 *(.data_begin .data_begin.*)
 .data_begin    0x0000000020000000        0x4 ./system/Src/newlib/_startup.o
 *(.data .data.*)
 .data.argv.4243
                0x0000000020000004        0x8 ./system/Src/newlib/_syscalls.o
 .data.SystemCoreClock
                0x000000002000000c        0x4 ./system/Src/cmsis/system_stm32f4xx.o
                0x000000002000000c                SystemCoreClock
 .data.GPIO_PIN
                0x0000000020000010       0x10 ./system/Src/stm32469i_discovery.o
                0x0000000020000010                GPIO_PIN
 .data.GPIO_PORT
                0x0000000020000020       0x10 ./system/Src/stm32469i_discovery.o
                0x0000000020000020                GPIO_PORT
 .data.__fdlib_version
                0x0000000020000030        0x1 /home/bsaleh/gcc-arm/bin/../lib/gcc/arm-none-eabi/6.2.1/../../../../arm-none-eabi/lib/thumb/v7e-m/libm.a(lib_a-s_lib_ver.o)
                0x0000000020000030                __fdlib_version
 *fill*         0x0000000020000031        0x3 ff
 .data._impure_ptr
                0x0000000020000034        0x4 /home/bsaleh/gcc-arm/bin/../lib/gcc/arm-none-eabi/6.2.1/../../../../arm-none-eabi/lib/thumb/v7e-m/libg_nano.a(lib_a-impure.o)
                0x0000000020000034                _impure_ptr
 .data.impure_data
                0x0000000020000038       0x60 /home/bsaleh/gcc-arm/bin/../lib/gcc/arm-none-eabi/6.2.1/../../../../arm-none-eabi/lib/thumb/v7e-m/libg_nano.a(lib_a-impure.o)
 .data.__global_locale
                0x0000000020000098      0x16c /home/bsaleh/gcc-arm/bin/../lib/gcc/arm-none-eabi/6.2.1/../../../../arm-none-eabi/lib/thumb/v7e-m/libg_nano.a(lib_a-locale.o)
                0x0000000020000098                __global_locale
 *(.data_end .data_end.*)
 .data_end      0x0000000020000204        0x4 ./system/Src/newlib/_startup.o
                0x0000000020000208                . = ALIGN (0x4)
                0x0000000020000208                _edata = .
                0x0000000020000208                __data_end__ = .

.igot.plt       0x0000000020000208        0x0 load address 0x00000000080069b0
 .igot.plt      0x0000000020000208        0x0 ./system/Src/stm32f4-hal/stm32f4xx_hal.o

.bss_CCMRAM     0x0000000010000000        0x0
 *(.bss.CCMRAM .bss.CCMRAM.*)

.bss            0x0000000020000208      0x104
                0x0000000020000208                __bss_start__ = .
                0x0000000020000208                _sbss = .
 *(.bss_begin .bss_begin.*)
 .bss_begin     0x0000000020000208        0x4 ./system/Src/newlib/_startup.o
 *(.bss .bss.*)
 .bss.current_heap_end.3927
                0x000000002000020c        0x4 ./system/Src/newlib/_sbrk.o
 .bss.name.4242
                0x0000000020000210        0x1 ./system/Src/newlib/_syscalls.o
 *fill*         0x0000000020000211        0x3 
 .bss.__malloc_free_list
                0x0000000020000214        0x4 /home/bsaleh/gcc-arm/bin/../lib/gcc/arm-none-eabi/6.2.1/../../../../arm-none-eabi/lib/thumb/v7e-m/libg_nano.a(lib_a-nano-mallocr.o)
                0x0000000020000214                __malloc_free_list
 .bss.__malloc_sbrk_start
                0x0000000020000218        0x4 /home/bsaleh/gcc-arm/bin/../lib/gcc/arm-none-eabi/6.2.1/../../../../arm-none-eabi/lib/thumb/v7e-m/libg_nano.a(lib_a-nano-mallocr.o)
                0x0000000020000218                __malloc_sbrk_start
 *(COMMON)
 COMMON         0x000000002000021c        0x4 ./system/Src/stm32f4-hal/stm32f4xx_hal.o
                0x000000002000021c                uwTick
 COMMON         0x0000000020000220        0x4 ./system/Src/newlib/_syscalls.o
                0x0000000020000220                errno
 *fill*         0x0000000020000224        0x4 
 COMMON         0x0000000020000228       0xd8 ./Src/config.o
                0x0000000020000228                MD
                0x000000002000022a                AC1
                0x000000002000022c                AC6
                0x000000002000022e                UT
                0x0000000020000230                AC5
                0x0000000020000238                AC5_
                0x0000000020000240                MD_
                0x0000000020000248                AC4
                0x000000002000024a                MB
                0x000000002000024c                AC2
                0x000000002000024e                AC3
                0x0000000020000250                B2
                0x0000000020000254                RxBuffer
                0x0000000020000258                TxBuffer
                0x000000002000025c                I2CHandle1
                0x00000000200002b0                UartHandle1
                0x00000000200002f0                B1
                0x00000000200002f2                MC
                0x00000000200002f8                MC_
 COMMON         0x0000000020000300        0x8 ./Src/main.o
                0x0000000020000300                Temp
 *(.bss_end .bss_end.*)
 .bss_end       0x0000000020000308        0x4 ./system/Src/newlib/_startup.o
                0x000000002000030c                . = ALIGN (0x4)
                0x000000002000030c                __bss_end__ = .
                0x000000002000030c                _ebss = .

.noinit_CCMRAM
 *(.noinit.CCMRAM .noinit.CCMRAM.*)

.noinit         0x000000002000030c        0x0
                0x000000002000030c                _noinit = .
 *(.noinit .noinit.*)
                0x000000002000030c                . = ALIGN (0x4)
                0x000000002000030c                _end_noinit = .
                [!provide]                        PROVIDE (end, _end_noinit)
                [!provide]                        PROVIDE (_end, _end_noinit)
                [!provide]                        PROVIDE (__end, _end_noinit)
                [!provide]                        PROVIDE (__end__, _end_noinit)

._check_stack   0x000000002000030c      0x100
                0x000000002000040c                . = (. + _Minimum_Stack_Size)
 *fill*         0x000000002000030c      0x100 

.b1text
 *(.b1text)
 *(.b1rodata)
 *(.b1rodata.*)

.eb0text
 *(.eb0text)
 *(.eb0rodata)
 *(.eb0rodata.*)

.eb1text
 *(.eb1text)
 *(.eb1rodata)
 *(.eb1rodata.*)

.eb2text
 *(.eb2text)
 *(.eb2rodata)
 *(.eb2rodata.*)

.eb3text
 *(.eb3text)
 *(.eb3rodata)
 *(.eb3rodata.*)

.stab
 *(.stab)

.stabstr
 *(.stabstr)

.stab.excl
 *(.stab.excl)

.stab.exclstr
 *(.stab.exclstr)

.stab.index
 *(.stab.index)

.stab.indexstr
 *(.stab.indexstr)

.comment        0x0000000000000000       0x6e
 *(.comment)
 .comment       0x0000000000000000       0x6e ./system/Src/stm32f4-hal/stm32f4xx_hal.o
                                         0x6f (size before relaxing)
 .comment       0x000000000000006e       0x6f ./system/Src/stm32f4-hal/stm32f4xx_hal_cortex.o
 .comment       0x000000000000006e       0x6f ./system/Src/stm32f4-hal/stm32f4xx_hal_gpio.o
 .comment       0x000000000000006e       0x6f ./system/Src/stm32f4-hal/stm32f4xx_hal_i2c.o
 .comment       0x000000000000006e       0x6f ./system/Src/stm32f4-hal/stm32f4xx_hal_pwr_ex.o
 .comment       0x000000000000006e       0x6f ./system/Src/stm32f4-hal/stm32f4xx_hal_rcc.o
 .comment       0x000000000000006e       0x6f ./system/Src/stm32f4-hal/stm32f4xx_hal_uart.o
 .comment       0x000000000000006e       0x6f ./system/Src/newlib/_exit.o
 .comment       0x000000000000006e       0x6f ./system/Src/newlib/_sbrk.o
 .comment       0x000000000000006e       0x6f ./system/Src/newlib/_startup.o
 .comment       0x000000000000006e       0x6f ./system/Src/newlib/_syscalls.o
 .comment       0x000000000000006e       0x6f ./system/Src/newlib/assert.o
 .comment       0x000000000000006e       0x6f ./system/Src/cortexm/_initialize_hardware.o
 .comment       0x000000000000006e       0x6f ./system/Src/cortexm/exception_handlers.o
 .comment       0x000000000000006e       0x6f ./system/Src/cmsis/system_stm32f4xx.o
 .comment       0x000000000000006e       0x6f ./system/Src/cmsis/vectors_stm32f469xx.o
 .comment       0x000000000000006e       0x6f ./system/Src/stm32469i_discovery.o
 .comment       0x000000000000006e       0x6f ./Src/_initialize_hardware.o
 .comment       0x000000000000006e       0x6f ./Src/config.o
 .comment       0x000000000000006e       0x6f ./Src/main.o
 .comment       0x000000000000006e       0x6f ./Src/stm32f4xx_hal_msp.o
 .comment       0x000000000000006e       0x6f ./Src/stm32f4xx_it.o

.ARM.attributes
                0x0000000000000000       0x31
 .ARM.attributes
                0x0000000000000000       0x33 ./system/Src/stm32f4-hal/stm32f4xx_hal.o
 .ARM.attributes
                0x0000000000000033       0x33 ./system/Src/stm32f4-hal/stm32f4xx_hal_cortex.o
 .ARM.attributes
                0x0000000000000066       0x33 ./system/Src/stm32f4-hal/stm32f4xx_hal_gpio.o
 .ARM.attributes
                0x0000000000000099       0x33 ./system/Src/stm32f4-hal/stm32f4xx_hal_i2c.o
 .ARM.attributes
                0x00000000000000cc       0x33 ./system/Src/stm32f4-hal/stm32f4xx_hal_pwr_ex.o
 .ARM.attributes
                0x00000000000000ff       0x33 ./system/Src/stm32f4-hal/stm32f4xx_hal_rcc.o
 .ARM.attributes
                0x0000000000000132       0x33 ./system/Src/stm32f4-hal/stm32f4xx_hal_uart.o
 .ARM.attributes
                0x0000000000000165       0x33 ./system/Src/newlib/_exit.o
 .ARM.attributes
                0x0000000000000198       0x33 ./system/Src/newlib/_sbrk.o
 .ARM.attributes
                0x00000000000001cb       0x33 ./system/Src/newlib/_startup.o
 .ARM.attributes
                0x00000000000001fe       0x33 ./system/Src/newlib/_syscalls.o
 .ARM.attributes
                0x0000000000000231       0x33 ./system/Src/newlib/assert.o
 .ARM.attributes
                0x0000000000000264       0x33 ./system/Src/cortexm/_initialize_hardware.o
 .ARM.attributes
                0x0000000000000297       0x33 ./system/Src/cortexm/exception_handlers.o
 .ARM.attributes
                0x00000000000002ca       0x33 ./system/Src/cmsis/system_stm32f4xx.o
 .ARM.attributes
                0x00000000000002fd       0x33 ./system/Src/cmsis/vectors_stm32f469xx.o
 .ARM.attributes
                0x0000000000000330       0x33 ./system/Src/stm32469i_discovery.o
 .ARM.attributes
                0x0000000000000363       0x33 ./Src/_initialize_hardware.o
 .ARM.attributes
                0x0000000000000396       0x33 ./Src/config.o
 .ARM.attributes
                0x00000000000003c9       0x33 ./Src/main.o
 .ARM.attributes
                0x00000000000003fc       0x33 ./Src/stm32f4xx_hal_msp.o
 .ARM.attributes
                0x000000000000042f       0x33 ./Src/stm32f4xx_it.o
 .ARM.attributes
                0x0000000000000462       0x2e /home/bsaleh/gcc-arm/bin/../lib/gcc/arm-none-eabi/6.2.1/../../../../arm-none-eabi/lib/thumb/v7e-m/libm.a(lib_a-w_pow.o)
 .ARM.attributes
                0x0000000000000490       0x2e /home/bsaleh/gcc-arm/bin/../lib/gcc/arm-none-eabi/6.2.1/../../../../arm-none-eabi/lib/thumb/v7e-m/libm.a(lib_a-e_pow.o)
 .ARM.attributes
                0x00000000000004be       0x2e /home/bsaleh/gcc-arm/bin/../lib/gcc/arm-none-eabi/6.2.1/../../../../arm-none-eabi/lib/thumb/v7e-m/libm.a(lib_a-e_sqrt.o)
 .ARM.attributes
                0x00000000000004ec       0x2e /home/bsaleh/gcc-arm/bin/../lib/gcc/arm-none-eabi/6.2.1/../../../../arm-none-eabi/lib/thumb/v7e-m/libm.a(lib_a-s_fabs.o)
 .ARM.attributes
                0x000000000000051a       0x2e /home/bsaleh/gcc-arm/bin/../lib/gcc/arm-none-eabi/6.2.1/../../../../arm-none-eabi/lib/thumb/v7e-m/libm.a(lib_a-s_finite.o)
 .ARM.attributes
                0x0000000000000548       0x2e /home/bsaleh/gcc-arm/bin/../lib/gcc/arm-none-eabi/6.2.1/../../../../arm-none-eabi/lib/thumb/v7e-m/libm.a(lib_a-s_lib_ver.o)
 .ARM.attributes
                0x0000000000000576       0x2e /home/bsaleh/gcc-arm/bin/../lib/gcc/arm-none-eabi/6.2.1/../../../../arm-none-eabi/lib/thumb/v7e-m/libm.a(lib_a-s_matherr.o)
 .ARM.attributes
                0x00000000000005a4       0x2e /home/bsaleh/gcc-arm/bin/../lib/gcc/arm-none-eabi/6.2.1/../../../../arm-none-eabi/lib/thumb/v7e-m/libm.a(lib_a-s_nan.o)
 .ARM.attributes
                0x00000000000005d2       0x2e /home/bsaleh/gcc-arm/bin/../lib/gcc/arm-none-eabi/6.2.1/../../../../arm-none-eabi/lib/thumb/v7e-m/libm.a(lib_a-s_rint.o)
 .ARM.attributes
                0x0000000000000600       0x2e /home/bsaleh/gcc-arm/bin/../lib/gcc/arm-none-eabi/6.2.1/../../../../arm-none-eabi/lib/thumb/v7e-m/libm.a(lib_a-s_scalbn.o)
 .ARM.attributes
                0x000000000000062e       0x2e /home/bsaleh/gcc-arm/bin/../lib/gcc/arm-none-eabi/6.2.1/../../../../arm-none-eabi/lib/thumb/v7e-m/libm.a(lib_a-s_copysign.o)
 .ARM.attributes
                0x000000000000065c       0x1e /home/bsaleh/gcc-arm/bin/../lib/gcc/arm-none-eabi/6.2.1/thumb/v7e-m/libgcc.a(_arm_addsubdf3.o)
 .ARM.attributes
                0x000000000000067a       0x1e /home/bsaleh/gcc-arm/bin/../lib/gcc/arm-none-eabi/6.2.1/thumb/v7e-m/libgcc.a(_arm_muldivdf3.o)
 .ARM.attributes
                0x0000000000000698       0x1e /home/bsaleh/gcc-arm/bin/../lib/gcc/arm-none-eabi/6.2.1/thumb/v7e-m/libgcc.a(_arm_cmpdf2.o)
 .ARM.attributes
                0x00000000000006b6       0x1e /home/bsaleh/gcc-arm/bin/../lib/gcc/arm-none-eabi/6.2.1/thumb/v7e-m/libgcc.a(_arm_unorddf2.o)
 .ARM.attributes
                0x00000000000006d4       0x2e /home/bsaleh/gcc-arm/bin/../lib/gcc/arm-none-eabi/6.2.1/../../../../arm-none-eabi/lib/thumb/v7e-m/libg_nano.a(lib_a-errno.o)
 .ARM.attributes
                0x0000000000000702       0x2e /home/bsaleh/gcc-arm/bin/../lib/gcc/arm-none-eabi/6.2.1/../../../../arm-none-eabi/lib/thumb/v7e-m/libg_nano.a(lib_a-impure.o)
 .ARM.attributes
                0x0000000000000730       0x2e /home/bsaleh/gcc-arm/bin/../lib/gcc/arm-none-eabi/6.2.1/../../../../arm-none-eabi/lib/thumb/v7e-m/libg_nano.a(lib_a-nano-vfprintf_float.o)
 .ARM.attributes
                0x000000000000075e       0x2e /home/bsaleh/gcc-arm/bin/../lib/gcc/arm-none-eabi/6.2.1/../../../../arm-none-eabi/lib/thumb/v7e-m/libg_nano.a(lib_a-nano-vfprintf_i.o)
 .ARM.attributes
                0x000000000000078c       0x17 /home/bsaleh/gcc-arm/bin/../lib/gcc/arm-none-eabi/6.2.1/../../../../arm-none-eabi/lib/thumb/v7e-m/libg_nano.a(lib_a-strlen.o)
 .ARM.attributes
                0x00000000000007a3       0x2e /home/bsaleh/gcc-arm/bin/../lib/gcc/arm-none-eabi/6.2.1/../../../../arm-none-eabi/lib/thumb/v7e-m/libg_nano.a(lib_a-vsnprintf.o)
 .ARM.attributes
                0x00000000000007d1       0x2e /home/bsaleh/gcc-arm/bin/../lib/gcc/arm-none-eabi/6.2.1/../../../../arm-none-eabi/lib/thumb/v7e-m/libg_nano.a(lib_a-dtoa.o)
 .ARM.attributes
                0x00000000000007ff       0x2e /home/bsaleh/gcc-arm/bin/../lib/gcc/arm-none-eabi/6.2.1/../../../../arm-none-eabi/lib/thumb/v7e-m/libg_nano.a(lib_a-localeconv.o)
 .ARM.attributes
                0x000000000000082d       0x2e /home/bsaleh/gcc-arm/bin/../lib/gcc/arm-none-eabi/6.2.1/../../../../arm-none-eabi/lib/thumb/v7e-m/libg_nano.a(lib_a-malloc.o)
 .ARM.attributes
                0x000000000000085b       0x1c /home/bsaleh/gcc-arm/bin/../lib/gcc/arm-none-eabi/6.2.1/../../../../arm-none-eabi/lib/thumb/v7e-m/libg_nano.a(lib_a-memchr.o)
 .ARM.attributes
                0x0000000000000877       0x2e /home/bsaleh/gcc-arm/bin/../lib/gcc/arm-none-eabi/6.2.1/../../../../arm-none-eabi/lib/thumb/v7e-m/libg_nano.a(lib_a-memcpy-stub.o)
 .ARM.attributes
                0x00000000000008a5       0x2e /home/bsaleh/gcc-arm/bin/../lib/gcc/arm-none-eabi/6.2.1/../../../../arm-none-eabi/lib/thumb/v7e-m/libg_nano.a(lib_a-mprec.o)
 .ARM.attributes
                0x00000000000008d3       0x2e /home/bsaleh/gcc-arm/bin/../lib/gcc/arm-none-eabi/6.2.1/../../../../arm-none-eabi/lib/thumb/v7e-m/libg_nano.a(lib_a-nano-callocr.o)
 .ARM.attributes
                0x0000000000000901       0x2e /home/bsaleh/gcc-arm/bin/../lib/gcc/arm-none-eabi/6.2.1/../../../../arm-none-eabi/lib/thumb/v7e-m/libg_nano.a(lib_a-nano-freer.o)
 .ARM.attributes
                0x000000000000092f       0x2e /home/bsaleh/gcc-arm/bin/../lib/gcc/arm-none-eabi/6.2.1/../../../../arm-none-eabi/lib/thumb/v7e-m/libg_nano.a(lib_a-nano-mallocr.o)
 .ARM.attributes
                0x000000000000095d       0x2e /home/bsaleh/gcc-arm/bin/../lib/gcc/arm-none-eabi/6.2.1/../../../../arm-none-eabi/lib/thumb/v7e-m/libg_nano.a(lib_a-nano-svfprintf.o)
 .ARM.attributes
                0x000000000000098b       0x2e /home/bsaleh/gcc-arm/bin/../lib/gcc/arm-none-eabi/6.2.1/../../../../arm-none-eabi/lib/thumb/v7e-m/libg_nano.a(lib_a-sbrkr.o)
 .ARM.attributes
                0x00000000000009b9       0x2e /home/bsaleh/gcc-arm/bin/../lib/gcc/arm-none-eabi/6.2.1/../../../../arm-none-eabi/lib/thumb/v7e-m/libg_nano.a(lib_a-locale.o)
 .ARM.attributes
                0x00000000000009e7       0x2e /home/bsaleh/gcc-arm/bin/../lib/gcc/arm-none-eabi/6.2.1/../../../../arm-none-eabi/lib/thumb/v7e-m/libg_nano.a(lib_a-mbtowc_r.o)
 .ARM.attributes
                0x0000000000000a15       0x2e /home/bsaleh/gcc-arm/bin/../lib/gcc/arm-none-eabi/6.2.1/../../../../arm-none-eabi/lib/thumb/v7e-m/libg_nano.a(lib_a-memmove.o)
 .ARM.attributes
                0x0000000000000a43       0x2e /home/bsaleh/gcc-arm/bin/../lib/gcc/arm-none-eabi/6.2.1/../../../../arm-none-eabi/lib/thumb/v7e-m/libg_nano.a(lib_a-memset.o)
 .ARM.attributes
                0x0000000000000a71       0x2e /home/bsaleh/gcc-arm/bin/../lib/gcc/arm-none-eabi/6.2.1/../../../../arm-none-eabi/lib/thumb/v7e-m/libg_nano.a(lib_a-mlock.o)
 .ARM.attributes
                0x0000000000000a9f       0x2e /home/bsaleh/gcc-arm/bin/../lib/gcc/arm-none-eabi/6.2.1/../../../../arm-none-eabi/lib/thumb/v7e-m/libg_nano.a(lib_a-nano-reallocr.o)
 .ARM.attributes
                0x0000000000000acd       0x2e /home/bsaleh/gcc-arm/bin/../lib/gcc/arm-none-eabi/6.2.1/../../../../arm-none-eabi/lib/thumb/v7e-m/libg_nano.a(lib_a-wctomb_r.o)
 .ARM.attributes
                0x0000000000000afb       0x2e /home/bsaleh/gcc-arm/bin/../lib/gcc/arm-none-eabi/6.2.1/../../../../arm-none-eabi/lib/thumb/v7e-m/libg_nano.a(lib_a-ctype_.o)
 .ARM.attributes
                0x0000000000000b29       0x2e /home/bsaleh/gcc-arm/bin/../lib/gcc/arm-none-eabi/6.2.1/../../../../arm-none-eabi/lib/thumb/v7e-m/libg_nano.a(lib_a-nano-msizer.o)
 .ARM.attributes
                0x0000000000000b57       0x1e /home/bsaleh/gcc-arm/bin/../lib/gcc/arm-none-eabi/6.2.1/thumb/v7e-m/libgcc.a(_arm_fixdfsi.o)

.debug
 *(.debug)

.line
 *(.line)

.debug_srcinfo
 *(.debug_srcinfo)

.debug_sfnames
 *(.debug_sfnames)

.debug_aranges  0x0000000000000000      0xaf0
 *(.debug_aranges)
 .debug_aranges
                0x0000000000000000       0xd0 ./system/Src/stm32f4-hal/stm32f4xx_hal.o
 .debug_aranges
                0x00000000000000d0       0x98 ./system/Src/stm32f4-hal/stm32f4xx_hal_cortex.o
 .debug_aranges
                0x0000000000000168       0x58 ./system/Src/stm32f4-hal/stm32f4xx_hal_gpio.o
 .debug_aranges
                0x00000000000001c0      0x268 ./system/Src/stm32f4-hal/stm32f4xx_hal_i2c.o
 .debug_aranges
                0x0000000000000428       0x70 ./system/Src/stm32f4-hal/stm32f4xx_hal_pwr_ex.o
 .debug_aranges
                0x0000000000000498       0x88 ./system/Src/stm32f4-hal/stm32f4xx_hal_rcc.o
 .debug_aranges
                0x0000000000000520      0x168 ./system/Src/stm32f4-hal/stm32f4xx_hal_uart.o
 .debug_aranges
                0x0000000000000688       0x28 ./system/Src/newlib/_exit.o
 .debug_aranges
                0x00000000000006b0       0x20 ./system/Src/newlib/_sbrk.o
 .debug_aranges
                0x00000000000006d0       0x40 ./system/Src/newlib/_startup.o
 .debug_aranges
                0x0000000000000710       0x30 ./system/Src/newlib/_syscalls.o
 .debug_aranges
                0x0000000000000740       0x28 ./system/Src/newlib/assert.o
 .debug_aranges
                0x0000000000000768       0x28 ./system/Src/cortexm/_initialize_hardware.o
 .debug_aranges
                0x0000000000000790       0x80 ./system/Src/cortexm/exception_handlers.o
 .debug_aranges
                0x0000000000000810       0x28 ./system/Src/cmsis/system_stm32f4xx.o
 .debug_aranges
                0x0000000000000838       0x20 ./system/Src/cmsis/vectors_stm32f469xx.o
 .debug_aranges
                0x0000000000000858      0x148 ./system/Src/stm32469i_discovery.o
 .debug_aranges
                0x00000000000009a0       0x28 ./Src/_initialize_hardware.o
 .debug_aranges
                0x00000000000009c8       0x60 ./Src/config.o
 .debug_aranges
                0x0000000000000a28       0x20 ./Src/main.o
 .debug_aranges
                0x0000000000000a48       0x38 ./Src/stm32f4xx_hal_msp.o
 .debug_aranges
                0x0000000000000a80       0x70 ./Src/stm32f4xx_it.o

.debug_pubnames
 *(.debug_pubnames)

.debug_info     0x0000000000000000    0x1924a
 *(.debug_info .gnu.linkonce.wi.*)
 .debug_info    0x0000000000000000     0x11c5 ./system/Src/stm32f4-hal/stm32f4xx_hal.o
 .debug_info    0x00000000000011c5     0x1935 ./system/Src/stm32f4-hal/stm32f4xx_hal_cortex.o
 .debug_info    0x0000000000002afa     0x10a1 ./system/Src/stm32f4-hal/stm32f4xx_hal_gpio.o
 .debug_info    0x0000000000003b9b     0x3b4a ./system/Src/stm32f4-hal/stm32f4xx_hal_i2c.o
 .debug_info    0x00000000000076e5     0x123e ./system/Src/stm32f4-hal/stm32f4xx_hal_pwr_ex.o
 .debug_info    0x0000000000008923     0x1773 ./system/Src/stm32f4-hal/stm32f4xx_hal_rcc.o
 .debug_info    0x000000000000a096     0x1e4a ./system/Src/stm32f4-hal/stm32f4xx_hal_uart.o
 .debug_info    0x000000000000bee0      0x946 ./system/Src/newlib/_exit.o
 .debug_info    0x000000000000c826      0x93e ./system/Src/newlib/_sbrk.o
 .debug_info    0x000000000000d164      0x4ca ./system/Src/newlib/_startup.o
 .debug_info    0x000000000000d62e      0xa15 ./system/Src/newlib/_syscalls.o
 .debug_info    0x000000000000e043      0x9c4 ./system/Src/newlib/assert.o
 .debug_info    0x000000000000ea07      0xada ./system/Src/cortexm/_initialize_hardware.o
 .debug_info    0x000000000000f4e1      0xafe ./system/Src/cortexm/exception_handlers.o
 .debug_info    0x000000000000ffdf      0xcea ./system/Src/cmsis/system_stm32f4xx.o
 .debug_info    0x0000000000010cc9       0xd1 ./system/Src/cmsis/vectors_stm32f469xx.o
 .debug_info    0x0000000000010d9a     0x2488 ./system/Src/stm32469i_discovery.o
 .debug_info    0x0000000000013222      0xd2d ./Src/_initialize_hardware.o
 .debug_info    0x0000000000013f4f     0x1a6f ./Src/config.o
 .debug_info    0x00000000000159be     0x11d9 ./Src/main.o
 .debug_info    0x0000000000016b97     0x1553 ./Src/stm32f4xx_hal_msp.o
 .debug_info    0x00000000000180ea     0x1160 ./Src/stm32f4xx_it.o

.debug_abbrev   0x0000000000000000     0x3778
 *(.debug_abbrev)
 .debug_abbrev  0x0000000000000000      0x329 ./system/Src/stm32f4-hal/stm32f4xx_hal.o
 .debug_abbrev  0x0000000000000329      0x3ef ./system/Src/stm32f4-hal/stm32f4xx_hal_cortex.o
 .debug_abbrev  0x0000000000000718      0x2dc ./system/Src/stm32f4-hal/stm32f4xx_hal_gpio.o
 .debug_abbrev  0x00000000000009f4      0x2f9 ./system/Src/stm32f4-hal/stm32f4xx_hal_i2c.o
 .debug_abbrev  0x0000000000000ced      0x380 ./system/Src/stm32f4-hal/stm32f4xx_hal_pwr_ex.o
 .debug_abbrev  0x000000000000106d      0x392 ./system/Src/stm32f4-hal/stm32f4xx_hal_rcc.o
 .debug_abbrev  0x00000000000013ff      0x31b ./system/Src/stm32f4-hal/stm32f4xx_hal_uart.o
 .debug_abbrev  0x000000000000171a      0x1f5 ./system/Src/newlib/_exit.o
 .debug_abbrev  0x000000000000190f      0x1fc ./system/Src/newlib/_sbrk.o
 .debug_abbrev  0x0000000000001b0b      0x1c4 ./system/Src/newlib/_startup.o
 .debug_abbrev  0x0000000000001ccf      0x234 ./system/Src/newlib/_syscalls.o
 .debug_abbrev  0x0000000000001f03      0x201 ./system/Src/newlib/assert.o
 .debug_abbrev  0x0000000000002104      0x1de ./system/Src/cortexm/_initialize_hardware.o
 .debug_abbrev  0x00000000000022e2      0x23a ./system/Src/cortexm/exception_handlers.o
 .debug_abbrev  0x000000000000251c      0x216 ./system/Src/cmsis/system_stm32f4xx.o
 .debug_abbrev  0x0000000000002732       0x9d ./system/Src/cmsis/vectors_stm32f469xx.o
 .debug_abbrev  0x00000000000027cf      0x35e ./system/Src/stm32469i_discovery.o
 .debug_abbrev  0x0000000000002b2d      0x22d ./Src/_initialize_hardware.o
 .debug_abbrev  0x0000000000002d5a      0x318 ./Src/config.o
 .debug_abbrev  0x0000000000003072      0x26a ./Src/main.o
 .debug_abbrev  0x00000000000032dc      0x263 ./Src/stm32f4xx_hal_msp.o
 .debug_abbrev  0x000000000000353f      0x239 ./Src/stm32f4xx_it.o

.debug_line     0x0000000000000000     0x99e8
 *(.debug_line)
 .debug_line    0x0000000000000000      0x706 ./system/Src/stm32f4-hal/stm32f4xx_hal.o
 .debug_line    0x0000000000000706      0x7d2 ./system/Src/stm32f4-hal/stm32f4xx_hal_cortex.o
 .debug_line    0x0000000000000ed8      0x825 ./system/Src/stm32f4-hal/stm32f4xx_hal_gpio.o
 .debug_line    0x00000000000016fd     0x1b62 ./system/Src/stm32f4-hal/stm32f4xx_hal_i2c.o
 .debug_line    0x000000000000325f      0x6ec ./system/Src/stm32f4-hal/stm32f4xx_hal_pwr_ex.o
 .debug_line    0x000000000000394b      0x953 ./system/Src/stm32f4-hal/stm32f4xx_hal_rcc.o
 .debug_line    0x000000000000429e      0xeef ./system/Src/stm32f4-hal/stm32f4xx_hal_uart.o
 .debug_line    0x000000000000518d      0x2bb ./system/Src/newlib/_exit.o
 .debug_line    0x0000000000005448      0x274 ./system/Src/newlib/_sbrk.o
 .debug_line    0x00000000000056bc      0x33c ./system/Src/newlib/_startup.o
 .debug_line    0x00000000000059f8      0x368 ./system/Src/newlib/_syscalls.o
 .debug_line    0x0000000000005d60      0x2e4 ./system/Src/newlib/assert.o
 .debug_line    0x0000000000006044      0x576 ./system/Src/cortexm/_initialize_hardware.o
 .debug_line    0x00000000000065ba      0x647 ./system/Src/cortexm/exception_handlers.o
 .debug_line    0x0000000000006c01      0x57e ./system/Src/cmsis/system_stm32f4xx.o
 .debug_line    0x000000000000717f       0xdd ./system/Src/cmsis/vectors_stm32f469xx.o
 .debug_line    0x000000000000725c      0x880 ./system/Src/stm32469i_discovery.o
 .debug_line    0x0000000000007adc      0x572 ./Src/_initialize_hardware.o
 .debug_line    0x000000000000804e      0x6cb ./Src/config.o
 .debug_line    0x0000000000008719      0x5f8 ./Src/main.o
 .debug_line    0x0000000000008d11      0x643 ./Src/stm32f4xx_hal_msp.o
 .debug_line    0x0000000000009354      0x694 ./Src/stm32f4xx_it.o

.debug_frame    0x0000000000000000     0x2844
 *(.debug_frame)
 .debug_frame   0x0000000000000000      0x1a8 ./system/Src/stm32f4-hal/stm32f4xx_hal.o
 .debug_frame   0x00000000000001a8      0x17c ./system/Src/stm32f4-hal/stm32f4xx_hal_cortex.o
 .debug_frame   0x0000000000000324       0xfc ./system/Src/stm32f4-hal/stm32f4xx_hal_gpio.o
 .debug_frame   0x0000000000000420      0x854 ./system/Src/stm32f4-hal/stm32f4xx_hal_i2c.o
 .debug_frame   0x0000000000000c74      0x118 ./system/Src/stm32f4-hal/stm32f4xx_hal_pwr_ex.o
 .debug_frame   0x0000000000000d8c      0x140 ./system/Src/stm32f4-hal/stm32f4xx_hal_rcc.o
 .debug_frame   0x0000000000000ecc      0x3e0 ./system/Src/stm32f4-hal/stm32f4xx_hal_uart.o
 .debug_frame   0x00000000000012ac       0x38 ./system/Src/newlib/_exit.o
 .debug_frame   0x00000000000012e4       0x28 ./system/Src/newlib/_sbrk.o
 .debug_frame   0x000000000000130c       0x7c ./system/Src/newlib/_startup.o
 .debug_frame   0x0000000000001388       0x50 ./system/Src/newlib/_syscalls.o
 .debug_frame   0x00000000000013d8       0x40 ./system/Src/newlib/assert.o
 .debug_frame   0x0000000000001418       0x40 ./system/Src/cortexm/_initialize_hardware.o
 .debug_frame   0x0000000000001458       0xe8 ./system/Src/cortexm/exception_handlers.o
 .debug_frame   0x0000000000001540       0x30 ./system/Src/cmsis/system_stm32f4xx.o
 .debug_frame   0x0000000000001570       0x20 ./system/Src/cmsis/vectors_stm32f469xx.o
 .debug_frame   0x0000000000001590      0x420 ./system/Src/stm32469i_discovery.o
 .debug_frame   0x00000000000019b0       0x4c ./Src/_initialize_hardware.o
 .debug_frame   0x00000000000019fc      0x138 ./Src/config.o
 .debug_frame   0x0000000000001b34       0x28 ./Src/main.o
 .debug_frame   0x0000000000001b5c       0x80 ./Src/stm32f4xx_hal_msp.o
 .debug_frame   0x0000000000001bdc       0xc8 ./Src/stm32f4xx_it.o
 .debug_frame   0x0000000000001ca4       0x48 /home/bsaleh/gcc-arm/bin/../lib/gcc/arm-none-eabi/6.2.1/../../../../arm-none-eabi/lib/thumb/v7e-m/libm.a(lib_a-w_pow.o)
 .debug_frame   0x0000000000001cec       0x64 /home/bsaleh/gcc-arm/bin/../lib/gcc/arm-none-eabi/6.2.1/../../../../arm-none-eabi/lib/thumb/v7e-m/libm.a(lib_a-e_pow.o)
 .debug_frame   0x0000000000001d50       0x34 /home/bsaleh/gcc-arm/bin/../lib/gcc/arm-none-eabi/6.2.1/../../../../arm-none-eabi/lib/thumb/v7e-m/libm.a(lib_a-e_sqrt.o)
 .debug_frame   0x0000000000001d84       0x20 /home/bsaleh/gcc-arm/bin/../lib/gcc/arm-none-eabi/6.2.1/../../../../arm-none-eabi/lib/thumb/v7e-m/libm.a(lib_a-s_fabs.o)
 .debug_frame   0x0000000000001da4       0x20 /home/bsaleh/gcc-arm/bin/../lib/gcc/arm-none-eabi/6.2.1/../../../../arm-none-eabi/lib/thumb/v7e-m/libm.a(lib_a-s_finite.o)
 .debug_frame   0x0000000000001dc4       0x20 /home/bsaleh/gcc-arm/bin/../lib/gcc/arm-none-eabi/6.2.1/../../../../arm-none-eabi/lib/thumb/v7e-m/libm.a(lib_a-s_matherr.o)
 .debug_frame   0x0000000000001de4       0x20 /home/bsaleh/gcc-arm/bin/../lib/gcc/arm-none-eabi/6.2.1/../../../../arm-none-eabi/lib/thumb/v7e-m/libm.a(lib_a-s_nan.o)
 .debug_frame   0x0000000000001e04       0x3c /home/bsaleh/gcc-arm/bin/../lib/gcc/arm-none-eabi/6.2.1/../../../../arm-none-eabi/lib/thumb/v7e-m/libm.a(lib_a-s_rint.o)
 .debug_frame   0x0000000000001e40       0x30 /home/bsaleh/gcc-arm/bin/../lib/gcc/arm-none-eabi/6.2.1/../../../../arm-none-eabi/lib/thumb/v7e-m/libm.a(lib_a-s_scalbn.o)
 .debug_frame   0x0000000000001e70       0x20 /home/bsaleh/gcc-arm/bin/../lib/gcc/arm-none-eabi/6.2.1/../../../../arm-none-eabi/lib/thumb/v7e-m/libm.a(lib_a-s_copysign.o)
 .debug_frame   0x0000000000001e90       0xac /home/bsaleh/gcc-arm/bin/../lib/gcc/arm-none-eabi/6.2.1/thumb/v7e-m/libgcc.a(_arm_addsubdf3.o)
 .debug_frame   0x0000000000001f3c       0x50 /home/bsaleh/gcc-arm/bin/../lib/gcc/arm-none-eabi/6.2.1/thumb/v7e-m/libgcc.a(_arm_muldivdf3.o)
 .debug_frame   0x0000000000001f8c       0xc4 /home/bsaleh/gcc-arm/bin/../lib/gcc/arm-none-eabi/6.2.1/thumb/v7e-m/libgcc.a(_arm_cmpdf2.o)
 .debug_frame   0x0000000000002050       0x20 /home/bsaleh/gcc-arm/bin/../lib/gcc/arm-none-eabi/6.2.1/thumb/v7e-m/libgcc.a(_arm_unorddf2.o)
 .debug_frame   0x0000000000002070       0x20 /home/bsaleh/gcc-arm/bin/../lib/gcc/arm-none-eabi/6.2.1/../../../../arm-none-eabi/lib/thumb/v7e-m/libg_nano.a(lib_a-errno.o)
 .debug_frame   0x0000000000002090       0x90 /home/bsaleh/gcc-arm/bin/../lib/gcc/arm-none-eabi/6.2.1/../../../../arm-none-eabi/lib/thumb/v7e-m/libg_nano.a(lib_a-nano-vfprintf_float.o)
 .debug_frame   0x0000000000002120       0x60 /home/bsaleh/gcc-arm/bin/../lib/gcc/arm-none-eabi/6.2.1/../../../../arm-none-eabi/lib/thumb/v7e-m/libg_nano.a(lib_a-nano-vfprintf_i.o)
 .debug_frame   0x0000000000002180       0x4c /home/bsaleh/gcc-arm/bin/../lib/gcc/arm-none-eabi/6.2.1/../../../../arm-none-eabi/lib/thumb/v7e-m/libg_nano.a(lib_a-vsnprintf.o)
 .debug_frame   0x00000000000021cc       0x6c /home/bsaleh/gcc-arm/bin/../lib/gcc/arm-none-eabi/6.2.1/../../../../arm-none-eabi/lib/thumb/v7e-m/libg_nano.a(lib_a-dtoa.o)
 .debug_frame   0x0000000000002238       0x40 /home/bsaleh/gcc-arm/bin/../lib/gcc/arm-none-eabi/6.2.1/../../../../arm-none-eabi/lib/thumb/v7e-m/libg_nano.a(lib_a-localeconv.o)
 .debug_frame   0x0000000000002278       0x30 /home/bsaleh/gcc-arm/bin/../lib/gcc/arm-none-eabi/6.2.1/../../../../arm-none-eabi/lib/thumb/v7e-m/libg_nano.a(lib_a-malloc.o)
 .debug_frame   0x00000000000022a8       0x28 /home/bsaleh/gcc-arm/bin/../lib/gcc/arm-none-eabi/6.2.1/../../../../arm-none-eabi/lib/thumb/v7e-m/libg_nano.a(lib_a-memcpy-stub.o)
 .debug_frame   0x00000000000022d0      0x244 /home/bsaleh/gcc-arm/bin/../lib/gcc/arm-none-eabi/6.2.1/../../../../arm-none-eabi/lib/thumb/v7e-m/libg_nano.a(lib_a-mprec.o)
 .debug_frame   0x0000000000002514       0x2c /home/bsaleh/gcc-arm/bin/../lib/gcc/arm-none-eabi/6.2.1/../../../../arm-none-eabi/lib/thumb/v7e-m/libg_nano.a(lib_a-nano-callocr.o)
 .debug_frame   0x0000000000002540       0x38 /home/bsaleh/gcc-arm/bin/../lib/gcc/arm-none-eabi/6.2.1/../../../../arm-none-eabi/lib/thumb/v7e-m/libg_nano.a(lib_a-nano-freer.o)
 .debug_frame   0x0000000000002578       0x2c /home/bsaleh/gcc-arm/bin/../lib/gcc/arm-none-eabi/6.2.1/../../../../arm-none-eabi/lib/thumb/v7e-m/libg_nano.a(lib_a-nano-mallocr.o)
 .debug_frame   0x00000000000025a4       0x90 /home/bsaleh/gcc-arm/bin/../lib/gcc/arm-none-eabi/6.2.1/../../../../arm-none-eabi/lib/thumb/v7e-m/libg_nano.a(lib_a-nano-svfprintf.o)
 .debug_frame   0x0000000000002634       0x2c /home/bsaleh/gcc-arm/bin/../lib/gcc/arm-none-eabi/6.2.1/../../../../arm-none-eabi/lib/thumb/v7e-m/libg_nano.a(lib_a-sbrkr.o)
 .debug_frame   0x0000000000002660       0x68 /home/bsaleh/gcc-arm/bin/../lib/gcc/arm-none-eabi/6.2.1/../../../../arm-none-eabi/lib/thumb/v7e-m/libg_nano.a(lib_a-locale.o)
 .debug_frame   0x00000000000026c8       0x48 /home/bsaleh/gcc-arm/bin/../lib/gcc/arm-none-eabi/6.2.1/../../../../arm-none-eabi/lib/thumb/v7e-m/libg_nano.a(lib_a-mbtowc_r.o)
 .debug_frame   0x0000000000002710       0x28 /home/bsaleh/gcc-arm/bin/../lib/gcc/arm-none-eabi/6.2.1/../../../../arm-none-eabi/lib/thumb/v7e-m/libg_nano.a(lib_a-memmove.o)
 .debug_frame   0x0000000000002738       0x20 /home/bsaleh/gcc-arm/bin/../lib/gcc/arm-none-eabi/6.2.1/../../../../arm-none-eabi/lib/thumb/v7e-m/libg_nano.a(lib_a-memset.o)
 .debug_frame   0x0000000000002758       0x30 /home/bsaleh/gcc-arm/bin/../lib/gcc/arm-none-eabi/6.2.1/../../../../arm-none-eabi/lib/thumb/v7e-m/libg_nano.a(lib_a-mlock.o)
 .debug_frame   0x0000000000002788       0x3c /home/bsaleh/gcc-arm/bin/../lib/gcc/arm-none-eabi/6.2.1/../../../../arm-none-eabi/lib/thumb/v7e-m/libg_nano.a(lib_a-nano-reallocr.o)
 .debug_frame   0x00000000000027c4       0x3c /home/bsaleh/gcc-arm/bin/../lib/gcc/arm-none-eabi/6.2.1/../../../../arm-none-eabi/lib/thumb/v7e-m/libg_nano.a(lib_a-wctomb_r.o)
 .debug_frame   0x0000000000002800       0x20 /home/bsaleh/gcc-arm/bin/../lib/gcc/arm-none-eabi/6.2.1/../../../../arm-none-eabi/lib/thumb/v7e-m/libg_nano.a(lib_a-nano-msizer.o)
 .debug_frame   0x0000000000002820       0x24 /home/bsaleh/gcc-arm/bin/../lib/gcc/arm-none-eabi/6.2.1/thumb/v7e-m/libgcc.a(_arm_fixdfsi.o)

.debug_str      0x0000000000000000    0x8046c
 *(.debug_str)
 .debug_str     0x0000000000000000    0x7897e ./system/Src/stm32f4-hal/stm32f4xx_hal.o
                                      0x78df5 (size before relaxing)
 .debug_str     0x000000000007897e      0x382 ./system/Src/stm32f4-hal/stm32f4xx_hal_cortex.o
                                      0x78c23 (size before relaxing)
 .debug_str     0x0000000000078d00      0x2d7 ./system/Src/stm32f4-hal/stm32f4xx_hal_gpio.o
                                      0x785d2 (size before relaxing)
 .debug_str     0x0000000000078fd7      0xf54 ./system/Src/stm32f4-hal/stm32f4xx_hal_i2c.o
                                      0x791a7 (size before relaxing)
 .debug_str     0x0000000000079f2b      0x19c ./system/Src/stm32f4-hal/stm32f4xx_hal_pwr_ex.o
                                      0x785a6 (size before relaxing)
 .debug_str     0x000000000007a0c7      0x377 ./system/Src/stm32f4-hal/stm32f4xx_hal_rcc.o
                                      0x78765 (size before relaxing)
 .debug_str     0x000000000007a43e      0x570 ./system/Src/stm32f4-hal/stm32f4xx_hal_uart.o
                                      0x78a51 (size before relaxing)
 .debug_str     0x000000000007a9ae     0x10e6 ./system/Src/newlib/_exit.o
                                       0x73a0 (size before relaxing)
 .debug_str     0x000000000007ba94      0x4f5 ./system/Src/newlib/_sbrk.o
                                       0x676b (size before relaxing)
 .debug_str     0x000000000007bf89      0x2c6 ./system/Src/newlib/_startup.o
                                       0x5f90 (size before relaxing)
 .debug_str     0x000000000007c24f      0xe2c ./system/Src/newlib/_syscalls.o
                                       0x75e7 (size before relaxing)
 .debug_str     0x000000000007d07b       0xd7 ./system/Src/newlib/assert.o
                                       0x7eac (size before relaxing)
 .debug_str     0x000000000007d152       0x77 ./system/Src/cortexm/_initialize_hardware.o
                                      0x7826e (size before relaxing)
 .debug_str     0x000000000007d1c9      0x1ce ./system/Src/cortexm/exception_handlers.o
                                      0x79325 (size before relaxing)
 .debug_str     0x000000000007d397       0x46 ./system/Src/cmsis/system_stm32f4xx.o
                                      0x78350 (size before relaxing)
 .debug_str     0x000000000007d3dd       0x59 ./system/Src/cmsis/vectors_stm32f469xx.o
                                       0x30e3 (size before relaxing)
 .debug_str     0x000000000007d436     0x117b ./system/Src/stm32469i_discovery.o
                                      0x7a086 (size before relaxing)
 .debug_str     0x000000000007e5b1       0x31 ./Src/_initialize_hardware.o
                                      0x7846b (size before relaxing)
 .debug_str     0x000000000007e5e2     0x1e09 ./Src/config.o
                                      0x7c7bd (size before relaxing)
 .debug_str     0x00000000000803eb        0xe ./Src/main.o
                                      0x7c3d5 (size before relaxing)
 .debug_str     0x00000000000803f9       0x1b ./Src/stm32f4xx_hal_msp.o
                                      0x7c4f4 (size before relaxing)
 .debug_str     0x0000000000080414       0x58 ./Src/stm32f4xx_it.o
                                      0x7c40a (size before relaxing)

.debug_loc      0x0000000000000000     0x6a2a
 *(.debug_loc)
 .debug_loc     0x0000000000000000       0xbe ./system/Src/stm32f4-hal/stm32f4xx_hal.o
 .debug_loc     0x00000000000000be      0x73b ./system/Src/stm32f4-hal/stm32f4xx_hal_cortex.o
 .debug_loc     0x00000000000007f9      0x593 ./system/Src/stm32f4-hal/stm32f4xx_hal_gpio.o
 .debug_loc     0x0000000000000d8c     0x30d3 ./system/Src/stm32f4-hal/stm32f4xx_hal_i2c.o
 .debug_loc     0x0000000000003e5f      0x272 ./system/Src/stm32f4-hal/stm32f4xx_hal_pwr_ex.o
 .debug_loc     0x00000000000040d1      0x4cd ./system/Src/stm32f4-hal/stm32f4xx_hal_rcc.o
 .debug_loc     0x000000000000459e     0x1264 ./system/Src/stm32f4-hal/stm32f4xx_hal_uart.o
 .debug_loc     0x0000000000005802       0x85 ./system/Src/newlib/_sbrk.o
 .debug_loc     0x0000000000005887      0x2d3 ./system/Src/newlib/_startup.o
 .debug_loc     0x0000000000005b5a       0x63 ./system/Src/newlib/_syscalls.o
 .debug_loc     0x0000000000005bbd       0xc6 ./system/Src/newlib/assert.o
 .debug_loc     0x0000000000005c83      0x13e ./system/Src/cmsis/system_stm32f4xx.o
 .debug_loc     0x0000000000005dc1      0xa8a ./system/Src/stm32469i_discovery.o
 .debug_loc     0x000000000000684b      0x15b ./Src/config.o
 .debug_loc     0x00000000000069a6       0x84 ./Src/stm32f4xx_hal_msp.o

.debug_macinfo
 *(.debug_macinfo)

.debug_weaknames
 *(.debug_weaknames)

.debug_funcnames
 *(.debug_funcnames)

.debug_typenames
 *(.debug_typenames)

.debug_varnames
 *(.debug_varnames)
OUTPUT(I2C_Test.elf elf32-littlearm)

.debug_ranges   0x0000000000000000      0xa50
 .debug_ranges  0x0000000000000000       0xc0 ./system/Src/stm32f4-hal/stm32f4xx_hal.o
 .debug_ranges  0x00000000000000c0       0xe8 ./system/Src/stm32f4-hal/stm32f4xx_hal_cortex.o
 .debug_ranges  0x00000000000001a8       0x48 ./system/Src/stm32f4-hal/stm32f4xx_hal_gpio.o
 .debug_ranges  0x00000000000001f0      0x258 ./system/Src/stm32f4-hal/stm32f4xx_hal_i2c.o
 .debug_ranges  0x0000000000000448       0x60 ./system/Src/stm32f4-hal/stm32f4xx_hal_pwr_ex.o
 .debug_ranges  0x00000000000004a8       0x78 ./system/Src/stm32f4-hal/stm32f4xx_hal_rcc.o
 .debug_ranges  0x0000000000000520      0x158 ./system/Src/stm32f4-hal/stm32f4xx_hal_uart.o
 .debug_ranges  0x0000000000000678       0x18 ./system/Src/newlib/_exit.o
 .debug_ranges  0x0000000000000690       0x10 ./system/Src/newlib/_sbrk.o
 .debug_ranges  0x00000000000006a0       0x90 ./system/Src/newlib/_startup.o
 .debug_ranges  0x0000000000000730       0x20 ./system/Src/newlib/_syscalls.o
 .debug_ranges  0x0000000000000750       0x18 ./system/Src/newlib/assert.o
 .debug_ranges  0x0000000000000768       0x18 ./system/Src/cortexm/_initialize_hardware.o
 .debug_ranges  0x0000000000000780       0x70 ./system/Src/cortexm/exception_handlers.o
 .debug_ranges  0x00000000000007f0       0x18 ./system/Src/cmsis/system_stm32f4xx.o
 .debug_ranges  0x0000000000000808       0x10 ./system/Src/cmsis/vectors_stm32f469xx.o
 .debug_ranges  0x0000000000000818      0x138 ./system/Src/stm32469i_discovery.o
 .debug_ranges  0x0000000000000950       0x18 ./Src/_initialize_hardware.o
 .debug_ranges  0x0000000000000968       0x50 ./Src/config.o
 .debug_ranges  0x00000000000009b8       0x10 ./Src/main.o
 .debug_ranges  0x00000000000009c8       0x28 ./Src/stm32f4xx_hal_msp.o
 .debug_ranges  0x00000000000009f0       0x60 ./Src/stm32f4xx_it.o

.debug_macro    0x0000000000000000    0x1a560
 .debug_macro   0x0000000000000000      0x343 ./system/Src/stm32f4-hal/stm32f4xx_hal.o
 .debug_macro   0x0000000000000343      0x8b6 ./system/Src/stm32f4-hal/stm32f4xx_hal.o
 .debug_macro   0x0000000000000bf9      0x1b2 ./system/Src/stm32f4-hal/stm32f4xx_hal.o
 .debug_macro   0x0000000000000dab       0x31 ./system/Src/stm32f4-hal/stm32f4xx_hal.o
 .debug_macro   0x0000000000000ddc       0x28 ./system/Src/stm32f4-hal/stm32f4xx_hal.o
 .debug_macro   0x0000000000000e04      0x34e ./system/Src/stm32f4-hal/stm32f4xx_hal.o
 .debug_macro   0x0000000000001152       0x35 ./system/Src/stm32f4-hal/stm32f4xx_hal.o
 .debug_macro   0x0000000000001187       0x50 ./system/Src/stm32f4-hal/stm32f4xx_hal.o
 .debug_macro   0x00000000000011d7      0xe66 ./system/Src/stm32f4-hal/stm32f4xx_hal.o
 .debug_macro   0x000000000000203d     0xbbad ./system/Src/stm32f4-hal/stm32f4xx_hal.o
 .debug_macro   0x000000000000dbea       0x43 ./system/Src/stm32f4-hal/stm32f4xx_hal.o
 .debug_macro   0x000000000000dc2d     0x34ef ./system/Src/stm32f4-hal/stm32f4xx_hal.o
 .debug_macro   0x000000000001111c       0x22 ./system/Src/stm32f4-hal/stm32f4xx_hal.o
 .debug_macro   0x000000000001113e       0x4c ./system/Src/stm32f4-hal/stm32f4xx_hal.o
 .debug_macro   0x000000000001118a       0x8d ./system/Src/stm32f4-hal/stm32f4xx_hal.o
 .debug_macro   0x0000000000011217       0x35 ./system/Src/stm32f4-hal/stm32f4xx_hal.o
 .debug_macro   0x000000000001124c       0x9c ./system/Src/stm32f4-hal/stm32f4xx_hal.o
 .debug_macro   0x00000000000112e8       0x16 ./system/Src/stm32f4-hal/stm32f4xx_hal.o
 .debug_macro   0x00000000000112fe       0x57 ./system/Src/stm32f4-hal/stm32f4xx_hal.o
 .debug_macro   0x0000000000011355       0x97 ./system/Src/stm32f4-hal/stm32f4xx_hal.o
 .debug_macro   0x00000000000113ec      0x30d ./system/Src/stm32f4-hal/stm32f4xx_hal.o
 .debug_macro   0x00000000000116f9       0xfd ./system/Src/stm32f4-hal/stm32f4xx_hal.o
 .debug_macro   0x00000000000117f6       0x10 ./system/Src/stm32f4-hal/stm32f4xx_hal.o
 .debug_macro   0x0000000000011806       0x52 ./system/Src/stm32f4-hal/stm32f4xx_hal.o
 .debug_macro   0x0000000000011858       0x1f ./system/Src/stm32f4-hal/stm32f4xx_hal.o
 .debug_macro   0x0000000000011877       0x43 ./system/Src/stm32f4-hal/stm32f4xx_hal.o
 .debug_macro   0x00000000000118ba       0x20 ./system/Src/stm32f4-hal/stm32f4xx_hal.o
 .debug_macro   0x00000000000118da      0x187 ./system/Src/stm32f4-hal/stm32f4xx_hal.o
 .debug_macro   0x0000000000011a61       0x10 ./system/Src/stm32f4-hal/stm32f4xx_hal.o
 .debug_macro   0x0000000000011a71       0x6a ./system/Src/stm32f4-hal/stm32f4xx_hal.o
 .debug_macro   0x0000000000011adb       0x1c ./system/Src/stm32f4-hal/stm32f4xx_hal.o
 .debug_macro   0x0000000000011af7       0x52 ./system/Src/stm32f4-hal/stm32f4xx_hal.o
 .debug_macro   0x0000000000011b49       0x40 ./system/Src/stm32f4-hal/stm32f4xx_hal.o
 .debug_macro   0x0000000000011b89       0x10 ./system/Src/stm32f4-hal/stm32f4xx_hal.o
 .debug_macro   0x0000000000011b99       0x40 ./system/Src/stm32f4-hal/stm32f4xx_hal.o
 .debug_macro   0x0000000000011bd9       0xd7 ./system/Src/stm32f4-hal/stm32f4xx_hal.o
 .debug_macro   0x0000000000011cb0       0x16 ./system/Src/stm32f4-hal/stm32f4xx_hal.o
 .debug_macro   0x0000000000011cc6      0x18b ./system/Src/stm32f4-hal/stm32f4xx_hal.o
 .debug_macro   0x0000000000011e51       0x57 ./system/Src/stm32f4-hal/stm32f4xx_hal.o
 .debug_macro   0x0000000000011ea8      0xdc4 ./system/Src/stm32f4-hal/stm32f4xx_hal.o
 .debug_macro   0x0000000000012c6c      0x9e1 ./system/Src/stm32f4-hal/stm32f4xx_hal.o
 .debug_macro   0x000000000001364d      0x11e ./system/Src/stm32f4-hal/stm32f4xx_hal.o
 .debug_macro   0x000000000001376b      0x192 ./system/Src/stm32f4-hal/stm32f4xx_hal.o
 .debug_macro   0x00000000000138fd       0x27 ./system/Src/stm32f4-hal/stm32f4xx_hal.o
 .debug_macro   0x0000000000013924      0x287 ./system/Src/stm32f4-hal/stm32f4xx_hal.o
 .debug_macro   0x0000000000013bab       0x5f ./system/Src/stm32f4-hal/stm32f4xx_hal.o
 .debug_macro   0x0000000000013c0a      0x23a ./system/Src/stm32f4-hal/stm32f4xx_hal.o
 .debug_macro   0x0000000000013e44      0x13a ./system/Src/stm32f4-hal/stm32f4xx_hal.o
 .debug_macro   0x0000000000013f7e      0x41d ./system/Src/stm32f4-hal/stm32f4xx_hal.o
 .debug_macro   0x000000000001439b       0x2e ./system/Src/stm32f4-hal/stm32f4xx_hal.o
 .debug_macro   0x00000000000143c9      0x1a7 ./system/Src/stm32f4-hal/stm32f4xx_hal.o
 .debug_macro   0x0000000000014570       0x22 ./system/Src/stm32f4-hal/stm32f4xx_hal.o
 .debug_macro   0x0000000000014592       0xa5 ./system/Src/stm32f4-hal/stm32f4xx_hal.o
 .debug_macro   0x0000000000014637      0x11e ./system/Src/stm32f4-hal/stm32f4xx_hal.o
 .debug_macro   0x0000000000014755       0xf0 ./system/Src/stm32f4-hal/stm32f4xx_hal.o
 .debug_macro   0x0000000000014845       0x89 ./system/Src/stm32f4-hal/stm32f4xx_hal.o
 .debug_macro   0x00000000000148ce      0x287 ./system/Src/stm32f4-hal/stm32f4xx_hal.o
 .debug_macro   0x0000000000014b55      0x12c ./system/Src/stm32f4-hal/stm32f4xx_hal.o
 .debug_macro   0x0000000000014c81      0x2f5 ./system/Src/stm32f4-hal/stm32f4xx_hal_cortex.o
 .debug_macro   0x0000000000014f76      0x32d ./system/Src/stm32f4-hal/stm32f4xx_hal_gpio.o
 .debug_macro   0x00000000000152a3      0x33c ./system/Src/stm32f4-hal/stm32f4xx_hal_i2c.o
 .debug_macro   0x00000000000155df      0x30d ./system/Src/stm32f4-hal/stm32f4xx_hal_pwr_ex.o
 .debug_macro   0x00000000000158ec      0x31f ./system/Src/stm32f4-hal/stm32f4xx_hal_rcc.o
 .debug_macro   0x0000000000015c0b      0x2f6 ./system/Src/stm32f4-hal/stm32f4xx_hal_uart.o
 .debug_macro   0x0000000000015f01      0x1a7 ./system/Src/newlib/_exit.o
 .debug_macro   0x00000000000160a8      0x10e ./system/Src/newlib/_exit.o
 .debug_macro   0x00000000000161b6       0x8d ./system/Src/newlib/_exit.o
 .debug_macro   0x0000000000016243       0x35 ./system/Src/newlib/_exit.o
 .debug_macro   0x0000000000016278      0x15c ./system/Src/newlib/_sbrk.o
 .debug_macro   0x00000000000163d4      0x174 ./system/Src/newlib/_sbrk.o
 .debug_macro   0x0000000000016548       0x10 ./system/Src/newlib/_sbrk.o
 .debug_macro   0x0000000000016558      0x23b ./system/Src/newlib/_sbrk.o
 .debug_macro   0x0000000000016793      0x166 ./system/Src/newlib/_startup.o
 .debug_macro   0x00000000000168f9      0x8bc ./system/Src/newlib/_startup.o
 .debug_macro   0x00000000000171b5      0x20a ./system/Src/newlib/_syscalls.o
 .debug_macro   0x00000000000173bf       0x1c ./system/Src/newlib/_syscalls.o
 .debug_macro   0x00000000000173db       0x10 ./system/Src/newlib/_syscalls.o
 .debug_macro   0x00000000000173eb       0x10 ./system/Src/newlib/_syscalls.o
 .debug_macro   0x00000000000173fb       0x10 ./system/Src/newlib/_syscalls.o
 .debug_macro   0x000000000001740b       0x35 ./system/Src/newlib/_syscalls.o
 .debug_macro   0x0000000000017440      0x122 ./system/Src/newlib/_syscalls.o
 .debug_macro   0x0000000000017562       0x88 ./system/Src/newlib/_syscalls.o
 .debug_macro   0x00000000000175ea       0x2b ./system/Src/newlib/_syscalls.o
 .debug_macro   0x0000000000017615      0x118 ./system/Src/newlib/_syscalls.o
 .debug_macro   0x000000000001772d      0x159 ./system/Src/newlib/_syscalls.o
 .debug_macro   0x0000000000017886       0x16 ./system/Src/newlib/_syscalls.o
 .debug_macro   0x000000000001789c      0x1c3 ./system/Src/newlib/assert.o
 .debug_macro   0x0000000000017a5f       0x1c ./system/Src/newlib/assert.o
 .debug_macro   0x0000000000017a7b      0x2ff ./system/Src/cortexm/_initialize_hardware.o
 .debug_macro   0x0000000000017d7a      0x35e ./system/Src/cortexm/exception_handlers.o
 .debug_macro   0x00000000000180d8       0x3b ./system/Src/cortexm/exception_handlers.o
 .debug_macro   0x0000000000018113       0x22 ./system/Src/cortexm/exception_handlers.o